PASS same retained original History VM while a video covers it
PASS original display resolver receives exact same Library BVID/CID cached milliseconds
PASS full original cursor pagination fields preserved
PASS full original history render-key append deduplication
PASS entire original navigation callback keeps CID/resume/vertical/source
PASS original course route preserves season/episode/resume and course flag
PASS original business-aware live/article navigation is not flattened to video
PASS actual sole HistoryRefreshBus reaches retained original History observer
PASS actual original Like protocol consumes requested foreign MID and owner name
PASS actual original Coin archive uses distinct original API with target MID
Error was captured in composition.
java.lang.IllegalStateException: No SetBottomBarVisible provided
	at com.android.purebilibili.core.ui.DesktopFavoriteBottomBarLocalsKt.LocalSetBottomBarVisible$lambda$0(DesktopFavoriteBottomBarLocals.kt:16)
	at kotlin.SynchronizedLazyImpl.getValue(LazyJVM.kt:86)
	at androidx.compose.runtime.LazyValueHolder.getCurrent(ValueHolders.kt:46)
	at androidx.compose.runtime.LazyValueHolder.readValue(ValueHolders.kt:48)
	at androidx.compose.runtime.CompositionLocalMapKt.read(CompositionLocalMap.kt:88)
	at androidx.compose.runtime.GapComposer.consume(GapComposer.kt:1235)
	at com.android.purebilibili.feature.list.CommonListScreenKt.CommonListScreen(CommonListScreen.kt:3521)
	at com.bilipai.desktop.ui.DesktopOriginalPersonalListHostKt.DesktopOriginalPersonalListHost$lambda$3(DesktopOriginalPersonalListHost.kt:58)
	at androidx.compose.runtime.internal.ComposableLambdaImpl.invoke(ComposableLambda.kt:122)
	at androidx.compose.runtime.internal.ComposableLambdaImpl.invoke(ComposableLambda.kt:52)
	at androidx.compose.runtime.CompositionLocalKt.CompositionLocalProvider(CompositionLocal.kt:408)
	at com.bilipai.desktop.ui.DesktopOriginalPersonalListHostKt.DesktopOriginalPersonalListHost(DesktopOriginalPersonalListHost.kt:56)
	at com.bilipai.desktop.ui.PersonalListsFixtureKt.renderOriginalListUi$lambda$10$0$0(PersonalListsFixture.kt:190)
	at androidx.compose.runtime.internal.ComposableLambdaImpl.invoke(ComposableLambda.kt:122)
	at androidx.compose.runtime.internal.ComposableLambdaImpl.invoke(ComposableLambda.kt:52)
	at androidx.compose.runtime.CompositionLocalKt.CompositionLocalProvider(CompositionLocal.kt:408)
	at com.bilipai.desktop.ui.DesktopDetailWindowKt.DesktopDetailWindow$lambda$0(DesktopDetailWindow.kt:39)
	at androidx.compose.runtime.internal.ComposableLambdaImpl.invoke(ComposableLambda.kt:131)
	at androidx.compose.runtime.internal.ComposableLambdaImpl.invoke(ComposableLambda.kt:52)
	at androidx.compose.foundation.layout.BoxWithConstraintsKt.BoxWithConstraints$lambda$0$0$0(BoxWithConstraints.kt:67)
	at androidx.compose.runtime.internal.ComposableLambdaImpl.invoke(ComposableLambda.kt:122)
	at androidx.compose.runtime.internal.ComposableLambdaImpl.invoke(ComposableLambda.kt:52)
	at androidx.compose.ui.layout.LayoutNodeSubcompositionsState.subcompose$lambda$5$0$0(SubcomposeLayout.kt:1769)
	at androidx.compose.runtime.internal.ComposableLambdaImpl.invoke(ComposableLambda.kt:122)
	at androidx.compose.runtime.internal.ComposableLambdaImpl.invoke(ComposableLambda.kt:52)
	at androidx.compose.runtime.internal.Expect_jvmKt.invokeComposable(Expect.jvmAndAndroid.kt:26)
	at androidx.compose.runtime.GapComposer.doCompose-aFTiNEg(GapComposer.kt:2643)
	at androidx.compose.runtime.GapComposer.composeContent--ZbOJvo$runtime(GapComposer.kt:2545)
	at androidx.compose.runtime.CompositionImpl.composeContent(Composition.kt:905)
	at androidx.compose.runtime.Recomposer.composeInitial$runtime(Recomposer.kt:1178)
	at androidx.compose.runtime.GapComposer$CompositionContextImpl.composeInitial$runtime(GapComposer.kt:2987)
	at androidx.compose.runtime.CompositionImpl.composeInitial(Composition.kt:735)
	at androidx.compose.runtime.CompositionImpl.setContent(Composition.kt:702)
	at androidx.compose.ui.layout.LayoutNodeSubcompositionsState.subcompose(SubcomposeLayout.kt:721)
	at androidx.compose.ui.layout.LayoutNodeSubcompositionsState.subcompose(SubcomposeLayout.kt:658)
	at androidx.compose.ui.layout.LayoutNodeSubcompositionsState.subcompose(SubcomposeLayout.kt:624)
	at androidx.compose.ui.layout.LayoutNodeSubcompositionsState$Scope.subcompose(SubcomposeLayout.kt:1353)
	at androidx.compose.foundation.layout.BoxWithConstraintsKt.BoxWithConstraints$lambda$0$0(BoxWithConstraints.kt:67)
	at androidx.compose.ui.layout.LayoutNodeSubcompositionsState$createMeasurePolicy$1.measure-3p2s80s(SubcomposeLayout.kt:955)
	at androidx.compose.ui.node.InnerNodeCoordinator.measure-BRTryo0(InnerNodeCoordinator.kt:130)
	at androidx.compose.foundation.layout.FillNode.measure-3p2s80s(Size.kt:721)
	at androidx.compose.ui.node.LayoutModifierNodeCoordinator.measure-BRTryo0(LayoutModifierNodeCoordinator.kt:190)
	at androidx.compose.ui.node.MeasurePassDelegate.performMeasureBlock$lambda$0(MeasurePassDelegate.kt:174)
	at androidx.compose.runtime.snapshots.SnapshotStateObserver.observeReads(SnapshotStateObserver.kt:730)
	at androidx.compose.ui.node.MeasurePassDelegate.remeasure-BRTryo0(MeasurePassDelegate.kt:1087)
	at androidx.compose.ui.node.MeasurePassDelegate.measure-BRTryo0(MeasurePassDelegate.kt:484)
	at androidx.compose.ui.layout.RootMeasurePolicy.measure-3p2s80s(RootMeasurePolicy.kt:37)
	at androidx.compose.ui.node.InnerNodeCoordinator.measure-BRTryo0(InnerNodeCoordinator.kt:130)
	at androidx.compose.ui.layout.RulerProviderModifierNode.measure-3p2s80s(WindowInsetsRulers.skiko.kt:149)
	at androidx.compose.ui.node.LayoutModifierNodeCoordinator.measure-BRTryo0(LayoutModifierNodeCoordinator.kt:190)
	at androidx.compose.ui.node.MeasurePassDelegate.performMeasureBlock$lambda$0(MeasurePassDelegate.kt:174)
	at androidx.compose.runtime.snapshots.SnapshotStateObserver.observeReads(SnapshotStateObserver.kt:759)
	at androidx.compose.ui.node.MeasurePassDelegate.remeasure-BRTryo0(MeasurePassDelegate.kt:1087)
	at androidx.compose.ui.node.LayoutNode.remeasure-_Sx5XlM$ui(LayoutNode.kt:1288)
	at androidx.compose.ui.node.MeasureAndLayoutDelegate.doRemeasure-sdFAvZA(MeasureAndLayoutDelegate.kt:383)
	at androidx.compose.ui.node.MeasureAndLayoutDelegate.remeasureIfNeeded(MeasureAndLayoutDelegate.kt:674)
	at androidx.compose.ui.node.MeasureAndLayoutDelegate.access$remeasureIfNeeded(MeasureAndLayoutDelegate.kt:46)
	at androidx.compose.ui.node.MeasureAndLayoutDelegate.measureAndLayout(MeasureAndLayoutDelegate.kt:411)
	at androidx.compose.ui.node.RootNodeOwner$OwnerImpl.measureAndLayout(RootNodeOwner.skiko.kt:596)
	at androidx.compose.ui.node.RootNodeOwner.measureAndLayout(RootNodeOwner.skiko.kt:247)
	at androidx.compose.ui.scene.CanvasLayersComposeSceneImpl.doMeasureAndLayout(CanvasLayersComposeScene.skiko.kt:299)
	at androidx.compose.ui.scene.BaseComposeScene.measureAndLayout(BaseComposeScene.skiko.kt:159)
	at androidx.compose.ui.ImageComposeScene.render(ImageComposeScene.skiko.kt:290)
	at com.bilipai.desktop.ui.PersonalListsFixtureKt.renderOriginalListUi$frame(PersonalListsFixture.kt:166)
	at com.bilipai.desktop.ui.PersonalListsFixtureKt.access$renderOriginalListUi$frame(PersonalListsFixture.kt:1)
	at com.bilipai.desktop.ui.PersonalListsFixtureKt$renderOriginalListUi$wait$2.invokeSuspend(PersonalListsFixture.kt:167)
	at com.bilipai.desktop.ui.PersonalListsFixtureKt$renderOriginalListUi$wait$2.invoke(PersonalListsFixture.kt)
	at com.bilipai.desktop.ui.PersonalListsFixtureKt$renderOriginalListUi$wait$2.invoke(PersonalListsFixture.kt)
	at kotlinx.coroutines.intrinsics.UndispatchedKt.startUndspatched(Undispatched.kt:66)
	at kotlinx.coroutines.intrinsics.UndispatchedKt.startUndispatchedOrReturnIgnoreTimeout(Undispatched.kt:50)
	at kotlinx.coroutines.TimeoutKt.setupTimeout(Timeout.kt:149)
	at kotlinx.coroutines.TimeoutKt.withTimeout(Timeout.kt:44)
	at com.bilipai.desktop.ui.PersonalListsFixtureKt.renderOriginalListUi$wait(PersonalListsFixture.kt:167)
	at com.bilipai.desktop.ui.PersonalListsFixtureKt.renderOriginalListUi(PersonalListsFixture.kt:197)
	at com.bilipai.desktop.ui.PersonalListsFixtureKt.access$renderOriginalListUi(PersonalListsFixture.kt:1)
	at com.bilipai.desktop.ui.PersonalListsFixtureKt$main$1$17.invokeSuspend(PersonalListsFixture.kt:125)
	at kotlin.coroutines.jvm.internal.BaseContinuationImpl.resumeWith(ContinuationImpl.kt:34)
	at kotlinx.coroutines.DispatchedTask.run(DispatchedTask.kt:100)
	at java.desktop/java.awt.event.InvocationEvent.dispatch(InvocationEvent.java:318)
	at java.desktop/java.awt.EventQueue.dispatchEventImpl(EventQueue.java:773)
	at java.desktop/java.awt.EventQueue$4.run(EventQueue.java:720)
	at java.desktop/java.awt.EventQueue$4.run(EventQueue.java:714)
	at java.base/java.security.AccessController.doPrivileged(AccessController.java:400)
	at java.base/java.security.ProtectionDomain$JavaSecurityAccessImpl.doIntersectionPrivilege(ProtectionDomain.java:87)
	at java.desktop/java.awt.EventQueue.dispatchEvent(EventQueue.java:742)
	at java.desktop/java.awt.EventDispatchThread.pumpOneEventForFilters(EventDispatchThread.java:203)
	at java.desktop/java.awt.EventDispatchThread.pumpEventsForFilter(EventDispatchThread.java:124)
	at java.desktop/java.awt.EventDispatchThread.pumpEventsForHierarchy(EventDispatchThread.java:113)
	at java.desktop/java.awt.EventDispatchThread.pumpEvents(EventDispatchThread.java:109)
	at java.desktop/java.awt.EventDispatchThread.pumpEvents(EventDispatchThread.java:101)
	at java.desktop/java.awt.EventDispatchThread.run(EventDispatchThread.java:90)
Exception in thread "main" java.lang.IllegalStateException: No SetBottomBarVisible provided
	at com.android.purebilibili.core.ui.DesktopFavoriteBottomBarLocalsKt.LocalSetBottomBarVisible$lambda$0(DesktopFavoriteBottomBarLocals.kt:16)
	at kotlin.SynchronizedLazyImpl.getValue(LazyJVM.kt:86)
	at androidx.compose.runtime.LazyValueHolder.getCurrent(ValueHolders.kt:46)
	at androidx.compose.runtime.LazyValueHolder.readValue(ValueHolders.kt:48)
	at androidx.compose.runtime.CompositionLocalMapKt.read(CompositionLocalMap.kt:88)
	at androidx.compose.runtime.GapComposer.consume(GapComposer.kt:1235)
	at com.android.purebilibili.feature.list.CommonListScreenKt.CommonListScreen(CommonListScreen.kt:3521)
	at com.bilipai.desktop.ui.DesktopOriginalPersonalListHostKt.DesktopOriginalPersonalListHost$lambda$3(DesktopOriginalPersonalListHost.kt:58)
	at androidx.compose.runtime.internal.ComposableLambdaImpl.invoke(ComposableLambda.kt:122)
	at androidx.compose.runtime.internal.ComposableLambdaImpl.invoke(ComposableLambda.kt:52)
	at androidx.compose.runtime.CompositionLocalKt.CompositionLocalProvider(CompositionLocal.kt:408)
	at com.bilipai.desktop.ui.DesktopOriginalPersonalListHostKt.DesktopOriginalPersonalListHost(DesktopOriginalPersonalListHost.kt:56)
	at com.bilipai.desktop.ui.PersonalListsFixtureKt.renderOriginalListUi$lambda$10$0$0(PersonalListsFixture.kt:190)
	at androidx.compose.runtime.internal.ComposableLambdaImpl.invoke(ComposableLambda.kt:122)
	at androidx.compose.runtime.internal.ComposableLambdaImpl.invoke(ComposableLambda.kt:52)
	at androidx.compose.runtime.CompositionLocalKt.CompositionLocalProvider(CompositionLocal.kt:408)
	at com.bilipai.desktop.ui.DesktopDetailWindowKt.DesktopDetailWindow$lambda$0(DesktopDetailWindow.kt:39)
	at androidx.compose.runtime.internal.ComposableLambdaImpl.invoke(ComposableLambda.kt:131)
	at androidx.compose.runtime.internal.ComposableLambdaImpl.invoke(ComposableLambda.kt:52)
	at androidx.compose.foundation.layout.BoxWithConstraintsKt.BoxWithConstraints$lambda$0$0$0(BoxWithConstraints.kt:67)
	at androidx.compose.runtime.internal.ComposableLambdaImpl.invoke(ComposableLambda.kt:122)
	at androidx.compose.runtime.internal.ComposableLambdaImpl.invoke(ComposableLambda.kt:52)
	at androidx.compose.ui.layout.LayoutNodeSubcompositionsState.subcompose$lambda$5$0$0(SubcomposeLayout.kt:1769)
	at androidx.compose.runtime.internal.ComposableLambdaImpl.invoke(ComposableLambda.kt:122)
	at androidx.compose.runtime.internal.ComposableLambdaImpl.invoke(ComposableLambda.kt:52)
	at androidx.compose.runtime.internal.Expect_jvmKt.invokeComposable(Expect.jvmAndAndroid.kt:26)
	at androidx.compose.runtime.GapComposer.doCompose-aFTiNEg(GapComposer.kt:2643)
	at androidx.compose.runtime.GapComposer.composeContent--ZbOJvo$runtime(GapComposer.kt:2545)
	at androidx.compose.runtime.CompositionImpl.composeContent(Composition.kt:905)
	at androidx.compose.runtime.Recomposer.composeInitial$runtime(Recomposer.kt:1178)
	at androidx.compose.runtime.GapComposer$CompositionContextImpl.composeInitial$runtime(GapComposer.kt:2987)
	at androidx.compose.runtime.CompositionImpl.composeInitial(Composition.kt:735)
	at androidx.compose.runtime.CompositionImpl.setContent(Composition.kt:702)
	at androidx.compose.ui.layout.LayoutNodeSubcompositionsState.subcompose(SubcomposeLayout.kt:721)
	at androidx.compose.ui.layout.LayoutNodeSubcompositionsState.subcompose(SubcomposeLayout.kt:658)
	at androidx.compose.ui.layout.LayoutNodeSubcompositionsState.subcompose(SubcomposeLayout.kt:624)
	at androidx.compose.ui.layout.LayoutNodeSubcompositionsState$Scope.subcompose(SubcomposeLayout.kt:1353)
	at androidx.compose.foundation.layout.BoxWithConstraintsKt.BoxWithConstraints$lambda$0$0(BoxWithConstraints.kt:67)
	at androidx.compose.ui.layout.LayoutNodeSubcompositionsState$createMeasurePolicy$1.measure-3p2s80s(SubcomposeLayout.kt:955)
	at androidx.compose.ui.node.InnerNodeCoordinator.measure-BRTryo0(InnerNodeCoordinator.kt:130)
	at androidx.compose.foundation.layout.FillNode.measure-3p2s80s(Size.kt:721)
	at androidx.compose.ui.node.LayoutModifierNodeCoordinator.measure-BRTryo0(LayoutModifierNodeCoordinator.kt:190)
	at androidx.compose.ui.node.MeasurePassDelegate.performMeasureBlock$lambda$0(MeasurePassDelegate.kt:174)
	at androidx.compose.runtime.snapshots.SnapshotStateObserver.observeReads(SnapshotStateObserver.kt:730)
	at androidx.compose.ui.node.MeasurePassDelegate.remeasure-BRTryo0(MeasurePassDelegate.kt:1087)
	at androidx.compose.ui.node.MeasurePassDelegate.measure-BRTryo0(MeasurePassDelegate.kt:484)
	at androidx.compose.ui.layout.RootMeasurePolicy.measure-3p2s80s(RootMeasurePolicy.kt:37)
	at androidx.compose.ui.node.InnerNodeCoordinator.measure-BRTryo0(InnerNodeCoordinator.kt:130)
	at androidx.compose.ui.layout.RulerProviderModifierNode.measure-3p2s80s(WindowInsetsRulers.skiko.kt:149)
	at androidx.compose.ui.node.LayoutModifierNodeCoordinator.measure-BRTryo0(LayoutModifierNodeCoordinator.kt:190)
	at androidx.compose.ui.node.MeasurePassDelegate.performMeasureBlock$lambda$0(MeasurePassDelegate.kt:174)
	at androidx.compose.runtime.snapshots.SnapshotStateObserver.observeReads(SnapshotStateObserver.kt:759)
	at androidx.compose.ui.node.MeasurePassDelegate.remeasure-BRTryo0(MeasurePassDelegate.kt:1087)
	at androidx.compose.ui.node.LayoutNode.remeasure-_Sx5XlM$ui(LayoutNode.kt:1288)
	at androidx.compose.ui.node.MeasureAndLayoutDelegate.doRemeasure-sdFAvZA(MeasureAndLayoutDelegate.kt:383)
	at androidx.compose.ui.node.MeasureAndLayoutDelegate.remeasureIfNeeded(MeasureAndLayoutDelegate.kt:674)
	at androidx.compose.ui.node.MeasureAndLayoutDelegate.access$remeasureIfNeeded(MeasureAndLayoutDelegate.kt:46)
	at androidx.compose.ui.node.MeasureAndLayoutDelegate.measureAndLayout(MeasureAndLayoutDelegate.kt:411)
	at androidx.compose.ui.node.RootNodeOwner$OwnerImpl.measureAndLayout(RootNodeOwner.skiko.kt:596)
	at androidx.compose.ui.node.RootNodeOwner.measureAndLayout(RootNodeOwner.skiko.kt:247)
	at androidx.compose.ui.scene.CanvasLayersComposeSceneImpl.doMeasureAndLayout(CanvasLayersComposeScene.skiko.kt:299)
	at androidx.compose.ui.scene.BaseComposeScene.measureAndLayout(BaseComposeScene.skiko.kt:159)
	at androidx.compose.ui.ImageComposeScene.render(ImageComposeScene.skiko.kt:290)
	at com.bilipai.desktop.ui.PersonalListsFixtureKt.renderOriginalListUi$frame(PersonalListsFixture.kt:166)
	at com.bilipai.desktop.ui.PersonalListsFixtureKt.access$renderOriginalListUi$frame(PersonalListsFixture.kt:1)
	at com.bilipai.desktop.ui.PersonalListsFixtureKt$renderOriginalListUi$wait$2.invokeSuspend(PersonalListsFixture.kt:167)
	at com.bilipai.desktop.ui.PersonalListsFixtureKt$renderOriginalListUi$wait$2.invoke(PersonalListsFixture.kt)
	at com.bilipai.desktop.ui.PersonalListsFixtureKt$renderOriginalListUi$wait$2.invoke(PersonalListsFixture.kt)
	at kotlinx.coroutines.intrinsics.UndispatchedKt.startUndspatched(Undispatched.kt:66)
	at kotlinx.coroutines.intrinsics.UndispatchedKt.startUndispatchedOrReturnIgnoreTimeout(Undispatched.kt:50)
	at kotlinx.coroutines.TimeoutKt.setupTimeout(Timeout.kt:149)
	at kotlinx.coroutines.TimeoutKt.withTimeout(Timeout.kt:44)
	at com.bilipai.desktop.ui.PersonalListsFixtureKt.renderOriginalListUi$wait(PersonalListsFixture.kt:167)
	at com.bilipai.desktop.ui.PersonalListsFixtureKt.renderOriginalListUi(PersonalListsFixture.kt:197)
	at com.bilipai.desktop.ui.PersonalListsFixtureKt.access$renderOriginalListUi(PersonalListsFixture.kt:1)
	at com.bilipai.desktop.ui.PersonalListsFixtureKt$main$1$17.invokeSuspend(PersonalListsFixture.kt:125)
	at kotlin.coroutines.jvm.internal.BaseContinuationImpl.resumeWith(ContinuationImpl.kt:34)
	at kotlinx.coroutines.DispatchedTask.run(DispatchedTask.kt:100)
	at java.desktop/java.awt.event.InvocationEvent.dispatch(InvocationEvent.java:318)
	at java.desktop/java.awt.EventQueue.dispatchEventImpl(EventQueue.java:773)
	at java.desktop/java.awt.EventQueue$4.run(EventQueue.java:720)
	at java.desktop/java.awt.EventQueue$4.run(EventQueue.java:714)
	at java.base/java.security.AccessController.doPrivileged(AccessController.java:400)
	at java.base/java.security.ProtectionDomain$JavaSecurityAccessImpl.doIntersectionPrivilege(ProtectionDomain.java:87)
	at java.desktop/java.awt.EventQueue.dispatchEvent(EventQueue.java:742)
	at java.desktop/java.awt.EventDispatchThread.pumpOneEventForFilters(EventDispatchThread.java:203)
	at java.desktop/java.awt.EventDispatchThread.pumpEventsForFilter(EventDispatchThread.java:124)
	at java.desktop/java.awt.EventDispatchThread.pumpEventsForHierarchy(EventDispatchThread.java:113)
	at java.desktop/java.awt.EventDispatchThread.pumpEvents(EventDispatchThread.java:109)
	at java.desktop/java.awt.EventDispatchThread.pumpEvents(EventDispatchThread.java:101)
	at java.desktop/java.awt.EventDispatchThread.run(EventDispatchThread.java:90)
