Exception in thread "main" java.lang.NoSuchFieldError: Class com.bilipai.desktop.player.cache.DesktopMediaByteCache does not have member field 'int $stable'
	at com.bilipai.desktop.ui.DesktopOriginalVideoByteCacheRequest.<clinit>(DesktopOriginalVideoByteCacheConsumers.kt)
	at com.bilipai.desktop.ui.DesktopOriginalVideoRepositoryBinding.captureMediaBytes$lambda$0(DesktopOriginalVideoRepositoryBinding.kt:182)
	at com.bilipai.desktop.ui.DesktopOriginalVideoRepositoryBinding.read$lambda$0$0(DesktopOriginalVideoRepositoryBinding.kt:56)
	at com.bilipai.desktop.ui.NativeByteFailureProofKt$main$1.invokeSuspend$gate(NativeByteFailureProof.kt:48)
	at com.bilipai.desktop.ui.NativeByteFailureProofKt$main$1.access$invokeSuspend$gate(NativeByteFailureProof.kt)
	at com.bilipai.desktop.ui.NativeByteFailureProofKt$main$1$binding$3.invoke(NativeByteFailureProof.kt:104)
	at com.bilipai.desktop.ui.NativeByteFailureProofKt$main$1$binding$3.invoke(NativeByteFailureProof.kt:104)
	at com.bilipai.desktop.ui.DesktopOriginalVideoRepositoryBinding.read$lambda$0(DesktopOriginalVideoRepositoryBinding.kt:54)
	at com.bilipai.desktop.data.DesktopSessionStore.withPlaybackAuthorizationAdmission$com_bilipai_desktop_bilipai_windows(DesktopSessionStore.kt:85)
	at com.bilipai.desktop.data.DesktopRepository.withPlaybackReceiptAdmission$com_bilipai_desktop_bilipai_windows(DesktopRepository.kt:285)
	at com.bilipai.desktop.ui.DesktopOriginalVideoRepositoryBinding.read(DesktopOriginalVideoRepositoryBinding.kt:52)
	at com.bilipai.desktop.ui.DesktopOriginalVideoRepositoryBinding.captureMediaBytes(DesktopOriginalVideoRepositoryBinding.kt:180)
	at com.bilipai.desktop.ui.NativeByteFailureProofKt$main$1$resolver$1.invokeSuspend(NativeByteFailureProof.kt:166)
	at kotlin.coroutines.jvm.internal.BaseContinuationImpl.resumeWith(ContinuationImpl.kt:34)
	at kotlinx.coroutines.DispatchedTask.run(DispatchedTask.kt:100)
	at kotlinx.coroutines.internal.LimitedDispatcher$Worker.run(LimitedDispatcher.kt:124)
	at kotlinx.coroutines.scheduling.TaskImpl.run(Tasks.kt:89)
	at kotlinx.coroutines.scheduling.CoroutineScheduler.runSafely(CoroutineScheduler.kt:586)
	at kotlinx.coroutines.scheduling.CoroutineScheduler$Worker.executeTask(CoroutineScheduler.kt:820)
	at kotlinx.coroutines.scheduling.CoroutineScheduler$Worker.runWorker(CoroutineScheduler.kt:717)
	at kotlinx.coroutines.scheduling.CoroutineScheduler$Worker.run(CoroutineScheduler.kt:704)
