PASS original default hint/trending/discover bootstrap
PASS original suggestion debounce final keyword
PASS superseded debounce query not requested
PASS cancelled slow suggestion cannot publish after new result
PASS original video search first page
PASS original video WBI/platform params
PASS original video pagination retains unique first/second page
PASS original bili_user initial request
PASS original bili_user current page populated
PASS original bili_user independent pagination
PASS original media_bangumi initial request
PASS original media_bangumi current page populated
PASS original media_bangumi independent pagination
PASS original media_ft initial request
PASS original media_ft current page populated
PASS original media_ft independent pagination
PASS original live_room initial request
PASS original live_room current page populated
PASS original live_room independent pagination
PASS original live_user initial request
PASS original live_user current page populated
PASS original live_user independent pagination
PASS original article initial request
PASS original article current page populated
PASS original article independent pagination
PASS original topic initial request
PASS original topic current page populated
PASS original topic independent pagination
PASS original photo initial request
PASS original photo current page populated
PASS original photo independent pagination
PASS return to original cached VIDEO second page
PASS original sorting restarts same video keyword
PASS original partition/date request params
PASS original duration request param
PASS same existing account history records original searches
PASS original history delete reaches same sole DAO
PASS original confirmed history clear reaches same sole DAO
PASS incognito actual original result still loads
PASS original privacy suppresses persistence
PASS new search session renders fresh result
PASS original activeSearchSessionId/caller rejects late result
PASS same blocked-up owner removes current result
PASS original hot setting same global backing
PASS original discover setting same global backing
PASS grid write uses existing global canonical preference
PASS full original Trending VM initial result
PASS cancelled original Trending refresh retains final ranking
PASS unpublished Root refuses new request/history admission
PASS full original Search landing/history/hot mounted
PASS actual desktop keyboard edits original search query
Error was captured in composition.
java.lang.IllegalStateException: Provide Root's shared DesktopLiquidTabSettings from applicationPluginStore
	at com.bilipai.desktop.settings.DesktopLiquidTabSettingsKt.LocalDesktopLiquidTabSettings$lambda$0(DesktopLiquidTabSettings.kt:30)
	at kotlin.SynchronizedLazyImpl.getValue(LazyJVM.kt:86)
	at androidx.compose.runtime.LazyValueHolder.getCurrent(ValueHolders.kt:46)
	at androidx.compose.runtime.LazyValueHolder.readValue(ValueHolders.kt:48)
	at androidx.compose.runtime.CompositionLocalMapKt.read(CompositionLocalMap.kt:88)
	at androidx.compose.runtime.GapComposer.consume(GapComposer.kt:1235)
	at com.android.purebilibili.feature.home.components.BottomBarLiquidSegmentedControlKt.BottomBarLiquidSegmentedControl-5p-Z5jI(BottomBarLiquidSegmentedControl.kt:762)
	at com.android.purebilibili.feature.search.SearchVideoFilterSheetKt.SearchVideoFilterBar$lambda$5$0(SearchVideoFilterSheet.kt:145)
	at androidx.compose.runtime.internal.ComposableLambdaImpl.invoke(ComposableLambda.kt:131)
	at androidx.compose.runtime.internal.ComposableLambdaImpl.invoke(ComposableLambda.kt:52)
	at androidx.compose.foundation.layout.BoxWithConstraintsKt.BoxWithConstraints$lambda$0$0$0(BoxWithConstraints.kt:67)
	at androidx.compose.runtime.internal.ComposableLambdaImpl.invoke(ComposableLambda.kt:122)
	at androidx.compose.runtime.internal.ComposableLambdaImpl.invoke(ComposableLambda.kt:52)
	at androidx.compose.ui.layout.LayoutNodeSubcompositionsState.subcompose$lambda$5$0$0(SubcomposeLayout.kt:1769)
	at androidx.compose.runtime.internal.ComposableLambdaImpl.invoke(ComposableLambda.kt:122)
	at androidx.compose.runtime.internal.ComposableLambdaImpl.invoke(ComposableLambda.kt:52)
	at androidx.compose.runtime.internal.Expect_jvmKt.invokeComposable(Expect.jvmAndAndroid.kt:26)
	at androidx.compose.runtime.GapComposer.doCompose-aFTiNEg(GapComposer.kt:2643)
	at androidx.compose.runtime.GapComposer.composeContent--ZbOJvo$runtime(GapComposer.kt:2545)
	at androidx.compose.runtime.CompositionImpl.composeContent(Composition.kt:905)
	at androidx.compose.runtime.Recomposer.composeInitial$runtime(Recomposer.kt:1178)
	at androidx.compose.runtime.GapComposer$CompositionContextImpl.composeInitial$runtime(GapComposer.kt:2987)
	at androidx.compose.runtime.GapComposer$CompositionContextImpl.composeInitial$runtime(GapComposer.kt:2987)
	at androidx.compose.runtime.GapComposer$CompositionContextImpl.composeInitial$runtime(GapComposer.kt:2987)
	at androidx.compose.runtime.GapComposer$CompositionContextImpl.composeInitial$runtime(GapComposer.kt:2987)
	at androidx.compose.runtime.CompositionImpl.composeInitial(Composition.kt:735)
	at androidx.compose.runtime.CompositionImpl.setContent(Composition.kt:702)
	at androidx.compose.ui.layout.LayoutNodeSubcompositionsState.subcompose(SubcomposeLayout.kt:721)
	at androidx.compose.ui.layout.LayoutNodeSubcompositionsState.subcompose(SubcomposeLayout.kt:658)
	at androidx.compose.ui.layout.LayoutNodeSubcompositionsState.subcompose(SubcomposeLayout.kt:624)
	at androidx.compose.ui.layout.LayoutNodeSubcompositionsState$Scope.subcompose(SubcomposeLayout.kt:1353)
	at androidx.compose.foundation.layout.BoxWithConstraintsKt.BoxWithConstraints$lambda$0$0(BoxWithConstraints.kt:67)
	at androidx.compose.ui.layout.LayoutNodeSubcompositionsState$createMeasurePolicy$1.measure-3p2s80s(SubcomposeLayout.kt:955)
	at androidx.compose.ui.node.InnerNodeCoordinator.measure-BRTryo0(InnerNodeCoordinator.kt:130)
	at androidx.compose.ui.node.MeasurePassDelegate.performMeasureBlock$lambda$0(MeasurePassDelegate.kt:174)
	at androidx.compose.runtime.snapshots.SnapshotStateObserver.observeReads(SnapshotStateObserver.kt:730)
	at androidx.compose.ui.node.MeasurePassDelegate.remeasure-BRTryo0(MeasurePassDelegate.kt:1087)
	at androidx.compose.ui.node.MeasurePassDelegate.measure-BRTryo0(MeasurePassDelegate.kt:484)
	at androidx.compose.foundation.layout.RowColumnMeasurePolicyKt.measure(RowColumnMeasurePolicy.kt:208)
	at androidx.compose.foundation.layout.RowColumnMeasurePolicyKt.measure$default(RowColumnMeasurePolicy.kt:77)
	at androidx.compose.foundation.layout.RowMeasurePolicy.measure-3p2s80s(Row.kt:142)
	at androidx.compose.ui.node.InnerNodeCoordinator.measure-BRTryo0(InnerNodeCoordinator.kt:130)
	at androidx.compose.foundation.layout.PaddingNode.measure-3p2s80s(Padding.kt:449)
	at androidx.compose.ui.node.LayoutModifierNodeCoordinator.measure-BRTryo0(LayoutModifierNodeCoordinator.kt:190)
	at androidx.compose.foundation.layout.FillNode.measure-3p2s80s(Size.kt:721)
	at androidx.compose.ui.node.LayoutModifierNodeCoordinator.measure-BRTryo0(LayoutModifierNodeCoordinator.kt:190)
	at androidx.compose.ui.node.MeasurePassDelegate.performMeasureBlock$lambda$0(MeasurePassDelegate.kt:174)
	at androidx.compose.runtime.snapshots.SnapshotStateObserver.observeReads(SnapshotStateObserver.kt:730)
	at androidx.compose.ui.node.MeasurePassDelegate.remeasure-BRTryo0(MeasurePassDelegate.kt:1087)
	at androidx.compose.ui.node.MeasurePassDelegate.measure-BRTryo0(MeasurePassDelegate.kt:484)
	at androidx.compose.animation.AnimatedEnterExitMeasurePolicy.measure-3p2s80s(AnimatedVisibility.kt:903)
	at androidx.compose.ui.node.InnerNodeCoordinator.measure-BRTryo0(InnerNodeCoordinator.kt:130)
	at androidx.compose.animation.EnterExitTransitionModifierNode.measure-3p2s80s(EnterExitTransition.kt:1369)
	at androidx.compose.ui.node.LayoutModifierNodeCoordinator.measure-BRTryo0(LayoutModifierNodeCoordinator.kt:190)
	at androidx.compose.ui.graphics.BlockGraphicsLayerModifier.measure-3p2s80s(GraphicsLayerModifier.kt:845)
	at androidx.compose.ui.node.LayoutModifierNodeCoordinator.measure-BRTryo0(LayoutModifierNodeCoordinator.kt:190)
	at androidx.compose.animation.AnimatedVisibilityKt.AnimatedVisibilityImpl$lambda$0$0(AnimatedVisibility.kt:769)
	at androidx.compose.ui.layout.LayoutModifierImpl.measure-3p2s80s(LayoutModifier.kt:278)
	at androidx.compose.ui.node.LayoutModifierNodeCoordinator.measure-BRTryo0(LayoutModifierNodeCoordinator.kt:190)
	at androidx.compose.ui.node.MeasurePassDelegate.performMeasureBlock$lambda$0(MeasurePassDelegate.kt:174)
	at androidx.compose.runtime.snapshots.SnapshotStateObserver.observeReads(SnapshotStateObserver.kt:730)
	at androidx.compose.ui.node.MeasurePassDelegate.remeasure-BRTryo0(MeasurePassDelegate.kt:1087)
	at androidx.compose.ui.node.MeasurePassDelegate.measure-BRTryo0(MeasurePassDelegate.kt:484)
	at com.android.purebilibili.feature.search.SearchScreenKt$SearchScreen$14$1$2$1$1$1.measure-3p2s80s(SearchScreen.kt:1409)
	at androidx.compose.ui.node.InnerNodeCoordinator.measure-BRTryo0(InnerNodeCoordinator.kt:130)
	at androidx.compose.ui.graphics.SimpleGraphicsLayerModifier.measure-3p2s80s(GraphicsLayerModifier.kt:962)
	at androidx.compose.ui.node.LayoutModifierNodeCoordinator.measure-BRTryo0(LayoutModifierNodeCoordinator.kt:190)
	at androidx.compose.ui.node.MeasurePassDelegate.performMeasureBlock$lambda$0(MeasurePassDelegate.kt:174)
	at androidx.compose.runtime.snapshots.SnapshotStateObserver.observeReads(SnapshotStateObserver.kt:730)
	at androidx.compose.ui.node.MeasurePassDelegate.remeasure-BRTryo0(MeasurePassDelegate.kt:1087)
	at androidx.compose.ui.node.MeasurePassDelegate.measure-BRTryo0(MeasurePassDelegate.kt:484)
	at androidx.compose.foundation.layout.BoxMeasurePolicy.measure-3p2s80s(Box.kt:145)
	at androidx.compose.ui.node.InnerNodeCoordinator.measure-BRTryo0(InnerNodeCoordinator.kt:130)
	at androidx.compose.ui.node.MeasurePassDelegate.performMeasureBlock$lambda$0(MeasurePassDelegate.kt:174)
	at androidx.compose.runtime.snapshots.SnapshotStateObserver.observeReads(SnapshotStateObserver.kt:730)
	at androidx.compose.ui.node.MeasurePassDelegate.remeasure-BRTryo0(MeasurePassDelegate.kt:1087)
	at androidx.compose.ui.node.MeasurePassDelegate.measure-BRTryo0(MeasurePassDelegate.kt:484)
	at androidx.compose.material3.ScaffoldKt.ScaffoldLayout_FMILGgc$lambda$1$0(Scaffold.kt:176)
	at androidx.compose.ui.layout.LayoutNodeSubcompositionsState$createMeasurePolicy$1.measure-3p2s80s(SubcomposeLayout.kt:955)
	at androidx.compose.ui.node.InnerNodeCoordinator.measure-BRTryo0(InnerNodeCoordinator.kt:130)
	at androidx.compose.ui.node.MeasurePassDelegate.performMeasureBlock$lambda$0(MeasurePassDelegate.kt:174)
	at androidx.compose.runtime.snapshots.SnapshotStateObserver.observeReads(SnapshotStateObserver.kt:730)
	at androidx.compose.ui.node.MeasurePassDelegate.remeasure-BRTryo0(MeasurePassDelegate.kt:1087)
	at androidx.compose.ui.node.MeasurePassDelegate.measure-BRTryo0(MeasurePassDelegate.kt:484)
	at androidx.compose.foundation.layout.BoxMeasurePolicy.measure-3p2s80s(Box.kt:145)
	at androidx.compose.ui.node.InnerNodeCoordinator.measure-BRTryo0(InnerNodeCoordinator.kt:130)
	at androidx.compose.ui.graphics.SimpleGraphicsLayerModifier.measure-3p2s80s(GraphicsLayerModifier.kt:962)
	at androidx.compose.ui.node.LayoutModifierNodeCoordinator.measure-BRTryo0(LayoutModifierNodeCoordinator.kt:190)
	at androidx.compose.ui.graphics.BlockGraphicsLayerModifier.measure-3p2s80s(GraphicsLayerModifier.kt:845)
	at androidx.compose.ui.node.LayoutModifierNodeCoordinator.measure-BRTryo0(LayoutModifierNodeCoordinator.kt:190)
	at androidx.compose.foundation.layout.FillNode.measure-3p2s80s(Size.kt:721)
	at androidx.compose.ui.node.LayoutModifierNodeCoordinator.measure-BRTryo0(LayoutModifierNodeCoordinator.kt:190)
	at androidx.compose.foundation.layout.FillNode.measure-3p2s80s(Size.kt:721)
	at androidx.compose.ui.node.LayoutModifierNodeCoordinator.measure-BRTryo0(LayoutModifierNodeCoordinator.kt:190)
	at androidx.compose.foundation.layout.SizeNode.measure-3p2s80s(Size.kt:865)
	at androidx.compose.ui.node.LayoutModifierNodeCoordinator.measure-BRTryo0(LayoutModifierNodeCoordinator.kt:190)
	at androidx.compose.foundation.layout.WrapContentNode.measure-3p2s80s(Size.kt:1029)
	at androidx.compose.ui.node.LayoutModifierNodeCoordinator.measure-BRTryo0(LayoutModifierNodeCoordinator.kt:190)
	at androidx.compose.foundation.layout.FillNode.measure-3p2s80s(Size.kt:721)
	at androidx.compose.ui.node.LayoutModifierNodeCoordinator.measure-BRTryo0(LayoutModifierNodeCoordinator.kt:190)
	at androidx.compose.ui.node.MeasurePassDelegate.performMeasureBlock$lambda$0(MeasurePassDelegate.kt:174)
	at androidx.compose.runtime.snapshots.SnapshotStateObserver.observeReads(SnapshotStateObserver.kt:730)
	at androidx.compose.ui.node.MeasurePassDelegate.remeasure-BRTryo0(MeasurePassDelegate.kt:1087)
	at androidx.compose.ui.node.MeasurePassDelegate.measure-BRTryo0(MeasurePassDelegate.kt:484)
	at androidx.compose.foundation.layout.BoxMeasurePolicy.measure-3p2s80s(Box.kt:145)
	at androidx.compose.ui.node.InnerNodeCoordinator.measure-BRTryo0(InnerNodeCoordinator.kt:130)
	at androidx.compose.foundation.layout.PaddingValuesModifier.measure-3p2s80s(Padding.kt:513)
	at androidx.compose.ui.node.LayoutModifierNodeCoordinator.measure-BRTryo0(LayoutModifierNodeCoordinator.kt:190)
	at androidx.compose.foundation.layout.FillNode.measure-3p2s80s(Size.kt:721)
	at androidx.compose.ui.node.LayoutModifierNodeCoordinator.measure-BRTryo0(LayoutModifierNodeCoordinator.kt:190)
	at androidx.compose.ui.node.MeasurePassDelegate.performMeasureBlock$lambda$0(MeasurePassDelegate.kt:174)
	at androidx.compose.runtime.snapshots.SnapshotStateObserver.observeReads(SnapshotStateObserver.kt:759)
	at androidx.compose.ui.node.MeasurePassDelegate.remeasure-BRTryo0(MeasurePassDelegate.kt:1087)
	at androidx.compose.ui.node.LayoutNode.remeasure-_Sx5XlM$ui(LayoutNode.kt:1288)
	at androidx.compose.ui.node.LayoutNode.remeasure-_Sx5XlM$ui$default(LayoutNode.kt:1281)
	at androidx.compose.ui.node.MeasureAndLayoutDelegate.doRemeasure-sdFAvZA(MeasureAndLayoutDelegate.kt:385)
	at androidx.compose.ui.node.MeasureAndLayoutDelegate.remeasureIfNeeded(MeasureAndLayoutDelegate.kt:674)
	at androidx.compose.ui.node.MeasureAndLayoutDelegate.access$remeasureIfNeeded(MeasureAndLayoutDelegate.kt:46)
	at androidx.compose.ui.node.MeasureAndLayoutDelegate.measureAndLayout(MeasureAndLayoutDelegate.kt:411)
	at androidx.compose.ui.node.RootNodeOwner$OwnerImpl.measureAndLayout(RootNodeOwner.skiko.kt:596)
	at androidx.compose.ui.node.RootNodeOwner.measureAndLayout(RootNodeOwner.skiko.kt:247)
	at androidx.compose.ui.scene.CanvasLayersComposeSceneImpl.doMeasureAndLayout(CanvasLayersComposeScene.skiko.kt:299)
	at androidx.compose.ui.scene.BaseComposeScene.measureAndLayout(BaseComposeScene.skiko.kt:159)
	at androidx.compose.ui.ImageComposeScene.render(ImageComposeScene.skiko.kt:290)
	at com.bilipai.desktop.ui.SearchScene.frame(SearchOwnerFixture.kt:91)
	at com.bilipai.desktop.ui.SearchScene.key(SearchOwnerFixture.kt:100)
	at com.bilipai.desktop.ui.SearchOwnerFixtureKt$main$1.invokeSuspend(SearchOwnerFixture.kt:188)
	at kotlin.coroutines.jvm.internal.BaseContinuationImpl.resumeWith(ContinuationImpl.kt:34)
	at kotlinx.coroutines.DispatchedTaskKt.resume(DispatchedTask.kt:233)
	at kotlinx.coroutines.DispatchedTaskKt.dispatch(DispatchedTask.kt:152)
	at kotlinx.coroutines.CancellableContinuationImpl.dispatchResume(CancellableContinuationImpl.kt:470)
	at kotlinx.coroutines.CancellableContinuationImpl.resumeImpl$kotlinx_coroutines_core(CancellableContinuationImpl.kt:504)
	at kotlinx.coroutines.CancellableContinuationImpl.resumeImpl$kotlinx_coroutines_core$default(CancellableContinuationImpl.kt:493)
	at kotlinx.coroutines.CancellableContinuationImpl.resumeUndispatched(CancellableContinuationImpl.kt:596)
	at kotlinx.coroutines.EventLoopImplBase$DelayedResumeTask.run(EventLoop.common.kt:497)
	at kotlinx.coroutines.EventLoopImplBase.processNextEvent(EventLoop.common.kt:263)
	at kotlinx.coroutines.BlockingCoroutine.joinBlocking(Builders.kt:94)
	at kotlinx.coroutines.BuildersKt__BuildersKt.runBlocking(Builders.kt:70)
	at kotlinx.coroutines.BuildersKt.runBlocking(Unknown Source)
	at kotlinx.coroutines.BuildersKt__BuildersKt.runBlocking$default(Builders.kt:48)
	at kotlinx.coroutines.BuildersKt.runBlocking$default(Unknown Source)
	at com.bilipai.desktop.ui.SearchOwnerFixtureKt.main(SearchOwnerFixture.kt:104)
Exception in thread "main" java.lang.IllegalStateException: Provide Root's shared DesktopLiquidTabSettings from applicationPluginStore
	at com.bilipai.desktop.settings.DesktopLiquidTabSettingsKt.LocalDesktopLiquidTabSettings$lambda$0(DesktopLiquidTabSettings.kt:30)
	at kotlin.SynchronizedLazyImpl.getValue(LazyJVM.kt:86)
	at androidx.compose.runtime.LazyValueHolder.getCurrent(ValueHolders.kt:46)
	at androidx.compose.runtime.LazyValueHolder.readValue(ValueHolders.kt:48)
	at androidx.compose.runtime.CompositionLocalMapKt.read(CompositionLocalMap.kt:88)
	at androidx.compose.runtime.GapComposer.consume(GapComposer.kt:1235)
	at com.android.purebilibili.feature.home.components.BottomBarLiquidSegmentedControlKt.BottomBarLiquidSegmentedControl-5p-Z5jI(BottomBarLiquidSegmentedControl.kt:762)
	at com.android.purebilibili.feature.search.SearchVideoFilterSheetKt.SearchVideoFilterBar$lambda$5$0(SearchVideoFilterSheet.kt:145)
	at androidx.compose.runtime.internal.ComposableLambdaImpl.invoke(ComposableLambda.kt:131)
	at androidx.compose.runtime.internal.ComposableLambdaImpl.invoke(ComposableLambda.kt:52)
	at androidx.compose.foundation.layout.BoxWithConstraintsKt.BoxWithConstraints$lambda$0$0$0(BoxWithConstraints.kt:67)
	at androidx.compose.runtime.internal.ComposableLambdaImpl.invoke(ComposableLambda.kt:122)
	at androidx.compose.runtime.internal.ComposableLambdaImpl.invoke(ComposableLambda.kt:52)
	at androidx.compose.ui.layout.LayoutNodeSubcompositionsState.subcompose$lambda$5$0$0(SubcomposeLayout.kt:1769)
	at androidx.compose.runtime.internal.ComposableLambdaImpl.invoke(ComposableLambda.kt:122)
	at androidx.compose.runtime.internal.ComposableLambdaImpl.invoke(ComposableLambda.kt:52)
	at androidx.compose.runtime.internal.Expect_jvmKt.invokeComposable(Expect.jvmAndAndroid.kt:26)
	at androidx.compose.runtime.GapComposer.doCompose-aFTiNEg(GapComposer.kt:2643)
	at androidx.compose.runtime.GapComposer.composeContent--ZbOJvo$runtime(GapComposer.kt:2545)
	at androidx.compose.runtime.CompositionImpl.composeContent(Composition.kt:905)
	at androidx.compose.runtime.Recomposer.composeInitial$runtime(Recomposer.kt:1178)
	at androidx.compose.runtime.GapComposer$CompositionContextImpl.composeInitial$runtime(GapComposer.kt:2987)
	at androidx.compose.runtime.GapComposer$CompositionContextImpl.composeInitial$runtime(GapComposer.kt:2987)
	at androidx.compose.runtime.GapComposer$CompositionContextImpl.composeInitial$runtime(GapComposer.kt:2987)
	at androidx.compose.runtime.GapComposer$CompositionContextImpl.composeInitial$runtime(GapComposer.kt:2987)
	at androidx.compose.runtime.CompositionImpl.composeInitial(Composition.kt:735)
	at androidx.compose.runtime.CompositionImpl.setContent(Composition.kt:702)
	at androidx.compose.ui.layout.LayoutNodeSubcompositionsState.subcompose(SubcomposeLayout.kt:721)
	at androidx.compose.ui.layout.LayoutNodeSubcompositionsState.subcompose(SubcomposeLayout.kt:658)
	at androidx.compose.ui.layout.LayoutNodeSubcompositionsState.subcompose(SubcomposeLayout.kt:624)
	at androidx.compose.ui.layout.LayoutNodeSubcompositionsState$Scope.subcompose(SubcomposeLayout.kt:1353)
	at androidx.compose.foundation.layout.BoxWithConstraintsKt.BoxWithConstraints$lambda$0$0(BoxWithConstraints.kt:67)
	at androidx.compose.ui.layout.LayoutNodeSubcompositionsState$createMeasurePolicy$1.measure-3p2s80s(SubcomposeLayout.kt:955)
	at androidx.compose.ui.node.InnerNodeCoordinator.measure-BRTryo0(InnerNodeCoordinator.kt:130)
	at androidx.compose.ui.node.MeasurePassDelegate.performMeasureBlock$lambda$0(MeasurePassDelegate.kt:174)
	at androidx.compose.runtime.snapshots.SnapshotStateObserver.observeReads(SnapshotStateObserver.kt:730)
	at androidx.compose.ui.node.MeasurePassDelegate.remeasure-BRTryo0(MeasurePassDelegate.kt:1087)
	at androidx.compose.ui.node.MeasurePassDelegate.measure-BRTryo0(MeasurePassDelegate.kt:484)
	at androidx.compose.foundation.layout.RowColumnMeasurePolicyKt.measure(RowColumnMeasurePolicy.kt:208)
	at androidx.compose.foundation.layout.RowColumnMeasurePolicyKt.measure$default(RowColumnMeasurePolicy.kt:77)
	at androidx.compose.foundation.layout.RowMeasurePolicy.measure-3p2s80s(Row.kt:142)
	at androidx.compose.ui.node.InnerNodeCoordinator.measure-BRTryo0(InnerNodeCoordinator.kt:130)
	at androidx.compose.foundation.layout.PaddingNode.measure-3p2s80s(Padding.kt:449)
	at androidx.compose.ui.node.LayoutModifierNodeCoordinator.measure-BRTryo0(LayoutModifierNodeCoordinator.kt:190)
	at androidx.compose.foundation.layout.FillNode.measure-3p2s80s(Size.kt:721)
	at androidx.compose.ui.node.LayoutModifierNodeCoordinator.measure-BRTryo0(LayoutModifierNodeCoordinator.kt:190)
	at androidx.compose.ui.node.MeasurePassDelegate.performMeasureBlock$lambda$0(MeasurePassDelegate.kt:174)
	at androidx.compose.runtime.snapshots.SnapshotStateObserver.observeReads(SnapshotStateObserver.kt:730)
	at androidx.compose.ui.node.MeasurePassDelegate.remeasure-BRTryo0(MeasurePassDelegate.kt:1087)
	at androidx.compose.ui.node.MeasurePassDelegate.measure-BRTryo0(MeasurePassDelegate.kt:484)
	at androidx.compose.animation.AnimatedEnterExitMeasurePolicy.measure-3p2s80s(AnimatedVisibility.kt:903)
	at androidx.compose.ui.node.InnerNodeCoordinator.measure-BRTryo0(InnerNodeCoordinator.kt:130)
	at androidx.compose.animation.EnterExitTransitionModifierNode.measure-3p2s80s(EnterExitTransition.kt:1369)
	at androidx.compose.ui.node.LayoutModifierNodeCoordinator.measure-BRTryo0(LayoutModifierNodeCoordinator.kt:190)
	at androidx.compose.ui.graphics.BlockGraphicsLayerModifier.measure-3p2s80s(GraphicsLayerModifier.kt:845)
	at androidx.compose.ui.node.LayoutModifierNodeCoordinator.measure-BRTryo0(LayoutModifierNodeCoordinator.kt:190)
	at androidx.compose.animation.AnimatedVisibilityKt.AnimatedVisibilityImpl$lambda$0$0(AnimatedVisibility.kt:769)
	at androidx.compose.ui.layout.LayoutModifierImpl.measure-3p2s80s(LayoutModifier.kt:278)
	at androidx.compose.ui.node.LayoutModifierNodeCoordinator.measure-BRTryo0(LayoutModifierNodeCoordinator.kt:190)
	at androidx.compose.ui.node.MeasurePassDelegate.performMeasureBlock$lambda$0(MeasurePassDelegate.kt:174)
	at androidx.compose.runtime.snapshots.SnapshotStateObserver.observeReads(SnapshotStateObserver.kt:730)
	at androidx.compose.ui.node.MeasurePassDelegate.remeasure-BRTryo0(MeasurePassDelegate.kt:1087)
	at androidx.compose.ui.node.MeasurePassDelegate.measure-BRTryo0(MeasurePassDelegate.kt:484)
	at com.android.purebilibili.feature.search.SearchScreenKt$SearchScreen$14$1$2$1$1$1.measure-3p2s80s(SearchScreen.kt:1409)
	at androidx.compose.ui.node.InnerNodeCoordinator.measure-BRTryo0(InnerNodeCoordinator.kt:130)
	at androidx.compose.ui.graphics.SimpleGraphicsLayerModifier.measure-3p2s80s(GraphicsLayerModifier.kt:962)
	at androidx.compose.ui.node.LayoutModifierNodeCoordinator.measure-BRTryo0(LayoutModifierNodeCoordinator.kt:190)
	at androidx.compose.ui.node.MeasurePassDelegate.performMeasureBlock$lambda$0(MeasurePassDelegate.kt:174)
	at androidx.compose.runtime.snapshots.SnapshotStateObserver.observeReads(SnapshotStateObserver.kt:730)
	at androidx.compose.ui.node.MeasurePassDelegate.remeasure-BRTryo0(MeasurePassDelegate.kt:1087)
	at androidx.compose.ui.node.MeasurePassDelegate.measure-BRTryo0(MeasurePassDelegate.kt:484)
	at androidx.compose.foundation.layout.BoxMeasurePolicy.measure-3p2s80s(Box.kt:145)
	at androidx.compose.ui.node.InnerNodeCoordinator.measure-BRTryo0(InnerNodeCoordinator.kt:130)
	at androidx.compose.ui.node.MeasurePassDelegate.performMeasureBlock$lambda$0(MeasurePassDelegate.kt:174)
	at androidx.compose.runtime.snapshots.SnapshotStateObserver.observeReads(SnapshotStateObserver.kt:730)
	at androidx.compose.ui.node.MeasurePassDelegate.remeasure-BRTryo0(MeasurePassDelegate.kt:1087)
	at androidx.compose.ui.node.MeasurePassDelegate.measure-BRTryo0(MeasurePassDelegate.kt:484)
	at androidx.compose.material3.ScaffoldKt.ScaffoldLayout_FMILGgc$lambda$1$0(Scaffold.kt:176)
	at androidx.compose.ui.layout.LayoutNodeSubcompositionsState$createMeasurePolicy$1.measure-3p2s80s(SubcomposeLayout.kt:955)
	at androidx.compose.ui.node.InnerNodeCoordinator.measure-BRTryo0(InnerNodeCoordinator.kt:130)
	at androidx.compose.ui.node.MeasurePassDelegate.performMeasureBlock$lambda$0(MeasurePassDelegate.kt:174)
	at androidx.compose.runtime.snapshots.SnapshotStateObserver.observeReads(SnapshotStateObserver.kt:730)
	at androidx.compose.ui.node.MeasurePassDelegate.remeasure-BRTryo0(MeasurePassDelegate.kt:1087)
	at androidx.compose.ui.node.MeasurePassDelegate.measure-BRTryo0(MeasurePassDelegate.kt:484)
	at androidx.compose.foundation.layout.BoxMeasurePolicy.measure-3p2s80s(Box.kt:145)
	at androidx.compose.ui.node.InnerNodeCoordinator.measure-BRTryo0(InnerNodeCoordinator.kt:130)
	at androidx.compose.ui.graphics.SimpleGraphicsLayerModifier.measure-3p2s80s(GraphicsLayerModifier.kt:962)
	at androidx.compose.ui.node.LayoutModifierNodeCoordinator.measure-BRTryo0(LayoutModifierNodeCoordinator.kt:190)
	at androidx.compose.ui.graphics.BlockGraphicsLayerModifier.measure-3p2s80s(GraphicsLayerModifier.kt:845)
	at androidx.compose.ui.node.LayoutModifierNodeCoordinator.measure-BRTryo0(LayoutModifierNodeCoordinator.kt:190)
	at androidx.compose.foundation.layout.FillNode.measure-3p2s80s(Size.kt:721)
	at androidx.compose.ui.node.LayoutModifierNodeCoordinator.measure-BRTryo0(LayoutModifierNodeCoordinator.kt:190)
	at androidx.compose.foundation.layout.FillNode.measure-3p2s80s(Size.kt:721)
	at androidx.compose.ui.node.LayoutModifierNodeCoordinator.measure-BRTryo0(LayoutModifierNodeCoordinator.kt:190)
	at androidx.compose.foundation.layout.SizeNode.measure-3p2s80s(Size.kt:865)
	at androidx.compose.ui.node.LayoutModifierNodeCoordinator.measure-BRTryo0(LayoutModifierNodeCoordinator.kt:190)
	at androidx.compose.foundation.layout.WrapContentNode.measure-3p2s80s(Size.kt:1029)
	at androidx.compose.ui.node.LayoutModifierNodeCoordinator.measure-BRTryo0(LayoutModifierNodeCoordinator.kt:190)
	at androidx.compose.foundation.layout.FillNode.measure-3p2s80s(Size.kt:721)
	at androidx.compose.ui.node.LayoutModifierNodeCoordinator.measure-BRTryo0(LayoutModifierNodeCoordinator.kt:190)
	at androidx.compose.ui.node.MeasurePassDelegate.performMeasureBlock$lambda$0(MeasurePassDelegate.kt:174)
	at androidx.compose.runtime.snapshots.SnapshotStateObserver.observeReads(SnapshotStateObserver.kt:730)
	at androidx.compose.ui.node.MeasurePassDelegate.remeasure-BRTryo0(MeasurePassDelegate.kt:1087)
	at androidx.compose.ui.node.MeasurePassDelegate.measure-BRTryo0(MeasurePassDelegate.kt:484)
	at androidx.compose.foundation.layout.BoxMeasurePolicy.measure-3p2s80s(Box.kt:145)
	at androidx.compose.ui.node.InnerNodeCoordinator.measure-BRTryo0(InnerNodeCoordinator.kt:130)
	at androidx.compose.foundation.layout.PaddingValuesModifier.measure-3p2s80s(Padding.kt:513)
	at androidx.compose.ui.node.LayoutModifierNodeCoordinator.measure-BRTryo0(LayoutModifierNodeCoordinator.kt:190)
	at androidx.compose.foundation.layout.FillNode.measure-3p2s80s(Size.kt:721)
	at androidx.compose.ui.node.LayoutModifierNodeCoordinator.measure-BRTryo0(LayoutModifierNodeCoordinator.kt:190)
	at androidx.compose.ui.node.MeasurePassDelegate.performMeasureBlock$lambda$0(MeasurePassDelegate.kt:174)
	at androidx.compose.runtime.snapshots.SnapshotStateObserver.observeReads(SnapshotStateObserver.kt:759)
	at androidx.compose.ui.node.MeasurePassDelegate.remeasure-BRTryo0(MeasurePassDelegate.kt:1087)
	at androidx.compose.ui.node.LayoutNode.remeasure-_Sx5XlM$ui(LayoutNode.kt:1288)
	at androidx.compose.ui.node.LayoutNode.remeasure-_Sx5XlM$ui$default(LayoutNode.kt:1281)
	at androidx.compose.ui.node.MeasureAndLayoutDelegate.doRemeasure-sdFAvZA(MeasureAndLayoutDelegate.kt:385)
	at androidx.compose.ui.node.MeasureAndLayoutDelegate.remeasureIfNeeded(MeasureAndLayoutDelegate.kt:674)
	at androidx.compose.ui.node.MeasureAndLayoutDelegate.access$remeasureIfNeeded(MeasureAndLayoutDelegate.kt:46)
	at androidx.compose.ui.node.MeasureAndLayoutDelegate.measureAndLayout(MeasureAndLayoutDelegate.kt:411)
	at androidx.compose.ui.node.RootNodeOwner$OwnerImpl.measureAndLayout(RootNodeOwner.skiko.kt:596)
	at androidx.compose.ui.node.RootNodeOwner.measureAndLayout(RootNodeOwner.skiko.kt:247)
	at androidx.compose.ui.scene.CanvasLayersComposeSceneImpl.doMeasureAndLayout(CanvasLayersComposeScene.skiko.kt:299)
	at androidx.compose.ui.scene.BaseComposeScene.measureAndLayout(BaseComposeScene.skiko.kt:159)
	at androidx.compose.ui.ImageComposeScene.render(ImageComposeScene.skiko.kt:290)
	at com.bilipai.desktop.ui.SearchScene.frame(SearchOwnerFixture.kt:91)
	at com.bilipai.desktop.ui.SearchScene.key(SearchOwnerFixture.kt:100)
	at com.bilipai.desktop.ui.SearchOwnerFixtureKt$main$1.invokeSuspend(SearchOwnerFixture.kt:188)
	at kotlin.coroutines.jvm.internal.BaseContinuationImpl.resumeWith(ContinuationImpl.kt:34)
	at kotlinx.coroutines.DispatchedTaskKt.resume(DispatchedTask.kt:233)
	at kotlinx.coroutines.DispatchedTaskKt.dispatch(DispatchedTask.kt:152)
	at kotlinx.coroutines.CancellableContinuationImpl.dispatchResume(CancellableContinuationImpl.kt:470)
	at kotlinx.coroutines.CancellableContinuationImpl.resumeImpl$kotlinx_coroutines_core(CancellableContinuationImpl.kt:504)
	at kotlinx.coroutines.CancellableContinuationImpl.resumeImpl$kotlinx_coroutines_core$default(CancellableContinuationImpl.kt:493)
	at kotlinx.coroutines.CancellableContinuationImpl.resumeUndispatched(CancellableContinuationImpl.kt:596)
	at kotlinx.coroutines.EventLoopImplBase$DelayedResumeTask.run(EventLoop.common.kt:497)
	at kotlinx.coroutines.EventLoopImplBase.processNextEvent(EventLoop.common.kt:263)
	at kotlinx.coroutines.BlockingCoroutine.joinBlocking(Builders.kt:94)
	at kotlinx.coroutines.BuildersKt__BuildersKt.runBlocking(Builders.kt:70)
	at kotlinx.coroutines.BuildersKt.runBlocking(Unknown Source)
	at kotlinx.coroutines.BuildersKt__BuildersKt.runBlocking$default(Builders.kt:48)
	at kotlinx.coroutines.BuildersKt.runBlocking$default(Unknown Source)
	at com.bilipai.desktop.ui.SearchOwnerFixtureKt.main(SearchOwnerFixture.kt:104)
