work\BiliPai\desktop\.local\stable-home-concrete-mount-parity\prepared\existing\desktop\src\main\kotlin\com\bilipai\desktop\DesktopShell.kt:901:66: warning: elvis operator (?:) always returns the left operand of non-nullable type 'Long'.
                else if (!item.bvid.isNullOrBlank() || (item.aid ?: 0) > 0) openVideo(VideoCard(item.bvid.orEmpty().ifBlank { "av${item.aid}" },
                                                                 ^^^^
work\BiliPai\desktop\.local\stable-home-concrete-mount-parity\prepared\existing\desktop\src\main\kotlin\com\bilipai\desktop\DesktopShell.kt:1084:47: warning: unnecessary non-null assertion (!!) on a non-null receiver of type 'ListenAudioState'.
                title = if (audioTarget) audio!!.current!!.title else if (retainedMedia.current != null) retainedMedia.title else current.details?.title ?: state.sourceTitle,
                                              ^^
work\BiliPai\desktop\.local\stable-home-concrete-mount-parity\prepared\existing\desktop\src\main\kotlin\com\bilipai\desktop\DesktopShell.kt:1085:48: warning: unnecessary non-null assertion (!!) on a non-null receiver of type 'ListenAudioState'.
                artist = if (audioTarget) audio!!.current!!.owner else if (retainedMedia.current != null) "" else current.details?.author.orEmpty(),
                                               ^^
work\BiliPai\desktop\.local\stable-home-concrete-mount-parity\prepared\existing\desktop\src\main\kotlin\com\bilipai\desktop\DesktopShell.kt:1086:49: warning: unnecessary non-null assertion (!!) on a non-null receiver of type 'ListenAudioState'.
                mediaId = if (audioTarget) audio!!.current!!.bvid else if (retainedMedia.current != null) state.sourceTitle else current.details?.bvid ?: state.sourceTitle,
                                                ^^
work\BiliPai\desktop\.local\stable-home-concrete-mount-parity\prepared\existing\desktop\src\main\kotlin\com\bilipai\desktop\DesktopShell.kt:1088:53: warning: unnecessary non-null assertion (!!) on a non-null receiver of type 'ListenAudioState'.
                hasPrevious = if (audioTarget) audio!!.queue.size > 1 && (audio.currentIndex > 0 || preferences.playbackMode in setOf(com.bilipai.desktop.player.PlaybackMode.REPEAT_ALL, com.bilipai.desktop.player.PlaybackMode.SHUFFLE)) else retainedMedia.current?.let { it.previous != null } ?: playback.hasPrevious,
                                                    ^^
work\BiliPai\desktop\.local\stable-home-concrete-mount-parity\prepared\existing\desktop\src\main\kotlin\com\bilipai\desktop\DesktopShell.kt:1089:49: warning: unnecessary non-null assertion (!!) on a non-null receiver of type 'ListenAudioState'.
                hasNext = if (audioTarget) audio!!.queue.size > 1 && (audio.currentIndex < audio.queue.size - 1 || preferences.playbackMode in setOf(com.bilipai.desktop.player.PlaybackMode.REPEAT_ALL, com.bilipai.desktop.player.PlaybackMode.SHUFFLE)) else retainedMedia.current?.let { it.next != null } ?: playback.hasNext,
                                                ^^
work\BiliPai\desktop\.local\stable-home-concrete-mount-parity\prepared\existing\desktop\src\main\kotlin\com\bilipai\desktop\DesktopShell.kt:1246:34: warning: 'fun <T : Component> SwingPanel(background: Color = ..., factory: () -> T, modifier: Modifier = ..., update: (T) -> Unit = ...): Unit' is deprecated. Use overload without `background` parameter. Set the background manually in the factory method.
        if (audioPlayer != null) SwingPanel(factory = { audioPlayer.surface }, background = Color.Transparent, modifier = Modifier.size(1.dp))
                                 ^^^^^^^^^^
work\BiliPai\desktop\.local\stable-home-concrete-mount-parity\prepared\existing\desktop\src\main\kotlin\com\bilipai\desktop\DesktopShell.kt:1249:13: warning: 'fun <T : Component> SwingPanel(background: Color = ..., factory: () -> T, modifier: Modifier = ..., update: (T) -> Unit = ...): Unit' is deprecated. Use overload without `background` parameter. Set the background manually in the factory method.
            SwingPanel(factory={player.surface},background=Color.Transparent,modifier=Modifier.size(1.dp))
            ^^^^^^^^^^
work\BiliPai\desktop\.local\stable-home-concrete-mount-parity\prepared\existing\desktop\src\main\kotlin\com\bilipai\desktop\DesktopShell.kt:1352:119: warning: expression is unused.
                    { expectedEpoch,expectedMid -> authenticationInvalidations.trySend(expectedEpoch to expectedMid); Unit },
                                                                                                                      ^^^^
work\BiliPai\desktop\.local\stable-home-concrete-mount-parity\prepared\existing\desktop\src\main\kotlin\com\bilipai\desktop\DesktopShell.kt:1464:61: warning: unnecessary safe call on a non-null receiver of type 'MpvPlayer'.
                                                    ((player?.state?.value?.positionSeconds ?: 0.0) * 1000L).toLong() else 0L
                                                            ^^
work\BiliPai\desktop\.local\stable-home-concrete-mount-parity\prepared\existing\desktop\src\main\kotlin\com\bilipai\desktop\DesktopShell.kt:1473:80: warning: no cast needed.
                                            initialCommentRootRpid = (entryKey as? BiliPaiNavKey.VideoDetail)?.commentRootRpid ?: 0L,
                                                                               ^^^^^^^^^^^^^^^^^^^^^^^^^^^^^
work\BiliPai\desktop\.local\stable-home-concrete-mount-parity\prepared\existing\desktop\src\main\kotlin\com\bilipai\desktop\DesktopShell.kt:1474:82: warning: no cast needed.
                                            initialCommentTargetRpid = (entryKey as? BiliPaiNavKey.VideoDetail)?.commentTargetRpid ?: 0L,
                                                                                 ^^^^^^^^^^^^^^^^^^^^^^^^^^^^^
work\BiliPai\desktop\.local\stable-home-concrete-mount-parity\prepared\existing\desktop\src\main\kotlin\com\bilipai\desktop\DesktopShell.kt:1475:76: warning: no cast needed.
                                            commentRouteOpenId = (entryKey as? BiliPaiNavKey.VideoDetail)?.openId ?: 0L,
                                                                           ^^^^^^^^^^^^^^^^^^^^^^^^^^^^^
work\BiliPai\desktop\.local\stable-home-concrete-mount-parity\prepared\existing\desktop\src\main\kotlin\com\bilipai\desktop\DesktopShell.kt:1476:105: warning: condition is always 'true'.
                                            auxiliaryContent = if (player != null && danmaku != null && hostWindow != null && commentCid > 0L) ({ owner ->
                                                                                                        ^^^^^^^^^^^^^^^^^^
work\BiliPai\desktop\.local\stable-home-concrete-mount-parity\prepared\existing\desktop\src\main\kotlin\com\bilipai\desktop\DesktopShell.kt:1555:37: warning: condition is always 'false'.
                                if (entry == null || queue == null || !entry.isOwned()) {
                                    ^^^^^^^^^^^^^
work\BiliPai\desktop\.local\stable-home-concrete-mount-parity\prepared\existing\desktop\src\main\kotlin\com\bilipai\desktop\Main.kt:163:20: warning: 'fun painterResource(resourcePath: String): Painter' is deprecated. Migrate to the Compose resources library. See https://www.jetbrains.com/help/kotlin-multiplatform-dev/compose-images-resources.html If you need to load resources specificly from Java classpath, you should still use the new resource library and use a snippet from https://github.com/JetBrains/compose-multiplatform-core/pull/1457.
            icon = painterResource("app-icon.png")
                   ^^^^^^^^^^^^^^^
work\BiliPai\desktop\.local\stable-home-concrete-mount-parity\prepared\existing\desktop\src\main\kotlin\com\bilipai\desktop\data\DesktopRepository.kt:687:32: warning: unnecessary safe call on a non-null receiver of type 'DashVideo'.
                quality = video?.id ?: quality, availableQualities = qualities,
                               ^^
work\BiliPai\desktop\.local\stable-home-concrete-mount-parity\prepared\existing\desktop\src\main\kotlin\com\bilipai\desktop\data\DesktopRepository.kt:688:42: warning: unnecessary safe call on a non-null receiver of type 'DashVideo'.
                videoAlternatives = video?.backupUrl.orEmpty().filter(String::isNotBlank).map(::normalizeUrl),
                                         ^^
work\BiliPai\desktop\.local\stable-home-concrete-mount-parity\prepared\existing\desktop\src\main\kotlin\com\bilipai\desktop\ui\DesktopOriginalRootStack.kt:176:25: warning: 'when' is exhaustive so 'else' is redundant here.
                        else -> error("Unreachable typed Live branch")
                        ^^^^
work\BiliPai\desktop\.local\stable-offline-task-player-parity\prepared\desktop\src\main\kotlin\com\bilipai\desktop\ui\DesktopOfflineTaskPlayerBinding.kt:101:60: warning: expression is unused.
                        { open(previous.id, onOnlinePlay); Unit }
                                                           ^^^^
work\BiliPai\desktop\.local\stable-offline-task-player-parity\prepared\desktop\src\main\kotlin\com\bilipai\desktop\ui\DesktopOfflineTaskPlayerBinding.kt:104:56: warning: expression is unused.
                        { open(next.id, onOnlinePlay); Unit }
                                                       ^^^^
