Error was captured in composition.
java.lang.IllegalStateException: Image preview share requires the actual retained Root owner
	at com.bilipai.desktop.ui.DesktopImagePreviewShareBindingsKt.LocalDesktopImagePreviewShareBindings$lambda$0(DesktopImagePreviewShareBindings.kt:72)
	at kotlin.SynchronizedLazyImpl.getValue(LazyJVM.kt:86)
	at androidx.compose.runtime.LazyValueHolder.getCurrent(ValueHolders.kt:46)
	at androidx.compose.runtime.LazyValueHolder.readValue(ValueHolders.kt:48)
	at androidx.compose.runtime.CompositionLocalMapKt.read(CompositionLocalMap.kt:88)
	at androidx.compose.runtime.GapComposer.consume(GapComposer.kt:1235)
	at com.bilipai.desktop.ui.DesktopOriginalCommentRootBindingsKt.DesktopOriginalCommentRootBindings(DesktopOriginalCommentRootBindings.kt:135)
	at com.bilipai.desktop.DesktopShellKt.DesktopReadyApp$lambda$468$0$19$1$4$1$4(DesktopShell.kt:1441)
	at androidx.compose.runtime.internal.ComposableLambdaImpl.invoke(ComposableLambda.kt:143)
	at androidx.compose.runtime.internal.ComposableLambdaImpl.invoke(ComposableLambda.kt:52)
	at com.bilipai.desktop.ui.DesktopReadyOriginalRootMountKt.DesktopReadyOriginalRootMount$lambda$71$70(DesktopReadyOriginalRootMount.kt:415)
	at androidx.compose.runtime.internal.ComposableLambdaImpl.invoke(ComposableLambda.kt:122)
	at androidx.compose.runtime.internal.ComposableLambdaImpl.invoke(ComposableLambda.kt:52)
	at androidx.compose.runtime.CompositionLocalKt.CompositionLocalProvider(CompositionLocal.kt:408)
	at com.bilipai.desktop.ui.DesktopReadyOriginalRootMountKt.DesktopReadyOriginalRootMount$lambda$71(DesktopReadyOriginalRootMount.kt:397)
	at androidx.compose.runtime.internal.ComposableLambdaImpl.invoke(ComposableLambda.kt:131)
	at androidx.compose.runtime.internal.ComposableLambdaImpl.invoke$lambda$0(ComposableLambda.kt:133)
	at androidx.compose.runtime.RecomposeScopeImpl.compose(RecomposeScopeImpl.kt:204)
	at androidx.compose.runtime.GapComposer.recomposeToGroupEnd(GapComposer.kt:1678)
	at androidx.compose.runtime.GapComposer.skipCurrentGroup(GapComposer.kt:2014)
	at androidx.compose.runtime.GapComposer.doCompose-aFTiNEg(GapComposer.kt:2655)
	at androidx.compose.runtime.GapComposer.recompose-aFTiNEg$runtime(GapComposer.kt:2577)
	at androidx.compose.runtime.CompositionImpl.recompose(Composition.kt:1184)
	at androidx.compose.runtime.Recomposer.performRecompose(Recomposer.kt:1318)
	at androidx.compose.runtime.Recomposer.access$performRecompose(Recomposer.kt:191)
	at androidx.compose.runtime.Recomposer$runRecomposeAndApplyChanges$2.invokeSuspend$lambda$2(Recomposer.kt:655)
	at androidx.compose.runtime.BroadcastFrameClock$FrameAwaiter.resume(BroadcastFrameClock.kt:56)
	at androidx.compose.runtime.BroadcastFrameClock.sendFrame$lambda$0(BroadcastFrameClock.kt:71)
	at androidx.compose.runtime.internal.AwaiterQueue.flushAndDispatchAwaiters(AwaiterQueue.kt:89)
	at androidx.compose.runtime.BroadcastFrameClock.sendFrame(BroadcastFrameClock.kt:71)
	at androidx.compose.ui.platform.FrameRecomposer.performFrame(FrameRecomposer.skiko.kt:150)
	at androidx.compose.ui.scene.SingleComposeSceneRenderingScope.render(SingleComposeSceneRenderingScope.kt:75)
	at androidx.compose.ui.scene.ComposeSceneMediator.onRender$lambda$0$0(ComposeSceneMediator.desktop.kt:733)
	at androidx.compose.ui.viewinterop.SwingInteropContainer.postponingExecutingScheduledUpdates(SwingInteropContainer.desktop.kt:297)
	at androidx.compose.ui.scene.ComposeSceneMediator.onRender(ComposeSceneMediator.desktop.kt:730)
	at org.jetbrains.skiko.SkiaLayer.update$skiko(SkiaLayer.awt.kt:629)
	at org.jetbrains.skiko.redrawer.AWTRedrawer.update(AWTRedrawer.kt:54)
	at org.jetbrains.skiko.redrawer.Redrawer.update$default(Redrawer.kt:15)
	at org.jetbrains.skiko.redrawer.Direct3DRedrawer$frameDispatcher$1.invokeSuspend(Direct3DRedrawer.kt:49)
	at org.jetbrains.skiko.redrawer.Direct3DRedrawer$frameDispatcher$1.invoke(Direct3DRedrawer.kt)
	at org.jetbrains.skiko.redrawer.Direct3DRedrawer$frameDispatcher$1.invoke(Direct3DRedrawer.kt)
	at org.jetbrains.skiko.FrameDispatcher$job$1.invokeSuspend(FrameDispatcher.kt:33)
	at kotlin.coroutines.jvm.internal.BaseContinuationImpl.resumeWith(ContinuationImpl.kt:34)
	at kotlinx.coroutines.DispatchedTask.run(DispatchedTask.kt:100)
	at java.desktop/java.awt.event.InvocationEvent.dispatch(InvocationEvent.java:318)
	at java.desktop/java.awt.EventQueue.dispatchEventImpl(EventQueue.java:773)
	at java.desktop/java.awt.EventQueue$4.run(EventQueue.java:720)
	at java.desktop/java.awt.EventQueue$4.run(EventQueue.java:714)
	at java.base/java.security.AccessController.doPrivileged(AccessController.java:400)
	at java.base/java.security.ProtectionDomain$JavaSecurityAccessImpl.doIntersectionPrivilege(ProtectionDomain.java:87)
	at java.desktop/java.awt.EventQueue.dispatchEvent(EventQueue.java:742)
	at java.desktop/java.awt.EventDispatchThread.pumpOneEventForFilters(EventDispatchThread.java:203)
	at java.desktop/java.awt.EventDispatchThread.pumpEventsForFilter(EventDispatchThread.java:124)
	at java.desktop/java.awt.EventDispatchThread.pumpEventsForHierarchy(EventDispatchThread.java:113)
	at java.desktop/java.awt.EventDispatchThread.pumpEvents(EventDispatchThread.java:109)
	at java.desktop/java.awt.EventDispatchThread.pumpEvents(EventDispatchThread.java:101)
	at java.desktop/java.awt.EventDispatchThread.run(EventDispatchThread.java:90)
Exception in thread "AWT-EventQueue-0" java.lang.IllegalStateException: Image preview share requires the actual retained Root owner
	at com.bilipai.desktop.ui.DesktopImagePreviewShareBindingsKt.LocalDesktopImagePreviewShareBindings$lambda$0(DesktopImagePreviewShareBindings.kt:72)
	at kotlin.SynchronizedLazyImpl.getValue(LazyJVM.kt:86)
	at androidx.compose.runtime.LazyValueHolder.getCurrent(ValueHolders.kt:46)
	at androidx.compose.runtime.LazyValueHolder.readValue(ValueHolders.kt:48)
	at androidx.compose.runtime.CompositionLocalMapKt.read(CompositionLocalMap.kt:88)
	at androidx.compose.runtime.GapComposer.consume(GapComposer.kt:1235)
	at com.bilipai.desktop.ui.DesktopOriginalCommentRootBindingsKt.DesktopOriginalCommentRootBindings(DesktopOriginalCommentRootBindings.kt:135)
	at com.bilipai.desktop.DesktopShellKt.DesktopReadyApp$lambda$468$0$19$1$4$1$4(DesktopShell.kt:1441)
	at androidx.compose.runtime.internal.ComposableLambdaImpl.invoke(ComposableLambda.kt:143)
	at androidx.compose.runtime.internal.ComposableLambdaImpl.invoke(ComposableLambda.kt:52)
	at com.bilipai.desktop.ui.DesktopReadyOriginalRootMountKt.DesktopReadyOriginalRootMount$lambda$71$70(DesktopReadyOriginalRootMount.kt:415)
	at androidx.compose.runtime.internal.ComposableLambdaImpl.invoke(ComposableLambda.kt:122)
	at androidx.compose.runtime.internal.ComposableLambdaImpl.invoke(ComposableLambda.kt:52)
	at androidx.compose.runtime.CompositionLocalKt.CompositionLocalProvider(CompositionLocal.kt:408)
	at com.bilipai.desktop.ui.DesktopReadyOriginalRootMountKt.DesktopReadyOriginalRootMount$lambda$71(DesktopReadyOriginalRootMount.kt:397)
	at androidx.compose.runtime.internal.ComposableLambdaImpl.invoke(ComposableLambda.kt:131)
	at androidx.compose.runtime.internal.ComposableLambdaImpl.invoke$lambda$0(ComposableLambda.kt:133)
	at androidx.compose.runtime.RecomposeScopeImpl.compose(RecomposeScopeImpl.kt:204)
	at androidx.compose.runtime.GapComposer.recomposeToGroupEnd(GapComposer.kt:1678)
	at androidx.compose.runtime.GapComposer.skipCurrentGroup(GapComposer.kt:2014)
	at androidx.compose.runtime.GapComposer.doCompose-aFTiNEg(GapComposer.kt:2655)
	at androidx.compose.runtime.GapComposer.recompose-aFTiNEg$runtime(GapComposer.kt:2577)
	at androidx.compose.runtime.CompositionImpl.recompose(Composition.kt:1184)
	at androidx.compose.runtime.Recomposer.performRecompose(Recomposer.kt:1318)
	at androidx.compose.runtime.Recomposer.access$performRecompose(Recomposer.kt:191)
	at androidx.compose.runtime.Recomposer$runRecomposeAndApplyChanges$2.invokeSuspend$lambda$2(Recomposer.kt:655)
	at androidx.compose.runtime.BroadcastFrameClock$FrameAwaiter.resume(BroadcastFrameClock.kt:56)
	at androidx.compose.runtime.BroadcastFrameClock.sendFrame$lambda$0(BroadcastFrameClock.kt:71)
	at androidx.compose.runtime.internal.AwaiterQueue.flushAndDispatchAwaiters(AwaiterQueue.kt:89)
	at androidx.compose.runtime.BroadcastFrameClock.sendFrame(BroadcastFrameClock.kt:71)
	at androidx.compose.ui.platform.FrameRecomposer.performFrame(FrameRecomposer.skiko.kt:150)
	at androidx.compose.ui.scene.SingleComposeSceneRenderingScope.render(SingleComposeSceneRenderingScope.kt:75)
	at androidx.compose.ui.scene.ComposeSceneMediator.onRender$lambda$0$0(ComposeSceneMediator.desktop.kt:733)
	at androidx.compose.ui.viewinterop.SwingInteropContainer.postponingExecutingScheduledUpdates(SwingInteropContainer.desktop.kt:297)
	at androidx.compose.ui.scene.ComposeSceneMediator.onRender(ComposeSceneMediator.desktop.kt:730)
	at org.jetbrains.skiko.SkiaLayer.update$skiko(SkiaLayer.awt.kt:629)
	at org.jetbrains.skiko.redrawer.AWTRedrawer.update(AWTRedrawer.kt:54)
	at org.jetbrains.skiko.redrawer.Redrawer.update$default(Redrawer.kt:15)
	at org.jetbrains.skiko.redrawer.Direct3DRedrawer$frameDispatcher$1.invokeSuspend(Direct3DRedrawer.kt:49)
	at org.jetbrains.skiko.redrawer.Direct3DRedrawer$frameDispatcher$1.invoke(Direct3DRedrawer.kt)
	at org.jetbrains.skiko.redrawer.Direct3DRedrawer$frameDispatcher$1.invoke(Direct3DRedrawer.kt)
	at org.jetbrains.skiko.FrameDispatcher$job$1.invokeSuspend(FrameDispatcher.kt:33)
	at kotlin.coroutines.jvm.internal.BaseContinuationImpl.resumeWith(ContinuationImpl.kt:34)
	at kotlinx.coroutines.DispatchedTask.run(DispatchedTask.kt:100)
	at java.desktop/java.awt.event.InvocationEvent.dispatch(InvocationEvent.java:318)
	at java.desktop/java.awt.EventQueue.dispatchEventImpl(EventQueue.java:773)
	at java.desktop/java.awt.EventQueue$4.run(EventQueue.java:720)
	at java.desktop/java.awt.EventQueue$4.run(EventQueue.java:714)
	at java.base/java.security.AccessController.doPrivileged(AccessController.java:400)
	at java.base/java.security.ProtectionDomain$JavaSecurityAccessImpl.doIntersectionPrivilege(ProtectionDomain.java:87)
	at java.desktop/java.awt.EventQueue.dispatchEvent(EventQueue.java:742)
	at java.desktop/java.awt.EventDispatchThread.pumpOneEventForFilters(EventDispatchThread.java:203)
	at java.desktop/java.awt.EventDispatchThread.pumpEventsForFilter(EventDispatchThread.java:124)
	at java.desktop/java.awt.EventDispatchThread.pumpEventsForHierarchy(EventDispatchThread.java:113)
	at java.desktop/java.awt.EventDispatchThread.pumpEvents(EventDispatchThread.java:109)
	at java.desktop/java.awt.EventDispatchThread.pumpEvents(EventDispatchThread.java:101)
	at java.desktop/java.awt.EventDispatchThread.run(EventDispatchThread.java:90)
	Suppressed: kotlinx.coroutines.internal.DiagnosticCoroutineContextException: [kotlinx.coroutines.UndispatchedMarker@352e9cae, androidx.compose.ui.scene.ComposeContainer$DesktopCoroutineExceptionHandler@6dba6223, androidx.compose.runtime.BroadcastFrameClock@3697353b, StandaloneCoroutine{Cancelling}@32266382, FlushCoroutineDispatcher@73ac4284]
kotlinx.coroutines.TimeoutCancellationException: Timed out waiting for 35000 ms
	at kotlinx.coroutines.TimeoutKt.TimeoutCancellationException(Timeout.kt:189)
	at kotlinx.coroutines.TimeoutCoroutine.run(Timeout.kt:157)
	at kotlinx.coroutines.EventLoopImplBase$DelayedRunnableTask.run(EventLoop.common.kt:505)
	at kotlinx.coroutines.EventLoopImplBase.processNextEvent(EventLoop.common.kt:263)
	at kotlinx.coroutines.DefaultExecutor.run(DefaultExecutor.kt:105)
	at java.base/java.lang.Thread.run(Thread.java:1583)
Exception in thread "AWT-EventQueue-0" java.lang.IllegalStateException: Original progress writer has not drained
	at com.bilipai.desktop.ui.DesktopOriginalVideoAppResources$closeAndJoin$2.invokeSuspend(DesktopOriginalVideoAppResources.kt:33)
	at kotlin.coroutines.jvm.internal.BaseContinuationImpl.resumeWith(ContinuationImpl.kt:34)
	at kotlinx.coroutines.DispatchedTask.run(DispatchedTask.kt:100)
	at kotlinx.coroutines.internal.LimitedDispatcher$Worker.run(LimitedDispatcher.kt:124)
	at kotlinx.coroutines.scheduling.TaskImpl.run(Tasks.kt:89)
	at kotlinx.coroutines.scheduling.CoroutineScheduler.runSafely(CoroutineScheduler.kt:586)
	at kotlinx.coroutines.scheduling.CoroutineScheduler$Worker.executeTask(CoroutineScheduler.kt:820)
	at kotlinx.coroutines.scheduling.CoroutineScheduler$Worker.runWorker(CoroutineScheduler.kt:717)
	at kotlinx.coroutines.scheduling.CoroutineScheduler$Worker.run(CoroutineScheduler.kt:704)
	Suppressed: kotlinx.coroutines.internal.DiagnosticCoroutineContextException: [StandaloneCoroutine{Cancelling}@11bd8132, Dispatchers.Main]
