desktop\.local\stable-home-navigation3-host-parity\generated\com\android\purebilibili\navigation3\BiliPaiNavDisplayHost.kt:51:52: error: unresolved reference 'LocalPredictiveBackBackgroundState'.
import com.android.purebilibili.core.ui.transition.LocalPredictiveBackBackgroundState
                                                   ^^^^^^^^^^^^^^^^^^^^^^^^^^^^^^^^^^
desktop\.local\stable-home-navigation3-host-parity\generated\com\android\purebilibili\navigation3\BiliPaiNavDisplayHost.kt:52:52: error: unresolved reference 'PredictiveBackBackgroundState'.
import com.android.purebilibili.core.ui.transition.PredictiveBackBackgroundState
                                                   ^^^^^^^^^^^^^^^^^^^^^^^^^^^^^
desktop\.local\stable-home-navigation3-host-parity\generated\com\android\purebilibili\navigation3\BiliPaiNavDisplayHost.kt:54:52: error: unresolved reference 'VideoCardTransitionHostDepthLayer'.
import com.android.purebilibili.core.ui.transition.VideoCardTransitionHostDepthLayer
                                                   ^^^^^^^^^^^^^^^^^^^^^^^^^^^^^^^^^
desktop\.local\stable-home-navigation3-host-parity\generated\com\android\purebilibili\navigation3\BiliPaiNavDisplayHost.kt:63:52: error: unresolved reference 'resolvePredictiveBackGestureBlurProgress'.
import com.android.purebilibili.core.ui.transition.resolvePredictiveBackGestureBlurProgress
                                                   ^^^^^^^^^^^^^^^^^^^^^^^^^^^^^^^^^^^^^^^^
desktop\.local\stable-home-navigation3-host-parity\generated\com\android\purebilibili\navigation3\BiliPaiNavDisplayHost.kt:64:52: error: unresolved reference 'shouldReleaseHostOwnedDepthLayer'.
import com.android.purebilibili.core.ui.transition.shouldReleaseHostOwnedDepthLayer
                                                   ^^^^^^^^^^^^^^^^^^^^^^^^^^^^^^^^
desktop\.local\stable-home-navigation3-host-parity\generated\com\android\purebilibili\navigation3\BiliPaiNavDisplayHost.kt:471:13: error: unresolved reference 'shouldReleaseHostOwnedDepthLayer'.
        if (shouldReleaseHostOwnedDepthLayer(effectiveVideoCardExposure)) {
            ^^^^^^^^^^^^^^^^^^^^^^^^^^^^^^^^
desktop\.local\stable-home-navigation3-host-parity\generated\com\android\purebilibili\navigation3\BiliPaiNavDisplayHost.kt:552:41: error: cannot infer type for type parameter 'T'. Specify it explicitly.
    val predictiveBackBackgroundState = remember(
                                        ^^^^^^^^
desktop\.local\stable-home-navigation3-host-parity\generated\com\android\purebilibili\navigation3\BiliPaiNavDisplayHost.kt:561:9: error: unresolved reference 'PredictiveBackBackgroundState'.
        PredictiveBackBackgroundState(
        ^^^^^^^^^^^^^^^^^^^^^^^^^^^^^
desktop\.local\stable-home-navigation3-host-parity\generated\com\android\purebilibili\navigation3\BiliPaiNavDisplayHost.kt:569:33: error: unresolved reference 'resolvePredictiveBackGestureBlurProgress'.
                        ?.let { resolvePredictiveBackGestureBlurProgress(it) }
                                ^^^^^^^^^^^^^^^^^^^^^^^^^^^^^^^^^^^^^^^^
desktop\.local\stable-home-navigation3-host-parity\generated\com\android\purebilibili\navigation3\BiliPaiNavDisplayHost.kt:656:9: error: unresolved reference 'VideoCardTransitionHostDepthLayer'.
        VideoCardTransitionHostDepthLayer(
        ^^^^^^^^^^^^^^^^^^^^^^^^^^^^^^^^^
desktop\.local\stable-home-navigation3-host-parity\generated\com\android\purebilibili\navigation3\BiliPaiNavDisplayHost.kt:703:25: error: unresolved reference 'LocalPredictiveBackBackgroundState'.
                        LocalPredictiveBackBackgroundState provides predictiveBackBackgroundState,
                        ^^^^^^^^^^^^^^^^^^^^^^^^^^^^^^^^^^
desktop\.local\stable-home-navigation3-host-parity\generated\com\android\purebilibili\navigation3\BiliPaiNavMotionPolicy.kt:3:50: error: unresolved reference 'resolveSettingsNavPopTransition'.
import com.android.purebilibili.feature.settings.resolveSettingsNavPopTransition
                                                 ^^^^^^^^^^^^^^^^^^^^^^^^^^^^^^^
desktop\.local\stable-home-navigation3-host-parity\generated\com\android\purebilibili\navigation3\BiliPaiNavMotionPolicy.kt:168:5: error: unresolved reference 'resolveSettingsNavPopTransition'.
    resolveSettingsNavPopTransition(
    ^^^^^^^^^^^^^^^^^^^^^^^^^^^^^^^
desktop\.local\stable-home-navigation3-host-parity\generated\com\android\purebilibili\navigation3\BiliPaiNavMotionPolicy.kt:172:8: error: cannot infer type for type parameter 'T'. Specify it explicitly.
    )?.let { return it }
       ^^^
desktop\.local\stable-home-navigation3-host-parity\generated\com\android\purebilibili\navigation3\BiliPaiNavMotionPolicy.kt:172:8: error: cannot infer type for type parameter 'R'. Specify it explicitly.
    )?.let { return it }
       ^^^
desktop\.local\stable-home-navigation3-host-parity\generated\com\android\purebilibili\navigation3\BiliPaiNavMotionPolicy.kt:172:12: error: cannot infer type for type parameter 'T'. Specify it explicitly.
    )?.let { return it }
           ^^^^^^^^^^^^^
desktop\.local\stable-home-navigation3-host-parity\prepared\manual\com\bilipai\desktop\ui\DesktopOriginalNavigationHost.kt:53:14: error: unresolved reference 'getVideoTransitionRealtimeBlurEnabled'.
            .getVideoTransitionRealtimeBlurEnabled(environment.context)
             ^^^^^^^^^^^^^^^^^^^^^^^^^^^^^^^^^^^^^
desktop\.local\stable-home-navigation3-host-parity\prepared\manual\com\bilipai\desktop\ui\DesktopOriginalNavigationHost.kt:56:14: error: unresolved reference 'getRelatedVideoTransitionEnabled'.
            .getRelatedVideoTransitionEnabled(environment.context)
             ^^^^^^^^^^^^^^^^^^^^^^^^^^^^^^^^
