PASS Actual idle ordinary Assembly, Section, MPV and Overlay agree
PASS Isolated plugin traverses actual preview, install approval and enable
PASS Actual typed plugin content route admitted
PASS External 0 original menu callback, authority and real first frame agree
FAIL External 0 retains same ordinary Assembly and one native Canvas
java.lang.IllegalStateException: External 0 retains same ordinary Assembly and one native Canvas
	at com.bilipai.desktop.rootexternalfixture.RootExternalFixture.checkThat(RootExternalFixture.kt:177)
	at com.bilipai.desktop.rootexternalfixture.RootExternalFixture.access$checkThat(RootExternalFixture.kt:156)
	at com.bilipai.desktop.rootexternalfixture.RootExternalFixture$exercise$open$5.invokeSuspend(RootExternalFixture.kt:284)
	at kotlin.coroutines.jvm.internal.BaseContinuationImpl.resumeWith(ContinuationImpl.kt:34)
	at kotlinx.coroutines.DispatchedTask.run(DispatchedTask.kt:100)
	at java.desktop/java.awt.event.InvocationEvent.dispatch(InvocationEvent.java:318)
	at java.desktop/java.awt.EventQueue.dispatchEventImpl(EventQueue.java:773)
	at java.desktop/java.awt.EventQueue$4.run(EventQueue.java:720)
	at java.desktop/java.awt.EventQueue$4.run(EventQueue.java:714)
	at java.base/java.security.AccessController.doPrivileged(AccessController.java:400)
	at java.base/java.security.ProtectionDomain$JavaSecurityAccessImpl.doIntersectionPrivilege(ProtectionDomain.java:87)
	at java.desktop/java.awt.EventQueue.dispatchEvent(EventQueue.java:742)
	at java.desktop/java.awt.EventDispatchThread.pumpOneEventForFilters(EventDispatchThread.java:203)
	at java.desktop/java.awt.EventDispatchThread.pumpEventsForFilter(EventDispatchThread.java:124)
	at java.desktop/java.awt.EventDispatchThread.pumpEventsForHierarchy(EventDispatchThread.java:113)
	at java.desktop/java.awt.EventDispatchThread.pumpEvents(EventDispatchThread.java:109)
	at java.desktop/java.awt.EventDispatchThread.pumpEvents(EventDispatchThread.java:101)
	at java.desktop/java.awt.EventDispatchThread.run(EventDispatchThread.java:90)
