PASS actual original controls/Discovery MATERIAL3 LIGHT 800
PASS actual original controls/Discovery MATERIAL3 DARK 960
Exception in thread "main" java.lang.IllegalStateException: Footer action target shrunk: SemanticsConfiguration@34f60be9{ ClearTextSubstitution : AccessibilityAction(label=null, action=androidx.compose.foundation.text.modifiers.TextStringSimpleNode$$Lambda/0x000000ff0c32e7b8@579dde54), GetTextLayoutResult : AccessibilityAction(label=null, action=androidx.compose.foundation.text.modifiers.TextStringSimpleNode$$Lambda/0x000000ff0c326040@30b9728f), SetTextSubstitution : AccessibilityAction(label=null, action=androidx.compose.foundation.text.modifiers.TextStringSimpleNode$$Lambda/0x000000ff0c32e368@6b899971), ShowTextSubstitution : AccessibilityAction(label=null, action=androidx.compose.foundation.text.modifiers.TextStringSimpleNode$$Lambda/0x000000ff0c32e590@453a30f8), Text : [UP 主页] } Rect.fromLTRB(206.0, 977.0, 280.0, 1000.0)
	at com.bilipai.desktop.ui.proof.Ui.actionBounds(UiFixture.kt:62)
	at com.bilipai.desktop.ui.proof.UiFixtureKt.case(UiFixture.kt:133)
	at com.bilipai.desktop.ui.proof.UiFixtureKt.access$case(UiFixture.kt:1)
	at com.bilipai.desktop.ui.proof.UiFixtureKt$case$1.invokeSuspend(UiFixture.kt)
	at kotlin.coroutines.jvm.internal.BaseContinuationImpl.resumeWith(ContinuationImpl.kt:34)
	at kotlinx.coroutines.DispatchedTaskKt.resume(DispatchedTask.kt:233)
	at kotlinx.coroutines.DispatchedTaskKt.dispatch(DispatchedTask.kt:152)
	at kotlinx.coroutines.CancellableContinuationImpl.dispatchResume(CancellableContinuationImpl.kt:470)
	at kotlinx.coroutines.CancellableContinuationImpl.resumeImpl$kotlinx_coroutines_core(CancellableContinuationImpl.kt:504)
	at kotlinx.coroutines.CancellableContinuationImpl.resumeImpl$kotlinx_coroutines_core$default(CancellableContinuationImpl.kt:493)
	at kotlinx.coroutines.CancellableContinuationImpl.resumeUndispatched(CancellableContinuationImpl.kt:596)
	at kotlinx.coroutines.EventLoopImplBase$DelayedResumeTask.run(EventLoop.common.kt:497)
	at kotlinx.coroutines.EventLoopImplBase.processNextEvent(EventLoop.common.kt:263)
	at kotlinx.coroutines.BlockingCoroutine.joinBlocking(Builders.kt:94)
	at kotlinx.coroutines.BuildersKt__BuildersKt.runBlocking(Builders.kt:70)
	at kotlinx.coroutines.BuildersKt.runBlocking(Unknown Source)
	at kotlinx.coroutines.BuildersKt__BuildersKt.runBlocking$default(Builders.kt:48)
	at kotlinx.coroutines.BuildersKt.runBlocking$default(Unknown Source)
	at com.bilipai.desktop.ui.proof.UiFixtureKt.main(UiFixture.kt:225)
