STAGE await reference: actual Shell
STAGE await condition: published actual Root
STAGE await reference: actual Window route provider
STAGE await reference: actual original Space pages owner
STAGE await reference: actual ready Root handle
PASS Actual Root accepts typed Space
STAGE await condition: full original Space has real error/retry content
PASS Physical Root owns original Space environment
PASS Full original Space VM reports actual denied transport
PASS One original VM per retained physical Space entry
STAGE await condition: original Space retry calls same guarded transport
PASS Actual pointer invokes original Space retry
PASS Retry keeps same original Space VM
PASS Actual Settings cover accepted
STAGE await condition: covered Space physical key
PASS Covered Space retains its original VM
PASS Covered Space refuses a new visible mutation
PASS Actual Root returns to Space
STAGE await condition: same original Space restored
PASS Actual typed UpowerRank accepted
STAGE await condition: full original rank page mounted
PASS Original rank retains supplied name/count and real error
PASS Space survives being covered by rank
STAGE await condition: actual rank retry completed
PASS Pointer invokes original rank retry
PASS Pop actual rank accepted
STAGE await condition: popped rank environment retired
PASS Removed rank rejects late state admission
PASS Actual typed MemberGuard accepted
STAGE await condition: full original guard page mounted
Error was captured in composition.
java.util.concurrent.CancellationException: Space entry removed
	at com.bilipai.desktop.ui.DesktopOriginalSpacePagesRoot.entry(DesktopOriginalSpacePagesRoot.kt:30)
	at com.bilipai.desktop.ui.DesktopOriginalSpacePagesRootKt.DesktopOriginalSpacePageRootHost(DesktopOriginalSpacePagesRoot.kt:87)
	at com.bilipai.desktop.DesktopShellKt.DesktopReadyApp$lambda$468$0$19$1$4$1$25$1$4$1$0(DesktopShell.kt:1559)
	at androidx.compose.runtime.internal.ComposableLambdaImpl.invoke(ComposableLambda.kt:122)
	at androidx.compose.runtime.internal.ComposableLambdaImpl.invoke(ComposableLambda.kt:52)
	at androidx.compose.runtime.CompositionLocalKt.CompositionLocalProvider(CompositionLocal.kt:408)
	at com.bilipai.desktop.ui.DesktopDetailWindowKt.DesktopDetailWindow$lambda$0(DesktopDetailWindow.kt:39)
	at androidx.compose.runtime.internal.ComposableLambdaImpl.invoke(ComposableLambda.kt:131)
	at androidx.compose.runtime.internal.ComposableLambdaImpl.invoke(ComposableLambda.kt:52)
	at androidx.compose.foundation.layout.BoxWithConstraintsKt.BoxWithConstraints$lambda$0$0$0(BoxWithConstraints.kt:67)
	at androidx.compose.runtime.internal.ComposableLambdaImpl.invoke(ComposableLambda.kt:122)
	at androidx.compose.runtime.internal.ComposableLambdaImpl.invoke(ComposableLambda.kt:52)
	at androidx.compose.ui.layout.LayoutNodeSubcompositionsState.subcompose$lambda$5$0$0(SubcomposeLayout.kt:1769)
	at androidx.compose.runtime.internal.ComposableLambdaImpl.invoke(ComposableLambda.kt:122)
	at androidx.compose.runtime.internal.ComposableLambdaImpl.invoke(ComposableLambda.kt:52)
	at androidx.compose.runtime.internal.Expect_jvmKt.invokeComposable(Expect.jvmAndAndroid.kt:26)
	at androidx.compose.runtime.GapComposer.doCompose-aFTiNEg(GapComposer.kt:2652)
	at androidx.compose.runtime.GapComposer.recompose-aFTiNEg$runtime(GapComposer.kt:2577)
	at androidx.compose.runtime.CompositionImpl.recompose(Composition.kt:1184)
	at androidx.compose.runtime.Recomposer.performRecompose(Recomposer.kt:1318)
	at androidx.compose.runtime.Recomposer.access$performRecompose(Recomposer.kt:191)
	at androidx.compose.runtime.Recomposer$runRecomposeAndApplyChanges$2.invokeSuspend$lambda$2(Recomposer.kt:655)
	at androidx.compose.runtime.BroadcastFrameClock$FrameAwaiter.resume(BroadcastFrameClock.kt:56)
	at androidx.compose.runtime.BroadcastFrameClock.sendFrame$lambda$0(BroadcastFrameClock.kt:71)
	at androidx.compose.runtime.internal.AwaiterQueue.flushAndDispatchAwaiters(AwaiterQueue.kt:89)
	at androidx.compose.runtime.BroadcastFrameClock.sendFrame(BroadcastFrameClock.kt:71)
	at androidx.compose.ui.platform.FrameRecomposer.performFrame(FrameRecomposer.skiko.kt:150)
	at androidx.compose.ui.scene.SingleComposeSceneRenderingScope.render(SingleComposeSceneRenderingScope.kt:75)
	at androidx.compose.ui.scene.ComposeSceneMediator.onRender$lambda$0$0(ComposeSceneMediator.desktop.kt:733)
	at androidx.compose.ui.viewinterop.SwingInteropContainer.postponingExecutingScheduledUpdates(SwingInteropContainer.desktop.kt:297)
	at androidx.compose.ui.scene.ComposeSceneMediator.onRender(ComposeSceneMediator.desktop.kt:730)
	at org.jetbrains.skiko.SkiaLayer.update$skiko(SkiaLayer.awt.kt:629)
	at org.jetbrains.skiko.redrawer.AWTRedrawer.update(AWTRedrawer.kt:54)
	at org.jetbrains.skiko.redrawer.Redrawer.update$default(Redrawer.kt:15)
	at org.jetbrains.skiko.redrawer.AbstractDirectSoftwareRedrawer$frameDispatcher$1.invokeSuspend(AbstractDirectSoftwareRedrawer.kt:25)
	at kotlin.coroutines.jvm.internal.BaseContinuationImpl.resumeWith(ContinuationImpl.kt:34)
	at kotlinx.coroutines.DispatchedTask.run(DispatchedTask.kt:100)
	at java.desktop/java.awt.event.InvocationEvent.dispatch(InvocationEvent.java:318)
	at java.desktop/java.awt.EventQueue.dispatchEventImpl(EventQueue.java:773)
	at java.desktop/java.awt.EventQueue$4.run(EventQueue.java:720)
	at java.desktop/java.awt.EventQueue$4.run(EventQueue.java:714)
	at java.base/java.security.AccessController.doPrivileged(AccessController.java:400)
	at java.base/java.security.ProtectionDomain$JavaSecurityAccessImpl.doIntersectionPrivilege(ProtectionDomain.java:87)
	at java.desktop/java.awt.EventQueue.dispatchEvent(EventQueue.java:742)
	at java.desktop/java.awt.EventDispatchThread.pumpOneEventForFilters(EventDispatchThread.java:203)
	at java.desktop/java.awt.EventDispatchThread.pumpEventsForFilter(EventDispatchThread.java:124)
	at java.desktop/java.awt.EventDispatchThread.pumpEventsForHierarchy(EventDispatchThread.java:113)
	at java.desktop/java.awt.EventDispatchThread.pumpEvents(EventDispatchThread.java:109)
	at java.desktop/java.awt.EventDispatchThread.pumpEvents(EventDispatchThread.java:101)
	at java.desktop/java.awt.EventDispatchThread.run(EventDispatchThread.java:90)
kotlinx.coroutines.TimeoutCancellationException: Timed out waiting for 35000 ms
	at kotlinx.coroutines.TimeoutKt.TimeoutCancellationException(Timeout.kt:189)
	at kotlinx.coroutines.TimeoutCoroutine.run(Timeout.kt:157)
	at kotlinx.coroutines.EventLoopImplBase$DelayedRunnableTask.run(EventLoop.common.kt:505)
	at kotlinx.coroutines.EventLoopImplBase.processNextEvent(EventLoop.common.kt:263)
	at kotlinx.coroutines.DefaultExecutor.run(DefaultExecutor.kt:105)
	at java.base/java.lang.Thread.run(Thread.java:1583)
