Error was captured in composition.
java.lang.IllegalStateException: Required value was null.
	at com.android.purebilibili.core.ui.skeleton.DesktopOriginalReplySkeletonBreathingKt.rememberSkeletonBreathingEnabled(DesktopOriginalReplySkeletonBreathing.kt:21)
	at com.android.purebilibili.core.ui.skeleton.DesktopOriginalReplyLoadingSkeletonsKt.rememberContentSkeletonPulse(DesktopOriginalReplyLoadingSkeletons.kt:20)
	at com.android.purebilibili.core.ui.skeleton.DesktopOriginalMediaListSkeletonKt.ContentMediaListSkeleton-9sN9VHs(DesktopOriginalMediaListSkeleton.kt:145)
	at com.android.purebilibili.feature.message.InboxScreenKt.InboxScreen$lambda$15(InboxScreen.kt:105)
	at androidx.compose.runtime.internal.ComposableLambdaImpl.invoke(ComposableLambda.kt:131)
	at androidx.compose.runtime.internal.ComposableLambdaImpl.invoke(ComposableLambda.kt:52)
	at com.android.purebilibili.core.ui.ImmersiveAppScaffoldKt.ImmersiveAppScaffold_uhEuKqE$lambda$2(ImmersiveAppScaffold.kt:146)
	at androidx.compose.runtime.internal.ComposableLambdaImpl.invoke(ComposableLambda.kt:131)
	at androidx.compose.runtime.internal.ComposableLambdaImpl.invoke$lambda$0(ComposableLambda.kt:133)
	at androidx.compose.runtime.RecomposeScopeImpl.compose(RecomposeScopeImpl.kt:204)
	at androidx.compose.runtime.GapComposer.recomposeToGroupEnd(GapComposer.kt:1678)
	at androidx.compose.runtime.GapComposer.skipCurrentGroup(GapComposer.kt:2014)
	at androidx.compose.runtime.GapComposer.doCompose-aFTiNEg(GapComposer.kt:2655)
	at androidx.compose.runtime.GapComposer.recompose-aFTiNEg$runtime(GapComposer.kt:2577)
	at androidx.compose.runtime.CompositionImpl.recompose(Composition.kt:1184)
	at androidx.compose.runtime.Recomposer.performRecompose(Recomposer.kt:1318)
	at androidx.compose.runtime.Recomposer.access$performRecompose(Recomposer.kt:191)
	at androidx.compose.runtime.Recomposer$runRecomposeAndApplyChanges$2.invokeSuspend$lambda$2(Recomposer.kt:655)
	at androidx.compose.runtime.BroadcastFrameClock$FrameAwaiter.resume(BroadcastFrameClock.kt:56)
	at androidx.compose.runtime.BroadcastFrameClock.sendFrame$lambda$0(BroadcastFrameClock.kt:71)
	at androidx.compose.runtime.internal.AwaiterQueue.flushAndDispatchAwaiters(AwaiterQueue.kt:89)
	at androidx.compose.runtime.BroadcastFrameClock.sendFrame(BroadcastFrameClock.kt:71)
	at androidx.compose.ui.platform.FrameRecomposer.performFrame(FrameRecomposer.skiko.kt:150)
	at androidx.compose.ui.ImageComposeScene.render(ImageComposeScene.skiko.kt:289)
	at com.bilipai.desktop.ui.MessageUi.frame(DesktopOriginalMessagePagesUiFixture.kt:32)
	at com.bilipai.desktop.ui.MessageUi.click(DesktopOriginalMessagePagesUiFixture.kt:40)
	at com.bilipai.desktop.ui.MessageUi$click$1.invokeSuspend(DesktopOriginalMessagePagesUiFixture.kt)
	at kotlin.coroutines.jvm.internal.BaseContinuationImpl.resumeWith(ContinuationImpl.kt:34)
	at kotlinx.coroutines.DispatchedTaskKt.resume(DispatchedTask.kt:233)
	at kotlinx.coroutines.DispatchedTaskKt.dispatch(DispatchedTask.kt:152)
	at kotlinx.coroutines.CancellableContinuationImpl.dispatchResume(CancellableContinuationImpl.kt:470)
	at kotlinx.coroutines.CancellableContinuationImpl.resumeImpl$kotlinx_coroutines_core(CancellableContinuationImpl.kt:504)
	at kotlinx.coroutines.CancellableContinuationImpl.resumeImpl$kotlinx_coroutines_core$default(CancellableContinuationImpl.kt:493)
	at kotlinx.coroutines.CancellableContinuationImpl.resumeUndispatched(CancellableContinuationImpl.kt:596)
	at kotlinx.coroutines.EventLoopImplBase$DelayedResumeTask.run(EventLoop.common.kt:497)
	at kotlinx.coroutines.EventLoopImplBase.processNextEvent(EventLoop.common.kt:263)
	at kotlinx.coroutines.BlockingCoroutine.joinBlocking(Builders.kt:94)
	at kotlinx.coroutines.BuildersKt__BuildersKt.runBlocking(Builders.kt:70)
	at kotlinx.coroutines.BuildersKt.runBlocking(Unknown Source)
	at kotlinx.coroutines.BuildersKt__BuildersKt.runBlocking$default(Builders.kt:48)
	at kotlinx.coroutines.BuildersKt.runBlocking$default(Unknown Source)
	at com.bilipai.desktop.ui.DesktopOriginalMessagePagesUiFixtureKt.main(DesktopOriginalMessagePagesUiFixture.kt:46)
Exception in thread "main" java.lang.IllegalStateException: [java.lang.IllegalStateException: Required value was null.]
	at com.bilipai.desktop.ui.MessageUi.frame(DesktopOriginalMessagePagesUiFixture.kt:32)
	at com.bilipai.desktop.ui.MessageUi$frame$1.invokeSuspend(DesktopOriginalMessagePagesUiFixture.kt)
	at kotlin.coroutines.jvm.internal.BaseContinuationImpl.resumeWith(ContinuationImpl.kt:34)
	at kotlinx.coroutines.DispatchedTaskKt.resume(DispatchedTask.kt:233)
	at kotlinx.coroutines.DispatchedTaskKt.dispatch(DispatchedTask.kt:152)
	at kotlinx.coroutines.CancellableContinuationImpl.dispatchResume(CancellableContinuationImpl.kt:470)
	at kotlinx.coroutines.CancellableContinuationImpl.resumeImpl$kotlinx_coroutines_core(CancellableContinuationImpl.kt:504)
	at kotlinx.coroutines.CancellableContinuationImpl.resumeImpl$kotlinx_coroutines_core$default(CancellableContinuationImpl.kt:493)
	at kotlinx.coroutines.CancellableContinuationImpl.resumeUndispatched(CancellableContinuationImpl.kt:596)
	at kotlinx.coroutines.EventLoopImplBase$DelayedResumeTask.run(EventLoop.common.kt:497)
	at kotlinx.coroutines.EventLoopImplBase.processNextEvent(EventLoop.common.kt:263)
	at kotlinx.coroutines.BlockingCoroutine.joinBlocking(Builders.kt:94)
	at kotlinx.coroutines.BuildersKt__BuildersKt.runBlocking(Builders.kt:70)
	at kotlinx.coroutines.BuildersKt.runBlocking(Unknown Source)
	at kotlinx.coroutines.BuildersKt__BuildersKt.runBlocking$default(Builders.kt:48)
	at kotlinx.coroutines.BuildersKt.runBlocking$default(Unknown Source)
	at com.bilipai.desktop.ui.DesktopOriginalMessagePagesUiFixtureKt.main(DesktopOriginalMessagePagesUiFixture.kt:46)
