{
  "upstreamTag": "v0.2.3-alpha.9",
  "upstreamCommit": "fcf84853b287662e8a9129ea0d38576c36522a34",
  "windowsSourceCommit": "416d5e36fb48dfc495388adfed10356a85351e99",
  "workingTreeDirty": true,
  "adoptedSourceCount": 433,
  "adoptionModes": {
    "direct": 296,
    "api-extract": 1,
    "policy-extract": 64,
    "extracted": 47,
    "platform-rewrite": 11,
    "platform-adapter-reference": 12,
    "reference-only": 2
  },
  "adoptedResourceCount": 210,
  "resourceHashesVerified": true,
  "apiInterfacesVerbatim": true,
  "apiMethodCount": 303,
  "responseFiles": {
    "upstreamCount": 45,
    "adoptedCount": 45,
    "unadopted": []
  },
  "acceptanceMatrix": "desktop/PARITY.md",
  "fullFunctionalParityVerified": false
}
