PASS acceptedWriterDrainsBeforeFinalSnapshotAndCloseReturns
PASS accountStoreBarrierDoesNotCloseOtherAccountFile
PASS actualSessionCloseRejectsCancelledScopeWriterAfterRestore
PASS cancelledQueuedIoCannotOverwriteActualRestoredArchive
PASS failedFinalAtomicWriteStillRetiresOldFacade
PASS normalSessionCloseKeepsLastStateDespitePendingDebounce
PASS ordinaryCloseDoesNotGloballyRetireNewRememberedStoreForSamePath
PASS originalAudioRecentAndResumeRemainUnconditionalUnderPrivacyMode
PASS repeatedCloseKeepsFinalQueueCidResumeRecentAndFavorites
PASS restoreShutdownWaitsForActualScopeCompletionAndPreservesForeignSource
REGRESSION PASS ListenAudioStoreTest.damaged documents and invalid queue bounds recover into usable cold state
REGRESSION PASS ListenAudioStoreTest.inactive audio account destruction preserves its resume and cannot release another source
REGRESSION PASS ListenAudioStoreTest.listening forces audio output without changing ordinary video preferences
REGRESSION PASS ListenAudioStoreTest.saved queue favorites recent selected item and resume position survive reopening
REGRESSION PASS ListenAudioLifecycleTest.active old account closure retains its own resume without releasing a newer source
REGRESSION PASS ListenAudioLifecycleTest.clearing an old queue cannot stop a foreign source and clears obsolete resume
REGRESSION PASS ListenAudioLifecycleTest.cold queue resumes the selected part and active session destruction releases its actual source
REGRESSION PASS ListenAudioLifecycleTest.pause cancels delayed preparation so completion cannot restart listening
PASS AU SID and NativeMusic BV/CID retain original distinct identities and owners
PASS real original AudioApi queries return full song metadata stream and lyric
PASS artist fallback uses original uploader without discarding raw author field
PASS unplayable stream reply fails before requesting lyrics
PASS song API business failure is preserved and no stream request follows
PASS lyric API failure does not discard a playable song or metadata
PASS account replacement after info cannot continue under another account
PASS account replacement after url cannot continue under another account
PASS account replacement after lyric cannot continue under another account
PASS existing scoped CookieJar never adds Bilibili account Cookie to external audio
PASS retained session loads AU metadata and original timed lyrics with au cache key
PASS native projection preserves pause progress metadata and original single-song queue controls
PASS stale route and foreign native owner cannot publish foreign progress or lyrics
PASS pending AU preparation cannot overwrite a newly installed foreign source
PASS cancelled old AU result cannot replace a newer AU song even if provider finishes late
PASS saved AU queue resumes progress and owner-only close releases the audio source
PASS NativeMusic preserves requested part and does not masquerade as AU song metadata
PASS invalid SID and CID fail before any repository call
18 native MusicDetail/NativeMusic offline cases PASS. No HTTP, HWND, GPU, shared Gradle or account secrets.
REGRESSION PASS DesktopNativeMusicIntegrationTest.originalAudioRequestsAndRetainedPlaybackOwnership
REGRESSION PASS DesktopMusicRootIntegrationTest.originalRoutesAndRetainedSessionLifecycle
