Error was captured in composition.
java.lang.IllegalArgumentException: JS worker resource path is invalid
	at com.bilipai.desktop.plugins.js.DesktopJsWorkerResources.checked(DesktopJsWorkerResources.kt:63)
	at com.bilipai.desktop.plugins.js.DesktopJsWorkerResources.verify(DesktopJsWorkerResources.kt:23)
	at com.bilipai.desktop.plugins.js.DesktopJsWorkerResources.access$verify(DesktopJsWorkerResources.kt:10)
	at com.bilipai.desktop.plugins.js.DesktopJsWorkerResources$verified$2.invoke(DesktopJsWorkerResources.kt:15)
	at com.bilipai.desktop.plugins.js.DesktopJsWorkerResources$verified$2.invoke(DesktopJsWorkerResources.kt:15)
	at kotlin.SynchronizedLazyImpl.getValue(LazyJVM.kt:86)
	at com.bilipai.desktop.plugins.js.DesktopJsWorkerResources.getVerified(DesktopJsWorkerResources.kt:15)
	at com.bilipai.desktop.plugins.js.DesktopJsWorkerResources.createProcess(DesktopJsWorkerResources.kt:17)
	at com.bilipai.desktop.plugins.DesktopPluginRuntime.<init>(DesktopPluginRuntime.kt:62)
	at com.bilipai.desktop.DesktopShellKt.DesktopReadyApp(DesktopShell.kt:256)
	at com.bilipai.desktop.DesktopShellKt.DesktopApp$lambda$12(DesktopShell.kt:182)
	at androidx.compose.runtime.internal.ComposableLambdaImpl.invoke(ComposableLambda.kt:131)
	at androidx.compose.runtime.internal.ComposableLambdaImpl.invoke(ComposableLambda.kt:52)
	at com.bilipai.desktop.ui.DesktopDiscoveryStorageBoundaryKt.DesktopDiscoveryStorageBoundary(DesktopDiscoveryStorageBoundary.kt:27)
	at com.bilipai.desktop.ui.DesktopDiscoveryStorageBoundaryKt.DesktopDiscoveryStorageBoundary$lambda$5(DesktopDiscoveryStorageBoundary.kt)
	at androidx.compose.runtime.RecomposeScopeImpl.compose(RecomposeScopeImpl.kt:204)
	at androidx.compose.runtime.GapComposer.recomposeToGroupEnd(GapComposer.kt:1678)
	at androidx.compose.runtime.GapComposer.skipCurrentGroup(GapComposer.kt:2014)
	at androidx.compose.runtime.GapComposer.doCompose-aFTiNEg(GapComposer.kt:2655)
	at androidx.compose.runtime.GapComposer.recompose-aFTiNEg$runtime(GapComposer.kt:2577)
	at androidx.compose.runtime.CompositionImpl.recompose(Composition.kt:1184)
	at androidx.compose.runtime.Recomposer.performRecompose(Recomposer.kt:1318)
	at androidx.compose.runtime.Recomposer.access$performRecompose(Recomposer.kt:191)
	at androidx.compose.runtime.Recomposer$runRecomposeAndApplyChanges$2.invokeSuspend$lambda$2(Recomposer.kt:655)
	at androidx.compose.runtime.BroadcastFrameClock$FrameAwaiter.resume(BroadcastFrameClock.kt:56)
	at androidx.compose.runtime.BroadcastFrameClock.sendFrame$lambda$0(BroadcastFrameClock.kt:71)
	at androidx.compose.runtime.internal.AwaiterQueue.flushAndDispatchAwaiters(AwaiterQueue.kt:89)
	at androidx.compose.runtime.BroadcastFrameClock.sendFrame(BroadcastFrameClock.kt:71)
	at androidx.compose.ui.platform.FrameRecomposer.performFrame(FrameRecomposer.skiko.kt:150)
	at androidx.compose.ui.scene.SingleComposeSceneRenderingScope.render(SingleComposeSceneRenderingScope.kt:75)
	at androidx.compose.ui.scene.ComposeSceneMediator.onRender$lambda$0$0(ComposeSceneMediator.desktop.kt:733)
	at androidx.compose.ui.viewinterop.SwingInteropContainer.postponingExecutingScheduledUpdates(SwingInteropContainer.desktop.kt:297)
	at androidx.compose.ui.scene.ComposeSceneMediator.onRender(ComposeSceneMediator.desktop.kt:730)
	at org.jetbrains.skiko.SkiaLayer.update$skiko(SkiaLayer.awt.kt:629)
	at org.jetbrains.skiko.redrawer.AWTRedrawer.update(AWTRedrawer.kt:54)
	at org.jetbrains.skiko.redrawer.Redrawer.update$default(Redrawer.kt:15)
	at org.jetbrains.skiko.redrawer.Direct3DRedrawer$frameDispatcher$1.invokeSuspend(Direct3DRedrawer.kt:49)
	at org.jetbrains.skiko.redrawer.Direct3DRedrawer$frameDispatcher$1.invoke(Direct3DRedrawer.kt)
	at org.jetbrains.skiko.redrawer.Direct3DRedrawer$frameDispatcher$1.invoke(Direct3DRedrawer.kt)
	at org.jetbrains.skiko.FrameDispatcher$job$1.invokeSuspend(FrameDispatcher.kt:33)
	at kotlin.coroutines.jvm.internal.BaseContinuationImpl.resumeWith(ContinuationImpl.kt:34)
	at kotlinx.coroutines.DispatchedTask.run(DispatchedTask.kt:100)
	at java.desktop/java.awt.event.InvocationEvent.dispatch(InvocationEvent.java:318)
	at java.desktop/java.awt.EventQueue.dispatchEventImpl(EventQueue.java:773)
	at java.desktop/java.awt.EventQueue$4.run(EventQueue.java:720)
	at java.desktop/java.awt.EventQueue$4.run(EventQueue.java:714)
	at java.base/java.security.AccessController.doPrivileged(AccessController.java:400)
	at java.base/java.security.ProtectionDomain$JavaSecurityAccessImpl.doIntersectionPrivilege(ProtectionDomain.java:87)
	at java.desktop/java.awt.EventQueue.dispatchEvent(EventQueue.java:742)
	at java.desktop/java.awt.EventDispatchThread.pumpOneEventForFilters(EventDispatchThread.java:203)
	at java.desktop/java.awt.EventDispatchThread.pumpEventsForFilter(EventDispatchThread.java:124)
	at java.desktop/java.awt.EventDispatchThread.pumpEventsForHierarchy(EventDispatchThread.java:113)
	at java.desktop/java.awt.EventDispatchThread.pumpEvents(EventDispatchThread.java:109)
	at java.desktop/java.awt.EventDispatchThread.pumpEvents(EventDispatchThread.java:101)
	at java.desktop/java.awt.EventDispatchThread.run(EventDispatchThread.java:90)
