STAGE await reference: actual Shell
STAGE await condition: published actual Root
STAGE await reference: actual Window route provider
PASS Actual Root accepts typed PGC
STAGE await reference: actual original PGC owner
STAGE await reference: actual native Window platforms
STAGE await condition: full original PGC has real error and retry
Error was captured in composition.
java.util.concurrent.CancellationException: Original Section has no accepted source
	at com.bilipai.desktop.ui.DesktopOriginalVideoSectionWindowsPlatform.expected(DesktopOriginalVideoSectionWindowsPlatform.kt:111)
	at com.bilipai.desktop.ui.DesktopOriginalVideoSectionWindowsPlatform.readViewportBrightness(DesktopOriginalVideoSectionWindowsPlatform.kt:219)
	at com.android.purebilibili.feature.bangumi.ui.player.DesktopOriginalBangumiPlayerComponentsKt.BangumiPlayerView(DesktopOriginalBangumiPlayerComponents.kt:216)
	at com.android.purebilibili.feature.bangumi.DesktopOriginalBangumiPlayerScreenKt.BangumiPlayerScreen$lambda$54$playerContentView(DesktopOriginalBangumiPlayerScreen.kt:504)
	at com.android.purebilibili.feature.bangumi.DesktopOriginalBangumiPlayerScreenKt.BangumiPlayerScreen(DesktopOriginalBangumiPlayerScreen.kt:761)
	at com.bilipai.desktop.ui.DesktopOriginalBangumiPlayerPhysicalLeafKt.DesktopOriginalBangumiPlayerPhysicalLeaf$lambda$14$0$0(DesktopOriginalBangumiPlayerPhysicalLeaf.kt:58)
	at androidx.compose.runtime.internal.ComposableLambdaImpl.invoke(ComposableLambda.kt:122)
	at androidx.compose.runtime.internal.ComposableLambdaImpl.invoke(ComposableLambda.kt:52)
	at com.bilipai.desktop.ui.DesktopOriginalVideoSectionWindowsPlatform.RenderPlayerForeground$lambda$0$0(DesktopOriginalVideoSectionWindowsPlatform.kt:143)
	at androidx.compose.runtime.internal.ComposableLambdaImpl.invoke(ComposableLambda.kt:122)
	at androidx.compose.runtime.internal.ComposableLambdaImpl.invoke(ComposableLambda.kt:52)
	at androidx.compose.runtime.CompositionLocalKt.CompositionLocalProvider(CompositionLocal.kt:428)
	at com.bilipai.desktop.ui.DesktopOriginalVideoSectionWindowsPlatform.RenderPlayerForeground$lambda$0(DesktopOriginalVideoSectionWindowsPlatform.kt:142)
	at androidx.compose.runtime.internal.ComposableLambdaImpl.invoke(ComposableLambda.kt:122)
	at androidx.compose.runtime.internal.ComposableLambdaImpl.invoke(ComposableLambda.kt:52)
	at com.bilipai.desktop.ui.DesktopOriginalPlayerSurfaceKt.DesktopOriginalPlayerSurface$lambda$12$1(DesktopOriginalPlayerSurface.kt:76)
	at androidx.compose.runtime.internal.ComposableLambdaImpl.invoke(ComposableLambda.kt:122)
	at androidx.compose.runtime.internal.ComposableLambdaImpl.invoke(ComposableLambda.kt:52)
	at com.bilipai.desktop.ui.DesktopCommandPopupWindowKt.DesktopShapedVideoCommandPopup_Y4uRVHk$lambda$7$0$0$0(DesktopCommandPopupWindow.kt:304)
	at androidx.compose.runtime.internal.ComposableLambdaImpl.invoke(ComposableLambda.kt:122)
	at androidx.compose.runtime.internal.ComposableLambdaImpl.invoke(ComposableLambda.kt:52)
	at androidx.compose.runtime.CompositionLocalKt.CompositionLocalProvider(CompositionLocal.kt:428)
	at com.bilipai.desktop.ui.DesktopCommandPopupWindowKt.DesktopShapedVideoCommandPopup_Y4uRVHk$lambda$7$0$0(DesktopCommandPopupWindow.kt:303)
	at androidx.compose.runtime.internal.ComposableLambdaImpl.invoke(ComposableLambda.kt:122)
	at androidx.compose.runtime.internal.ComposableLambdaImpl.invoke(ComposableLambda.kt:52)
	at com.bilipai.desktop.ui.DesktopCommandPopupWindow.create$lambda$0$0$0(DesktopCommandPopupWindow.kt:184)
	at androidx.compose.runtime.internal.ComposableLambdaImpl.invoke(ComposableLambda.kt:122)
	at androidx.compose.runtime.internal.ComposableLambdaImpl.invoke(ComposableLambda.kt:52)
	at androidx.compose.runtime.CompositionLocalKt.CompositionLocalProvider(CompositionLocal.kt:428)
	at com.bilipai.desktop.ui.DesktopCommandPopupWindow.create$lambda$0$0(DesktopCommandPopupWindow.kt:184)
	at androidx.compose.runtime.internal.ComposableLambdaImpl.invoke(ComposableLambda.kt:131)
	at androidx.compose.runtime.internal.ComposableLambdaImpl.invoke(ComposableLambda.kt:52)
	at androidx.compose.ui.awt.ComposeDialog.setContent$lambda$1(ComposeDialog.desktop.kt:313)
	at androidx.compose.runtime.internal.ComposableLambdaImpl.invoke(ComposableLambda.kt:122)
	at androidx.compose.runtime.internal.ComposableLambdaImpl.invoke(ComposableLambda.kt:52)
	at androidx.compose.ui.awt.WindowContentLayout_desktopKt.WindowContentLayout(WindowContentLayout.desktop.kt:103)
	at androidx.compose.ui.awt.ComposeWindowPanel.setContent$lambda$0$0(ComposeWindowPanel.desktop.kt:152)
	at androidx.compose.runtime.internal.ComposableLambdaImpl.invoke(ComposableLambda.kt:122)
	at androidx.compose.runtime.internal.ComposableLambdaImpl.invoke(ComposableLambda.kt:52)
	at androidx.compose.runtime.CompositionLocalKt.CompositionLocalProvider(CompositionLocal.kt:428)
	at androidx.compose.ui.awt.ComposeWindowPanel.setContent$lambda$0(ComposeWindowPanel.desktop.kt:149)
	at androidx.compose.runtime.internal.ComposableLambdaImpl.invoke(ComposableLambda.kt:122)
	at androidx.compose.runtime.internal.ComposableLambdaImpl.invoke(ComposableLambda.kt:52)
	at androidx.compose.ui.scene.ComposeSceneMediator.setContent$lambda$0$0$0$0$0(ComposeSceneMediator.desktop.kt:674)
	at androidx.compose.runtime.internal.ComposableLambdaImpl.invoke(ComposableLambda.kt:122)
	at androidx.compose.runtime.internal.ComposableLambdaImpl.invoke(ComposableLambda.kt:52)
	at androidx.compose.ui.layout.OverlayLayout_skikoKt.OverlayLayout(OverlayLayout.skiko.kt:76)
	at androidx.compose.ui.viewinterop.InteropContainer_skikoKt.TrackInteropPlacementContainer(InteropContainer.skiko.kt:142)
	at androidx.compose.ui.viewinterop.SwingInteropContainer.invoke$lambda$0(SwingInteropContainer.desktop.kt:281)
	at androidx.compose.runtime.internal.ComposableLambdaImpl.invoke(ComposableLambda.kt:122)
	at androidx.compose.runtime.internal.ComposableLambdaImpl.invoke(ComposableLambda.kt:52)
	at androidx.compose.runtime.CompositionLocalKt.CompositionLocalProvider(CompositionLocal.kt:428)
	at androidx.compose.ui.viewinterop.SwingInteropContainer.invoke(SwingInteropContainer.desktop.kt:278)
	at androidx.compose.ui.scene.ComposeSceneMediator.setContent$lambda$0$0$0$0(ComposeSceneMediator.desktop.kt:673)
	at androidx.compose.runtime.internal.ComposableLambdaImpl.invoke(ComposableLambda.kt:122)
	at androidx.compose.runtime.internal.ComposableLambdaImpl.invoke(ComposableLambda.kt:52)
	at androidx.compose.runtime.CompositionLocalKt.CompositionLocalProvider(CompositionLocal.kt:428)
	at androidx.compose.ui.ProvideSystemTheme_desktopKt.ProvideSystemTheme(ProvideSystemTheme.desktop.kt:72)
	at androidx.compose.ui.scene.ComposeSceneMediator.setContent$lambda$0$0$0(ComposeSceneMediator.desktop.kt:672)
	at androidx.compose.runtime.internal.ComposableLambdaImpl.invoke(ComposableLambda.kt:122)
	at androidx.compose.runtime.internal.ComposableLambdaImpl.invoke(ComposableLambda.kt:52)
	at androidx.compose.runtime.CompositionLocalKt.CompositionLocalProvider(CompositionLocal.kt:408)
	at androidx.compose.ui.platform.CompositionLocals_skikoKt.ProvidePlatformCompositionLocals(CompositionLocals.skiko.kt:92)
	at androidx.compose.ui.scene.BaseComposeScene$setContent$1$2.invoke(BaseComposeScene.skiko.kt:143)
	at androidx.compose.ui.scene.BaseComposeScene$setContent$1$2.invoke(BaseComposeScene.skiko.kt:142)
	at androidx.compose.runtime.internal.ComposableLambdaImpl.invoke(ComposableLambda.kt:122)
	at androidx.compose.runtime.internal.ComposableLambdaImpl.invoke(ComposableLambda.kt:52)
	at androidx.compose.runtime.CompositionLocalKt.CompositionLocalProvider(CompositionLocal.kt:408)
	at androidx.compose.ui.platform.CompositionLocalsKt.ProvideCommonCompositionLocals(CompositionLocals.kt:255)
	at androidx.compose.ui.platform.Wrapper_skikoKt.setContent$lambda$0$0(Wrapper.skiko.kt:40)
	at androidx.compose.runtime.internal.ComposableLambdaImpl.invoke(ComposableLambda.kt:122)
	at androidx.compose.runtime.internal.ComposableLambdaImpl.invoke(ComposableLambda.kt:52)
	at androidx.compose.runtime.CompositionLocalKt.CompositionLocalProvider(CompositionLocal.kt:408)
	at androidx.compose.runtime.CompositionLocalKt.CompositionLocalProvider(CompositionLocal.kt:448)
	at androidx.compose.ui.platform.Wrapper_skikoKt.provide(Wrapper.skiko.kt:53)
	at androidx.compose.ui.platform.Wrapper_skikoKt.setContent$lambda$0(Wrapper.skiko.kt:39)
	at androidx.compose.runtime.internal.ComposableLambdaImpl.invoke(ComposableLambda.kt:122)
	at androidx.compose.runtime.internal.ComposableLambdaImpl.invoke(ComposableLambda.kt:52)
	at androidx.compose.runtime.internal.Expect_jvmKt.invokeComposable(Expect.jvmAndAndroid.kt:26)
	at androidx.compose.runtime.GapComposer.doCompose-aFTiNEg(GapComposer.kt:2643)
	at androidx.compose.runtime.GapComposer.composeContent--ZbOJvo$runtime(GapComposer.kt:2545)
	at androidx.compose.runtime.CompositionImpl.composeContent(Composition.kt:905)
	at androidx.compose.runtime.Recomposer.composeInitial$runtime(Recomposer.kt:1178)
	at androidx.compose.runtime.CompositionImpl.composeInitial(Composition.kt:735)
	at androidx.compose.runtime.CompositionImpl.setContent(Composition.kt:702)
	at androidx.compose.ui.platform.Wrapper_skikoKt.setContent(Wrapper.skiko.kt:38)
	at androidx.compose.ui.scene.CanvasLayersComposeSceneImpl.createComposition(CanvasLayersComposeScene.skiko.kt:240)
	at androidx.compose.ui.scene.BaseComposeScene.setContent(BaseComposeScene.skiko.kt:140)
	at androidx.compose.ui.scene.ComposeScene.setContent$default(ComposeScene.skiko.kt:182)
	at androidx.compose.ui.scene.ComposeSceneMediator.setContent$lambda$0(ComposeSceneMediator.desktop.kt:671)
	at androidx.compose.ui.scene.ComposeSceneMediator.onComponentAttached(ComposeSceneMediator.desktop.kt:633)
	at androidx.compose.ui.scene.ComposeContainer.addNotify(ComposeContainer.desktop.kt:375)
	at androidx.compose.ui.awt.ComposeWindowPanel.addNotify(ComposeWindowPanel.desktop.kt:129)
	at java.desktop/java.awt.Container.addNotify(Container.java:2804)
	at java.desktop/javax.swing.JComponent.addNotify(JComponent.java:4846)
	at java.desktop/java.awt.Container.addNotify(Container.java:2804)
	at java.desktop/javax.swing.JComponent.addNotify(JComponent.java:4846)
	at java.desktop/java.awt.Container.addNotify(Container.java:2804)
	at java.desktop/javax.swing.JComponent.addNotify(JComponent.java:4846)
	at java.desktop/javax.swing.JRootPane.addNotify(JRootPane.java:721)
	at java.desktop/java.awt.Container.addNotify(Container.java:2804)
	at java.desktop/java.awt.Window.addNotify(Window.java:791)
	at java.desktop/java.awt.Dialog.addNotify(Dialog.java:769)
	at java.desktop/java.awt.Dialog.conditionalShow(Dialog.java:916)
	at java.desktop/java.awt.Dialog.show(Dialog.java:1047)
	at java.desktop/java.awt.Component.show(Component.java:1728)
	at java.desktop/java.awt.Component.setVisible(Component.java:1675)
	at java.desktop/java.awt.Window.setVisible(Window.java:1036)
	at java.desktop/java.awt.Dialog.setVisible(Dialog.java:1015)
	at com.bilipai.desktop.ui.DesktopCommandPopupWindow.updateGeometry(DesktopCommandPopupWindow.kt:214)
	at com.bilipai.desktop.ui.DesktopCommandPopupWindow.update-JVtK1S4(DesktopCommandPopupWindow.kt:198)
	at com.bilipai.desktop.ui.DesktopCommandPopupWindowKt.DesktopShapedVideoCommandPopup_Y4uRVHk$lambda$8$0(DesktopCommandPopupWindow.kt:309)
	at androidx.compose.runtime.internal.RememberEventDispatcher.dispatchSideEffects(RememberEventDispatcher.kt:275)
	at androidx.compose.runtime.CompositionImpl.applyChangesInLocked(Composition.kt:1230)
	at androidx.compose.runtime.CompositionImpl.applyLateChanges(Composition.kt:1266)
	at androidx.compose.runtime.Recomposer.composeInitial$runtime(Recomposer.kt:1212)
	at androidx.compose.runtime.GapComposer$CompositionContextImpl.composeInitial$runtime(GapComposer.kt:2987)
	at androidx.compose.runtime.GapComposer$CompositionContextImpl.composeInitial$runtime(GapComposer.kt:2987)
	at androidx.compose.runtime.GapComposer$CompositionContextImpl.composeInitial$runtime(GapComposer.kt:2987)
	at androidx.compose.runtime.GapComposer$CompositionContextImpl.composeInitial$runtime(GapComposer.kt:2987)
	at androidx.compose.runtime.GapComposer$CompositionContextImpl.composeInitial$runtime(GapComposer.kt:2987)
	at androidx.compose.runtime.CompositionImpl.composeInitial(Composition.kt:735)
	at androidx.compose.runtime.CompositionImpl.setContent(Composition.kt:702)
	at androidx.compose.ui.layout.LayoutNodeSubcompositionsState.subcompose(SubcomposeLayout.kt:721)
	at androidx.compose.ui.layout.LayoutNodeSubcompositionsState.subcompose(SubcomposeLayout.kt:658)
	at androidx.compose.ui.layout.LayoutNodeSubcompositionsState.subcompose(SubcomposeLayout.kt:624)
	at androidx.compose.ui.layout.LayoutNodeSubcompositionsState$Scope.subcompose(SubcomposeLayout.kt:1353)
	at androidx.compose.foundation.layout.BoxWithConstraintsKt.BoxWithConstraints$lambda$0$0(BoxWithConstraints.kt:67)
	at androidx.compose.ui.layout.LayoutNodeSubcompositionsState$createMeasurePolicy$1.measure-3p2s80s(SubcomposeLayout.kt:955)
	at androidx.compose.ui.node.InnerNodeCoordinator.measure-BRTryo0(InnerNodeCoordinator.kt:130)
	at androidx.compose.foundation.layout.FillNode.measure-3p2s80s(Size.kt:721)
	at androidx.compose.ui.node.LayoutModifierNodeCoordinator.measure-BRTryo0(LayoutModifierNodeCoordinator.kt:190)
	at androidx.compose.ui.node.MeasurePassDelegate.performMeasureBlock$lambda$0(MeasurePassDelegate.kt:174)
	at androidx.compose.runtime.snapshots.SnapshotStateObserver.observeReads(SnapshotStateObserver.kt:730)
	at androidx.compose.ui.node.MeasurePassDelegate.remeasure-BRTryo0(MeasurePassDelegate.kt:1087)
	at androidx.compose.ui.node.MeasurePassDelegate.measure-BRTryo0(MeasurePassDelegate.kt:484)
	at androidx.compose.foundation.layout.BoxMeasurePolicy.measure-3p2s80s(Box.kt:145)
	at androidx.compose.ui.node.InnerNodeCoordinator.measure-BRTryo0(InnerNodeCoordinator.kt:130)
	at androidx.compose.foundation.layout.FillNode.measure-3p2s80s(Size.kt:721)
	at androidx.compose.ui.node.LayoutModifierNodeCoordinator.measure-BRTryo0(LayoutModifierNodeCoordinator.kt:190)
	at androidx.compose.ui.node.MeasurePassDelegate.performMeasureBlock$lambda$0(MeasurePassDelegate.kt:174)
	at androidx.compose.runtime.snapshots.SnapshotStateObserver.observeReads(SnapshotStateObserver.kt:730)
	at androidx.compose.ui.node.MeasurePassDelegate.remeasure-BRTryo0(MeasurePassDelegate.kt:1087)
	at androidx.compose.ui.node.LayoutNode.remeasure-_Sx5XlM$ui(LayoutNode.kt:1288)
	at androidx.compose.ui.node.LayoutNode.remeasure-_Sx5XlM$ui$default(LayoutNode.kt:1281)
	at androidx.compose.ui.node.MeasureAndLayoutDelegate.doRemeasure-sdFAvZA(MeasureAndLayoutDelegate.kt:385)
	at androidx.compose.ui.node.MeasureAndLayoutDelegate.remeasureIfNeeded(MeasureAndLayoutDelegate.kt:674)
	at androidx.compose.ui.node.MeasureAndLayoutDelegate.remeasureIfNeeded$default(MeasureAndLayoutDelegate.kt:650)
	at androidx.compose.ui.node.MeasureAndLayoutDelegate.onlyRemeasureIfPending(MeasureAndLayoutDelegate.kt:756)
	at androidx.compose.ui.node.MeasureAndLayoutDelegate.forceMeasureTheSubtreeInternal(MeasureAndLayoutDelegate.kt:783)
	at androidx.compose.ui.node.MeasureAndLayoutDelegate.forceMeasureTheSubtreeInternal(MeasureAndLayoutDelegate.kt:790)
	at androidx.compose.ui.node.MeasureAndLayoutDelegate.forceMeasureTheSubtreeInternal(MeasureAndLayoutDelegate.kt:790)
	at androidx.compose.ui.node.MeasureAndLayoutDelegate.forceMeasureTheSubtreeInternal(MeasureAndLayoutDelegate.kt:790)
	at androidx.compose.ui.node.MeasureAndLayoutDelegate.forceMeasureTheSubtreeInternal(MeasureAndLayoutDelegate.kt:790)
	at androidx.compose.ui.node.MeasureAndLayoutDelegate.forceMeasureTheSubtree(MeasureAndLayoutDelegate.kt:747)
	at androidx.compose.ui.node.RootNodeOwner$OwnerImpl.forceMeasureTheSubtree(RootNodeOwner.skiko.kt:621)
	at androidx.compose.ui.node.Owner.forceMeasureTheSubtree$default(Owner.kt:270)
	at androidx.compose.ui.node.MeasurePassDelegate.remeasure-BRTryo0(MeasurePassDelegate.kt:522)
	at androidx.compose.ui.node.MeasurePassDelegate.measure-BRTryo0(MeasurePassDelegate.kt:484)
	at androidx.compose.foundation.layout.BoxMeasurePolicy.measure-3p2s80s(Box.kt:145)
	at androidx.compose.foundation.layout.BoxWithConstraintsKt.BoxWithConstraints$lambda$0$0(BoxWithConstraints.kt:68)
	at androidx.compose.ui.layout.LayoutNodeSubcompositionsState$createMeasurePolicy$1.measure-3p2s80s(SubcomposeLayout.kt:955)
	at androidx.compose.ui.node.InnerNodeCoordinator.measure-BRTryo0(InnerNodeCoordinator.kt:130)
	at androidx.compose.foundation.layout.FillNode.measure-3p2s80s(Size.kt:721)
	at androidx.compose.ui.node.LayoutModifierNodeCoordinator.measure-BRTryo0(LayoutModifierNodeCoordinator.kt:190)
	at androidx.compose.ui.node.MeasurePassDelegate.performMeasureBlock$lambda$0(MeasurePassDelegate.kt:174)
	at androidx.compose.runtime.snapshots.SnapshotStateObserver.observeReads(SnapshotStateObserver.kt:730)
	at androidx.compose.ui.node.MeasurePassDelegate.remeasure-BRTryo0(MeasurePassDelegate.kt:1087)
	at androidx.compose.ui.node.LayoutNode.remeasure-_Sx5XlM$ui(LayoutNode.kt:1288)
	at androidx.compose.ui.node.LayoutNode.remeasure-_Sx5XlM$ui$default(LayoutNode.kt:1281)
	at androidx.compose.ui.node.MeasureAndLayoutDelegate.doRemeasure-sdFAvZA(MeasureAndLayoutDelegate.kt:385)
	at androidx.compose.ui.node.MeasureAndLayoutDelegate.remeasureIfNeeded(MeasureAndLayoutDelegate.kt:674)
	at androidx.compose.ui.node.MeasureAndLayoutDelegate.remeasureIfNeeded$default(MeasureAndLayoutDelegate.kt:650)
	at androidx.compose.ui.node.MeasureAndLayoutDelegate.onlyRemeasureIfPending(MeasureAndLayoutDelegate.kt:756)
	at androidx.compose.ui.node.MeasureAndLayoutDelegate.forceMeasureTheSubtreeInternal(MeasureAndLayoutDelegate.kt:783)
	at androidx.compose.ui.node.MeasureAndLayoutDelegate.forceMeasureTheSubtreeInternal(MeasureAndLayoutDelegate.kt:790)
	at androidx.compose.ui.node.MeasureAndLayoutDelegate.forceMeasureTheSubtreeInternal(MeasureAndLayoutDelegate.kt:790)
	at androidx.compose.ui.node.MeasureAndLayoutDelegate.forceMeasureTheSubtreeInternal(MeasureAndLayoutDelegate.kt:790)
	at androidx.compose.ui.node.MeasureAndLayoutDelegate.forceMeasureTheSubtreeInternal(MeasureAndLayoutDelegate.kt:790)
	at androidx.compose.ui.node.MeasureAndLayoutDelegate.forceMeasureTheSubtreeInternal(MeasureAndLayoutDelegate.kt:790)
	at androidx.compose.ui.node.MeasureAndLayoutDelegate.forceMeasureTheSubtree(MeasureAndLayoutDelegate.kt:747)
	at androidx.compose.ui.node.RootNodeOwner$OwnerImpl.forceMeasureTheSubtree(RootNodeOwner.skiko.kt:621)
	at androidx.compose.ui.node.Owner.forceMeasureTheSubtree$default(Owner.kt:270)
	at androidx.compose.ui.node.MeasurePassDelegate.remeasure-BRTryo0(MeasurePassDelegate.kt:522)
	at androidx.compose.ui.node.MeasurePassDelegate.measure-BRTryo0(MeasurePassDelegate.kt:484)
	at androidx.compose.foundation.layout.BoxMeasurePolicy.measure-3p2s80s(Box.kt:145)
	at androidx.compose.foundation.layout.BoxWithConstraintsKt.BoxWithConstraints$lambda$0$0(BoxWithConstraints.kt:68)
	at androidx.compose.ui.layout.LayoutNodeSubcompositionsState$createMeasurePolicy$1.measure-3p2s80s(SubcomposeLayout.kt:955)
	at androidx.compose.ui.node.InnerNodeCoordinator.measure-BRTryo0(InnerNodeCoordinator.kt:130)
	at androidx.compose.foundation.layout.FillNode.measure-3p2s80s(Size.kt:721)
	at androidx.compose.ui.node.LayoutModifierNodeCoordinator.measure-BRTryo0(LayoutModifierNodeCoordinator.kt:190)
	at androidx.compose.ui.node.MeasurePassDelegate.performMeasureBlock$lambda$0(MeasurePassDelegate.kt:174)
	at androidx.compose.runtime.snapshots.SnapshotStateObserver.observeReads(SnapshotStateObserver.kt:730)
	at androidx.compose.ui.node.MeasurePassDelegate.remeasure-BRTryo0(MeasurePassDelegate.kt:1087)
	at androidx.compose.ui.node.MeasurePassDelegate.measure-BRTryo0(MeasurePassDelegate.kt:484)
	at androidx.compose.foundation.layout.BoxMeasurePolicy.measure-3p2s80s(Box.kt:145)
	at androidx.compose.foundation.layout.BoxWithConstraintsKt.BoxWithConstraints$lambda$0$0(BoxWithConstraints.kt:68)
	at androidx.compose.ui.layout.LayoutNodeSubcompositionsState$createMeasurePolicy$1.measure-3p2s80s(SubcomposeLayout.kt:955)
	at androidx.compose.ui.node.InnerNodeCoordinator.measure-BRTryo0(InnerNodeCoordinator.kt:130)
	at androidx.compose.foundation.layout.FillNode.measure-3p2s80s(Size.kt:721)
	at androidx.compose.ui.node.LayoutModifierNodeCoordinator.measure-BRTryo0(LayoutModifierNodeCoordinator.kt:190)
	at androidx.compose.ui.node.MeasurePassDelegate.performMeasureBlock$lambda$0(MeasurePassDelegate.kt:174)
	at androidx.compose.runtime.snapshots.SnapshotStateObserver.observeReads(SnapshotStateObserver.kt:759)
	at androidx.compose.ui.node.MeasurePassDelegate.remeasure-BRTryo0(MeasurePassDelegate.kt:1087)
	at androidx.compose.ui.node.LayoutNode.remeasure-_Sx5XlM$ui(LayoutNode.kt:1288)
	at androidx.compose.ui.node.LayoutNode.remeasure-_Sx5XlM$ui$default(LayoutNode.kt:1281)
	at androidx.compose.ui.node.MeasureAndLayoutDelegate.doRemeasure-sdFAvZA(MeasureAndLayoutDelegate.kt:385)
	at androidx.compose.ui.node.MeasureAndLayoutDelegate.remeasureIfNeeded(MeasureAndLayoutDelegate.kt:674)
	at androidx.compose.ui.node.MeasureAndLayoutDelegate.access$remeasureIfNeeded(MeasureAndLayoutDelegate.kt:46)
	at androidx.compose.ui.node.MeasureAndLayoutDelegate.measureAndLayout(MeasureAndLayoutDelegate.kt:411)
	at androidx.compose.ui.node.RootNodeOwner$OwnerImpl.measureAndLayout(RootNodeOwner.skiko.kt:596)
	at androidx.compose.ui.node.RootNodeOwner.measureAndLayout(RootNodeOwner.skiko.kt:247)
	at androidx.compose.ui.scene.CanvasLayersComposeSceneImpl.doMeasureAndLayout(CanvasLayersComposeScene.skiko.kt:299)
	at androidx.compose.ui.scene.BaseComposeScene.measureAndLayout(BaseComposeScene.skiko.kt:159)
	at androidx.compose.ui.scene.SingleComposeSceneRenderingScope.render(SingleComposeSceneRenderingScope.kt:76)
	at androidx.compose.ui.scene.ComposeSceneMediator.onRender$lambda$0$0(ComposeSceneMediator.desktop.kt:733)
	at androidx.compose.ui.viewinterop.SwingInteropContainer.postponingExecutingScheduledUpdates(SwingInteropContainer.desktop.kt:297)
	at androidx.compose.ui.scene.ComposeSceneMediator.onRender(ComposeSceneMediator.desktop.kt:730)
	at org.jetbrains.skiko.SkiaLayer.update$skiko(SkiaLayer.awt.kt:629)
	at org.jetbrains.skiko.redrawer.AWTRedrawer.update(AWTRedrawer.kt:54)
	at org.jetbrains.skiko.redrawer.Redrawer.update$default(Redrawer.kt:15)
	at org.jetbrains.skiko.redrawer.AbstractDirectSoftwareRedrawer$frameDispatcher$1.invokeSuspend(AbstractDirectSoftwareRedrawer.kt:25)
	at kotlin.coroutines.jvm.internal.BaseContinuationImpl.resumeWith(ContinuationImpl.kt:34)
	at kotlinx.coroutines.DispatchedTask.run(DispatchedTask.kt:100)
	at java.desktop/java.awt.event.InvocationEvent.dispatch(InvocationEvent.java:318)
	at java.desktop/java.awt.EventQueue.dispatchEventImpl(EventQueue.java:773)
	at java.desktop/java.awt.EventQueue$4.run(EventQueue.java:720)
	at java.desktop/java.awt.EventQueue$4.run(EventQueue.java:714)
	at java.base/java.security.AccessController.doPrivileged(AccessController.java:400)
	at java.base/java.security.ProtectionDomain$JavaSecurityAccessImpl.doIntersectionPrivilege(ProtectionDomain.java:87)
	at java.desktop/java.awt.EventQueue.dispatchEvent(EventQueue.java:742)
	at java.desktop/java.awt.EventDispatchThread.pumpOneEventForFilters(EventDispatchThread.java:203)
	at java.desktop/java.awt.EventDispatchThread.pumpEventsForFilter(EventDispatchThread.java:124)
	at java.desktop/java.awt.EventDispatchThread.pumpEventsForHierarchy(EventDispatchThread.java:113)
	at java.desktop/java.awt.EventDispatchThread.pumpEvents(EventDispatchThread.java:109)
	at java.desktop/java.awt.EventDispatchThread.pumpEvents(EventDispatchThread.java:101)
	at java.desktop/java.awt.EventDispatchThread.run(EventDispatchThread.java:90)
Error was captured in composition.
java.util.concurrent.CancellationException: Original Section has no accepted source
	at com.bilipai.desktop.ui.DesktopOriginalVideoSectionWindowsPlatform.expected(DesktopOriginalVideoSectionWindowsPlatform.kt:111)
	at com.bilipai.desktop.ui.DesktopOriginalVideoSectionWindowsPlatform.readViewportBrightness(DesktopOriginalVideoSectionWindowsPlatform.kt:219)
	at com.android.purebilibili.feature.bangumi.ui.player.DesktopOriginalBangumiPlayerComponentsKt.BangumiPlayerView(DesktopOriginalBangumiPlayerComponents.kt:216)
	at com.android.purebilibili.feature.bangumi.DesktopOriginalBangumiPlayerScreenKt.BangumiPlayerScreen$lambda$54$playerContentView(DesktopOriginalBangumiPlayerScreen.kt:504)
	at com.android.purebilibili.feature.bangumi.DesktopOriginalBangumiPlayerScreenKt.BangumiPlayerScreen(DesktopOriginalBangumiPlayerScreen.kt:761)
	at com.bilipai.desktop.ui.DesktopOriginalBangumiPlayerPhysicalLeafKt.DesktopOriginalBangumiPlayerPhysicalLeaf$lambda$14$0$0(DesktopOriginalBangumiPlayerPhysicalLeaf.kt:58)
	at androidx.compose.runtime.internal.ComposableLambdaImpl.invoke(ComposableLambda.kt:122)
	at androidx.compose.runtime.internal.ComposableLambdaImpl.invoke(ComposableLambda.kt:52)
	at com.bilipai.desktop.ui.DesktopOriginalVideoSectionWindowsPlatform.RenderPlayerForeground$lambda$0$0(DesktopOriginalVideoSectionWindowsPlatform.kt:143)
	at androidx.compose.runtime.internal.ComposableLambdaImpl.invoke(ComposableLambda.kt:122)
	at androidx.compose.runtime.internal.ComposableLambdaImpl.invoke(ComposableLambda.kt:52)
	at androidx.compose.runtime.CompositionLocalKt.CompositionLocalProvider(CompositionLocal.kt:428)
	at com.bilipai.desktop.ui.DesktopOriginalVideoSectionWindowsPlatform.RenderPlayerForeground$lambda$0(DesktopOriginalVideoSectionWindowsPlatform.kt:142)
	at androidx.compose.runtime.internal.ComposableLambdaImpl.invoke(ComposableLambda.kt:122)
	at androidx.compose.runtime.internal.ComposableLambdaImpl.invoke(ComposableLambda.kt:52)
	at com.bilipai.desktop.ui.DesktopOriginalPlayerSurfaceKt.DesktopOriginalPlayerSurface$lambda$12$1(DesktopOriginalPlayerSurface.kt:76)
	at androidx.compose.runtime.internal.ComposableLambdaImpl.invoke(ComposableLambda.kt:122)
	at androidx.compose.runtime.internal.ComposableLambdaImpl.invoke(ComposableLambda.kt:52)
	at com.bilipai.desktop.ui.DesktopCommandPopupWindowKt.DesktopShapedVideoCommandPopup_Y4uRVHk$lambda$7$0$0$0(DesktopCommandPopupWindow.kt:304)
	at androidx.compose.runtime.internal.ComposableLambdaImpl.invoke(ComposableLambda.kt:122)
	at androidx.compose.runtime.internal.ComposableLambdaImpl.invoke(ComposableLambda.kt:52)
	at androidx.compose.runtime.CompositionLocalKt.CompositionLocalProvider(CompositionLocal.kt:428)
	at com.bilipai.desktop.ui.DesktopCommandPopupWindowKt.DesktopShapedVideoCommandPopup_Y4uRVHk$lambda$7$0$0(DesktopCommandPopupWindow.kt:303)
	at androidx.compose.runtime.internal.ComposableLambdaImpl.invoke(ComposableLambda.kt:122)
	at androidx.compose.runtime.internal.ComposableLambdaImpl.invoke(ComposableLambda.kt:52)
	at com.bilipai.desktop.ui.DesktopCommandPopupWindow.create$lambda$0$0$0(DesktopCommandPopupWindow.kt:184)
	at androidx.compose.runtime.internal.ComposableLambdaImpl.invoke(ComposableLambda.kt:122)
	at androidx.compose.runtime.internal.ComposableLambdaImpl.invoke(ComposableLambda.kt:52)
	at androidx.compose.runtime.CompositionLocalKt.CompositionLocalProvider(CompositionLocal.kt:428)
	at com.bilipai.desktop.ui.DesktopCommandPopupWindow.create$lambda$0$0(DesktopCommandPopupWindow.kt:184)
	at androidx.compose.runtime.internal.ComposableLambdaImpl.invoke(ComposableLambda.kt:131)
	at androidx.compose.runtime.internal.ComposableLambdaImpl.invoke(ComposableLambda.kt:52)
	at androidx.compose.ui.awt.ComposeDialog.setContent$lambda$1(ComposeDialog.desktop.kt:313)
	at androidx.compose.runtime.internal.ComposableLambdaImpl.invoke(ComposableLambda.kt:122)
	at androidx.compose.runtime.internal.ComposableLambdaImpl.invoke(ComposableLambda.kt:52)
	at androidx.compose.ui.awt.WindowContentLayout_desktopKt.WindowContentLayout(WindowContentLayout.desktop.kt:103)
	at androidx.compose.ui.awt.ComposeWindowPanel.setContent$lambda$0$0(ComposeWindowPanel.desktop.kt:152)
	at androidx.compose.runtime.internal.ComposableLambdaImpl.invoke(ComposableLambda.kt:122)
	at androidx.compose.runtime.internal.ComposableLambdaImpl.invoke(ComposableLambda.kt:52)
	at androidx.compose.runtime.CompositionLocalKt.CompositionLocalProvider(CompositionLocal.kt:428)
	at androidx.compose.ui.awt.ComposeWindowPanel.setContent$lambda$0(ComposeWindowPanel.desktop.kt:149)
	at androidx.compose.runtime.internal.ComposableLambdaImpl.invoke(ComposableLambda.kt:122)
	at androidx.compose.runtime.internal.ComposableLambdaImpl.invoke(ComposableLambda.kt:52)
	at androidx.compose.ui.scene.ComposeSceneMediator.setContent$lambda$0$0$0$0$0(ComposeSceneMediator.desktop.kt:674)
	at androidx.compose.runtime.internal.ComposableLambdaImpl.invoke(ComposableLambda.kt:122)
	at androidx.compose.runtime.internal.ComposableLambdaImpl.invoke(ComposableLambda.kt:52)
	at androidx.compose.ui.layout.OverlayLayout_skikoKt.OverlayLayout(OverlayLayout.skiko.kt:76)
	at androidx.compose.ui.viewinterop.InteropContainer_skikoKt.TrackInteropPlacementContainer(InteropContainer.skiko.kt:142)
	at androidx.compose.ui.viewinterop.SwingInteropContainer.invoke$lambda$0(SwingInteropContainer.desktop.kt:281)
	at androidx.compose.runtime.internal.ComposableLambdaImpl.invoke(ComposableLambda.kt:122)
	at androidx.compose.runtime.internal.ComposableLambdaImpl.invoke(ComposableLambda.kt:52)
	at androidx.compose.runtime.CompositionLocalKt.CompositionLocalProvider(CompositionLocal.kt:428)
	at androidx.compose.ui.viewinterop.SwingInteropContainer.invoke(SwingInteropContainer.desktop.kt:278)
	at androidx.compose.ui.scene.ComposeSceneMediator.setContent$lambda$0$0$0$0(ComposeSceneMediator.desktop.kt:673)
	at androidx.compose.runtime.internal.ComposableLambdaImpl.invoke(ComposableLambda.kt:122)
	at androidx.compose.runtime.internal.ComposableLambdaImpl.invoke(ComposableLambda.kt:52)
	at androidx.compose.runtime.CompositionLocalKt.CompositionLocalProvider(CompositionLocal.kt:428)
	at androidx.compose.ui.ProvideSystemTheme_desktopKt.ProvideSystemTheme(ProvideSystemTheme.desktop.kt:72)
	at androidx.compose.ui.scene.ComposeSceneMediator.setContent$lambda$0$0$0(ComposeSceneMediator.desktop.kt:672)
	at androidx.compose.runtime.internal.ComposableLambdaImpl.invoke(ComposableLambda.kt:122)
	at androidx.compose.runtime.internal.ComposableLambdaImpl.invoke(ComposableLambda.kt:52)
	at androidx.compose.runtime.CompositionLocalKt.CompositionLocalProvider(CompositionLocal.kt:408)
	at androidx.compose.ui.platform.CompositionLocals_skikoKt.ProvidePlatformCompositionLocals(CompositionLocals.skiko.kt:92)
	at androidx.compose.ui.scene.BaseComposeScene$setContent$1$2.invoke(BaseComposeScene.skiko.kt:143)
	at androidx.compose.ui.scene.BaseComposeScene$setContent$1$2.invoke(BaseComposeScene.skiko.kt:142)
	at androidx.compose.runtime.internal.ComposableLambdaImpl.invoke(ComposableLambda.kt:122)
	at androidx.compose.runtime.internal.ComposableLambdaImpl.invoke(ComposableLambda.kt:52)
	at androidx.compose.runtime.CompositionLocalKt.CompositionLocalProvider(CompositionLocal.kt:408)
	at androidx.compose.ui.platform.CompositionLocalsKt.ProvideCommonCompositionLocals(CompositionLocals.kt:255)
	at androidx.compose.ui.platform.Wrapper_skikoKt.setContent$lambda$0$0(Wrapper.skiko.kt:40)
	at androidx.compose.runtime.internal.ComposableLambdaImpl.invoke(ComposableLambda.kt:122)
	at androidx.compose.runtime.internal.ComposableLambdaImpl.invoke(ComposableLambda.kt:52)
	at androidx.compose.runtime.CompositionLocalKt.CompositionLocalProvider(CompositionLocal.kt:408)
	at androidx.compose.runtime.CompositionLocalKt.CompositionLocalProvider(CompositionLocal.kt:448)
	at androidx.compose.ui.platform.Wrapper_skikoKt.provide(Wrapper.skiko.kt:53)
	at androidx.compose.ui.platform.Wrapper_skikoKt.setContent$lambda$0(Wrapper.skiko.kt:39)
	at androidx.compose.runtime.internal.ComposableLambdaImpl.invoke(ComposableLambda.kt:122)
	at androidx.compose.runtime.internal.ComposableLambdaImpl.invoke(ComposableLambda.kt:52)
	at androidx.compose.runtime.internal.Expect_jvmKt.invokeComposable(Expect.jvmAndAndroid.kt:26)
	at androidx.compose.runtime.GapComposer.doCompose-aFTiNEg(GapComposer.kt:2643)
	at androidx.compose.runtime.GapComposer.composeContent--ZbOJvo$runtime(GapComposer.kt:2545)
	at androidx.compose.runtime.CompositionImpl.composeContent(Composition.kt:905)
	at androidx.compose.runtime.Recomposer.composeInitial$runtime(Recomposer.kt:1178)
	at androidx.compose.runtime.CompositionImpl.composeInitial(Composition.kt:735)
	at androidx.compose.runtime.CompositionImpl.setContent(Composition.kt:702)
	at androidx.compose.ui.platform.Wrapper_skikoKt.setContent(Wrapper.skiko.kt:38)
	at androidx.compose.ui.scene.CanvasLayersComposeSceneImpl.createComposition(CanvasLayersComposeScene.skiko.kt:240)
	at androidx.compose.ui.scene.BaseComposeScene.setContent(BaseComposeScene.skiko.kt:140)
	at androidx.compose.ui.scene.ComposeScene.setContent$default(ComposeScene.skiko.kt:182)
	at androidx.compose.ui.scene.ComposeSceneMediator.setContent$lambda$0(ComposeSceneMediator.desktop.kt:671)
	at androidx.compose.ui.scene.ComposeSceneMediator.onComponentAttached(ComposeSceneMediator.desktop.kt:633)
	at androidx.compose.ui.scene.ComposeContainer.addNotify(ComposeContainer.desktop.kt:375)
	at androidx.compose.ui.awt.ComposeWindowPanel.addNotify(ComposeWindowPanel.desktop.kt:129)
	at java.desktop/java.awt.Container.addNotify(Container.java:2804)
	at java.desktop/javax.swing.JComponent.addNotify(JComponent.java:4846)
	at java.desktop/java.awt.Container.addNotify(Container.java:2804)
	at java.desktop/javax.swing.JComponent.addNotify(JComponent.java:4846)
	at java.desktop/java.awt.Container.addNotify(Container.java:2804)
	at java.desktop/javax.swing.JComponent.addNotify(JComponent.java:4846)
	at java.desktop/javax.swing.JRootPane.addNotify(JRootPane.java:721)
	at java.desktop/java.awt.Container.addNotify(Container.java:2804)
	at java.desktop/java.awt.Window.addNotify(Window.java:791)
	at java.desktop/java.awt.Dialog.addNotify(Dialog.java:769)
	at java.desktop/java.awt.Dialog.conditionalShow(Dialog.java:916)
	at java.desktop/java.awt.Dialog.show(Dialog.java:1047)
	at java.desktop/java.awt.Component.show(Component.java:1728)
	at java.desktop/java.awt.Component.setVisible(Component.java:1675)
	at java.desktop/java.awt.Window.setVisible(Window.java:1036)
	at java.desktop/java.awt.Dialog.setVisible(Dialog.java:1015)
	at com.bilipai.desktop.ui.DesktopCommandPopupWindow.updateGeometry(DesktopCommandPopupWindow.kt:214)
	at com.bilipai.desktop.ui.DesktopCommandPopupWindow.update-JVtK1S4(DesktopCommandPopupWindow.kt:198)
	at com.bilipai.desktop.ui.DesktopCommandPopupWindowKt.DesktopShapedVideoCommandPopup_Y4uRVHk$lambda$8$0(DesktopCommandPopupWindow.kt:309)
	at androidx.compose.runtime.internal.RememberEventDispatcher.dispatchSideEffects(RememberEventDispatcher.kt:275)
	at androidx.compose.runtime.CompositionImpl.applyChangesInLocked(Composition.kt:1230)
	at androidx.compose.runtime.CompositionImpl.applyLateChanges(Composition.kt:1266)
	at androidx.compose.runtime.Recomposer.composeInitial$runtime(Recomposer.kt:1212)
	at androidx.compose.runtime.GapComposer$CompositionContextImpl.composeInitial$runtime(GapComposer.kt:2987)
	at androidx.compose.runtime.GapComposer$CompositionContextImpl.composeInitial$runtime(GapComposer.kt:2987)
	at androidx.compose.runtime.GapComposer$CompositionContextImpl.composeInitial$runtime(GapComposer.kt:2987)
	at androidx.compose.runtime.GapComposer$CompositionContextImpl.composeInitial$runtime(GapComposer.kt:2987)
	at androidx.compose.runtime.GapComposer$CompositionContextImpl.composeInitial$runtime(GapComposer.kt:2987)
	at androidx.compose.runtime.CompositionImpl.composeInitial(Composition.kt:735)
	at androidx.compose.runtime.CompositionImpl.setContent(Composition.kt:702)
	at androidx.compose.ui.layout.LayoutNodeSubcompositionsState.subcompose(SubcomposeLayout.kt:721)
	at androidx.compose.ui.layout.LayoutNodeSubcompositionsState.subcompose(SubcomposeLayout.kt:658)
	at androidx.compose.ui.layout.LayoutNodeSubcompositionsState.subcompose(SubcomposeLayout.kt:624)
	at androidx.compose.ui.layout.LayoutNodeSubcompositionsState$Scope.subcompose(SubcomposeLayout.kt:1353)
	at androidx.compose.foundation.layout.BoxWithConstraintsKt.BoxWithConstraints$lambda$0$0(BoxWithConstraints.kt:67)
	at androidx.compose.ui.layout.LayoutNodeSubcompositionsState$createMeasurePolicy$1.measure-3p2s80s(SubcomposeLayout.kt:955)
	at androidx.compose.ui.node.InnerNodeCoordinator.measure-BRTryo0(InnerNodeCoordinator.kt:130)
	at androidx.compose.foundation.layout.FillNode.measure-3p2s80s(Size.kt:721)
	at androidx.compose.ui.node.LayoutModifierNodeCoordinator.measure-BRTryo0(LayoutModifierNodeCoordinator.kt:190)
	at androidx.compose.ui.node.MeasurePassDelegate.performMeasureBlock$lambda$0(MeasurePassDelegate.kt:174)
	at androidx.compose.runtime.snapshots.SnapshotStateObserver.observeReads(SnapshotStateObserver.kt:730)
	at androidx.compose.ui.node.MeasurePassDelegate.remeasure-BRTryo0(MeasurePassDelegate.kt:1087)
	at androidx.compose.ui.node.MeasurePassDelegate.measure-BRTryo0(MeasurePassDelegate.kt:484)
	at androidx.compose.foundation.layout.BoxMeasurePolicy.measure-3p2s80s(Box.kt:145)
	at androidx.compose.ui.node.InnerNodeCoordinator.measure-BRTryo0(InnerNodeCoordinator.kt:130)
	at androidx.compose.foundation.layout.FillNode.measure-3p2s80s(Size.kt:721)
	at androidx.compose.ui.node.LayoutModifierNodeCoordinator.measure-BRTryo0(LayoutModifierNodeCoordinator.kt:190)
	at androidx.compose.ui.node.MeasurePassDelegate.performMeasureBlock$lambda$0(MeasurePassDelegate.kt:174)
	at androidx.compose.runtime.snapshots.SnapshotStateObserver.observeReads(SnapshotStateObserver.kt:730)
	at androidx.compose.ui.node.MeasurePassDelegate.remeasure-BRTryo0(MeasurePassDelegate.kt:1087)
	at androidx.compose.ui.node.LayoutNode.remeasure-_Sx5XlM$ui(LayoutNode.kt:1288)
	at androidx.compose.ui.node.LayoutNode.remeasure-_Sx5XlM$ui$default(LayoutNode.kt:1281)
	at androidx.compose.ui.node.MeasureAndLayoutDelegate.doRemeasure-sdFAvZA(MeasureAndLayoutDelegate.kt:385)
	at androidx.compose.ui.node.MeasureAndLayoutDelegate.remeasureIfNeeded(MeasureAndLayoutDelegate.kt:674)
	at androidx.compose.ui.node.MeasureAndLayoutDelegate.remeasureIfNeeded$default(MeasureAndLayoutDelegate.kt:650)
	at androidx.compose.ui.node.MeasureAndLayoutDelegate.onlyRemeasureIfPending(MeasureAndLayoutDelegate.kt:756)
	at androidx.compose.ui.node.MeasureAndLayoutDelegate.forceMeasureTheSubtreeInternal(MeasureAndLayoutDelegate.kt:783)
	at androidx.compose.ui.node.MeasureAndLayoutDelegate.forceMeasureTheSubtreeInternal(MeasureAndLayoutDelegate.kt:790)
	at androidx.compose.ui.node.MeasureAndLayoutDelegate.forceMeasureTheSubtreeInternal(MeasureAndLayoutDelegate.kt:790)
	at androidx.compose.ui.node.MeasureAndLayoutDelegate.forceMeasureTheSubtreeInternal(MeasureAndLayoutDelegate.kt:790)
	at androidx.compose.ui.node.MeasureAndLayoutDelegate.forceMeasureTheSubtreeInternal(MeasureAndLayoutDelegate.kt:790)
	at androidx.compose.ui.node.MeasureAndLayoutDelegate.forceMeasureTheSubtree(MeasureAndLayoutDelegate.kt:747)
	at androidx.compose.ui.node.RootNodeOwner$OwnerImpl.forceMeasureTheSubtree(RootNodeOwner.skiko.kt:621)
	at androidx.compose.ui.node.Owner.forceMeasureTheSubtree$default(Owner.kt:270)
	at androidx.compose.ui.node.MeasurePassDelegate.remeasure-BRTryo0(MeasurePassDelegate.kt:522)
	at androidx.compose.ui.node.MeasurePassDelegate.measure-BRTryo0(MeasurePassDelegate.kt:484)
	at androidx.compose.foundation.layout.BoxMeasurePolicy.measure-3p2s80s(Box.kt:145)
	at androidx.compose.foundation.layout.BoxWithConstraintsKt.BoxWithConstraints$lambda$0$0(BoxWithConstraints.kt:68)
	at androidx.compose.ui.layout.LayoutNodeSubcompositionsState$createMeasurePolicy$1.measure-3p2s80s(SubcomposeLayout.kt:955)
	at androidx.compose.ui.node.InnerNodeCoordinator.measure-BRTryo0(InnerNodeCoordinator.kt:130)
	at androidx.compose.foundation.layout.FillNode.measure-3p2s80s(Size.kt:721)
	at androidx.compose.ui.node.LayoutModifierNodeCoordinator.measure-BRTryo0(LayoutModifierNodeCoordinator.kt:190)
	at androidx.compose.ui.node.MeasurePassDelegate.performMeasureBlock$lambda$0(MeasurePassDelegate.kt:174)
	at androidx.compose.runtime.snapshots.SnapshotStateObserver.observeReads(SnapshotStateObserver.kt:730)
	at androidx.compose.ui.node.MeasurePassDelegate.remeasure-BRTryo0(MeasurePassDelegate.kt:1087)
	at androidx.compose.ui.node.LayoutNode.remeasure-_Sx5XlM$ui(LayoutNode.kt:1288)
	at androidx.compose.ui.node.LayoutNode.remeasure-_Sx5XlM$ui$default(LayoutNode.kt:1281)
	at androidx.compose.ui.node.MeasureAndLayoutDelegate.doRemeasure-sdFAvZA(MeasureAndLayoutDelegate.kt:385)
	at androidx.compose.ui.node.MeasureAndLayoutDelegate.remeasureIfNeeded(MeasureAndLayoutDelegate.kt:674)
	at androidx.compose.ui.node.MeasureAndLayoutDelegate.remeasureIfNeeded$default(MeasureAndLayoutDelegate.kt:650)
	at androidx.compose.ui.node.MeasureAndLayoutDelegate.onlyRemeasureIfPending(MeasureAndLayoutDelegate.kt:756)
	at androidx.compose.ui.node.MeasureAndLayoutDelegate.forceMeasureTheSubtreeInternal(MeasureAndLayoutDelegate.kt:783)
	at androidx.compose.ui.node.MeasureAndLayoutDelegate.forceMeasureTheSubtreeInternal(MeasureAndLayoutDelegate.kt:790)
	at androidx.compose.ui.node.MeasureAndLayoutDelegate.forceMeasureTheSubtreeInternal(MeasureAndLayoutDelegate.kt:790)
	at androidx.compose.ui.node.MeasureAndLayoutDelegate.forceMeasureTheSubtreeInternal(MeasureAndLayoutDelegate.kt:790)
	at androidx.compose.ui.node.MeasureAndLayoutDelegate.forceMeasureTheSubtreeInternal(MeasureAndLayoutDelegate.kt:790)
	at androidx.compose.ui.node.MeasureAndLayoutDelegate.forceMeasureTheSubtreeInternal(MeasureAndLayoutDelegate.kt:790)
	at androidx.compose.ui.node.MeasureAndLayoutDelegate.forceMeasureTheSubtree(MeasureAndLayoutDelegate.kt:747)
	at androidx.compose.ui.node.RootNodeOwner$OwnerImpl.forceMeasureTheSubtree(RootNodeOwner.skiko.kt:621)
	at androidx.compose.ui.node.Owner.forceMeasureTheSubtree$default(Owner.kt:270)
	at androidx.compose.ui.node.MeasurePassDelegate.remeasure-BRTryo0(MeasurePassDelegate.kt:522)
	at androidx.compose.ui.node.MeasurePassDelegate.measure-BRTryo0(MeasurePassDelegate.kt:484)
	at androidx.compose.foundation.layout.BoxMeasurePolicy.measure-3p2s80s(Box.kt:145)
	at androidx.compose.foundation.layout.BoxWithConstraintsKt.BoxWithConstraints$lambda$0$0(BoxWithConstraints.kt:68)
	at androidx.compose.ui.layout.LayoutNodeSubcompositionsState$createMeasurePolicy$1.measure-3p2s80s(SubcomposeLayout.kt:955)
	at androidx.compose.ui.node.InnerNodeCoordinator.measure-BRTryo0(InnerNodeCoordinator.kt:130)
	at androidx.compose.foundation.layout.FillNode.measure-3p2s80s(Size.kt:721)
	at androidx.compose.ui.node.LayoutModifierNodeCoordinator.measure-BRTryo0(LayoutModifierNodeCoordinator.kt:190)
	at androidx.compose.ui.node.MeasurePassDelegate.performMeasureBlock$lambda$0(MeasurePassDelegate.kt:174)
	at androidx.compose.runtime.snapshots.SnapshotStateObserver.observeReads(SnapshotStateObserver.kt:730)
	at androidx.compose.ui.node.MeasurePassDelegate.remeasure-BRTryo0(MeasurePassDelegate.kt:1087)
	at androidx.compose.ui.node.MeasurePassDelegate.measure-BRTryo0(MeasurePassDelegate.kt:484)
	at androidx.compose.foundation.layout.BoxMeasurePolicy.measure-3p2s80s(Box.kt:145)
	at androidx.compose.foundation.layout.BoxWithConstraintsKt.BoxWithConstraints$lambda$0$0(BoxWithConstraints.kt:68)
	at androidx.compose.ui.layout.LayoutNodeSubcompositionsState$createMeasurePolicy$1.measure-3p2s80s(SubcomposeLayout.kt:955)
	at androidx.compose.ui.node.InnerNodeCoordinator.measure-BRTryo0(InnerNodeCoordinator.kt:130)
	at androidx.compose.foundation.layout.FillNode.measure-3p2s80s(Size.kt:721)
	at androidx.compose.ui.node.LayoutModifierNodeCoordinator.measure-BRTryo0(LayoutModifierNodeCoordinator.kt:190)
	at androidx.compose.ui.node.MeasurePassDelegate.performMeasureBlock$lambda$0(MeasurePassDelegate.kt:174)
	at androidx.compose.runtime.snapshots.SnapshotStateObserver.observeReads(SnapshotStateObserver.kt:759)
	at androidx.compose.ui.node.MeasurePassDelegate.remeasure-BRTryo0(MeasurePassDelegate.kt:1087)
	at androidx.compose.ui.node.LayoutNode.remeasure-_Sx5XlM$ui(LayoutNode.kt:1288)
	at androidx.compose.ui.node.LayoutNode.remeasure-_Sx5XlM$ui$default(LayoutNode.kt:1281)
	at androidx.compose.ui.node.MeasureAndLayoutDelegate.doRemeasure-sdFAvZA(MeasureAndLayoutDelegate.kt:385)
	at androidx.compose.ui.node.MeasureAndLayoutDelegate.remeasureIfNeeded(MeasureAndLayoutDelegate.kt:674)
	at androidx.compose.ui.node.MeasureAndLayoutDelegate.access$remeasureIfNeeded(MeasureAndLayoutDelegate.kt:46)
	at androidx.compose.ui.node.MeasureAndLayoutDelegate.measureAndLayout(MeasureAndLayoutDelegate.kt:411)
	at androidx.compose.ui.node.RootNodeOwner$OwnerImpl.measureAndLayout(RootNodeOwner.skiko.kt:596)
	at androidx.compose.ui.node.RootNodeOwner.measureAndLayout(RootNodeOwner.skiko.kt:247)
	at androidx.compose.ui.scene.CanvasLayersComposeSceneImpl.doMeasureAndLayout(CanvasLayersComposeScene.skiko.kt:299)
	at androidx.compose.ui.scene.BaseComposeScene.measureAndLayout(BaseComposeScene.skiko.kt:159)
	at androidx.compose.ui.scene.SingleComposeSceneRenderingScope.render(SingleComposeSceneRenderingScope.kt:76)
	at androidx.compose.ui.scene.ComposeSceneMediator.onRender$lambda$0$0(ComposeSceneMediator.desktop.kt:733)
	at androidx.compose.ui.viewinterop.SwingInteropContainer.postponingExecutingScheduledUpdates(SwingInteropContainer.desktop.kt:297)
	at androidx.compose.ui.scene.ComposeSceneMediator.onRender(ComposeSceneMediator.desktop.kt:730)
	at org.jetbrains.skiko.SkiaLayer.update$skiko(SkiaLayer.awt.kt:629)
	at org.jetbrains.skiko.redrawer.AWTRedrawer.update(AWTRedrawer.kt:54)
	at org.jetbrains.skiko.redrawer.Redrawer.update$default(Redrawer.kt:15)
	at org.jetbrains.skiko.redrawer.AbstractDirectSoftwareRedrawer$frameDispatcher$1.invokeSuspend(AbstractDirectSoftwareRedrawer.kt:25)
	at kotlin.coroutines.jvm.internal.BaseContinuationImpl.resumeWith(ContinuationImpl.kt:34)
	at kotlinx.coroutines.DispatchedTask.run(DispatchedTask.kt:100)
	at java.desktop/java.awt.event.InvocationEvent.dispatch(InvocationEvent.java:318)
	at java.desktop/java.awt.EventQueue.dispatchEventImpl(EventQueue.java:773)
	at java.desktop/java.awt.EventQueue$4.run(EventQueue.java:720)
	at java.desktop/java.awt.EventQueue$4.run(EventQueue.java:714)
	at java.base/java.security.AccessController.doPrivileged(AccessController.java:400)
	at java.base/java.security.ProtectionDomain$JavaSecurityAccessImpl.doIntersectionPrivilege(ProtectionDomain.java:87)
	at java.desktop/java.awt.EventQueue.dispatchEvent(EventQueue.java:742)
	at java.desktop/java.awt.EventDispatchThread.pumpOneEventForFilters(EventDispatchThread.java:203)
	at java.desktop/java.awt.EventDispatchThread.pumpEventsForFilter(EventDispatchThread.java:124)
	at java.desktop/java.awt.EventDispatchThread.pumpEventsForHierarchy(EventDispatchThread.java:113)
	at java.desktop/java.awt.EventDispatchThread.pumpEvents(EventDispatchThread.java:109)
	at java.desktop/java.awt.EventDispatchThread.pumpEvents(EventDispatchThread.java:101)
	at java.desktop/java.awt.EventDispatchThread.run(EventDispatchThread.java:90)
kotlinx.coroutines.TimeoutCancellationException: Timed out waiting for 35000 ms
	at kotlinx.coroutines.TimeoutKt.TimeoutCancellationException(Timeout.kt:189)
	at kotlinx.coroutines.TimeoutCoroutine.run(Timeout.kt:157)
	at kotlinx.coroutines.EventLoopImplBase$DelayedRunnableTask.run(EventLoop.common.kt:505)
	at kotlinx.coroutines.EventLoopImplBase.processNextEvent(EventLoop.common.kt:263)
	at kotlinx.coroutines.DefaultExecutor.run(DefaultExecutor.kt:105)
	at java.base/java.lang.Thread.run(Thread.java:1583)
