kotlinx.serialization.json.JsonDecodingException: Unexpected JSON token at offset 117: Expected valid boolean literal prefix, but had '1' at path: $.data.result[0].is_live
JSON input: {"data":{"page":1,"numPages":3,"numResults":3,"result":[{"roomid":71,"uid":77,"uname":"Fixture live user","is_live":1}]}}
	at kotlinx.serialization.json.internal.JsonExceptionsKt.decodingExceptionOf(JsonExceptions.kt:48)
	at kotlinx.serialization.json.internal.AbstractJsonLexer.fail(AbstractJsonLexer.kt:583)
	at kotlinx.serialization.json.internal.AbstractJsonLexer.fail$default(AbstractJsonLexer.kt:582)
	at kotlinx.serialization.json.internal.AbstractJsonLexer.consumeBoolean(AbstractJsonLexer.kt:729)
	at kotlinx.serialization.json.internal.AbstractJsonLexer.consumeBooleanLenient(AbstractJsonLexer.kt:700)
	at kotlinx.serialization.json.internal.StreamingJsonDecoder.decodeBoolean(StreamingJsonDecoder.kt:280)
	at kotlinx.serialization.encoding.AbstractDecoder.decodeBooleanElement(AbstractDecoder.kt:50)
	at com.android.purebilibili.data.model.response.SearchLiveUserItem$$serializer.deserialize(SearchModels.kt:519)
	at com.android.purebilibili.data.model.response.SearchLiveUserItem$$serializer.deserialize(SearchModels.kt:519)
	at kotlinx.serialization.json.internal.StreamingJsonDecoder.decodeSerializableValue(StreamingJsonDecoder.kt:69)
	at kotlinx.serialization.encoding.AbstractDecoder.decodeSerializableValue(AbstractDecoder.kt:43)
	at kotlinx.serialization.encoding.AbstractDecoder.decodeSerializableElement(AbstractDecoder.kt:70)
	at kotlinx.serialization.json.internal.StreamingJsonDecoder.decodeSerializableElement(StreamingJsonDecoder.kt:168)
	at kotlinx.serialization.encoding.CompositeDecoder.decodeSerializableElement$default(Decoding.kt:539)
	at kotlinx.serialization.internal.CollectionLikeSerializer.readElement(CollectionSerializers.kt:80)
	at kotlinx.serialization.internal.AbstractCollectionSerializer.readElement$default(CollectionSerializers.kt:51)
	at kotlinx.serialization.internal.AbstractCollectionSerializer.merge(CollectionSerializers.kt:36)
	at kotlinx.serialization.internal.AbstractCollectionSerializer.deserialize(CollectionSerializers.kt:43)
	at kotlinx.serialization.json.internal.StreamingJsonDecoder.decodeSerializableValue(StreamingJsonDecoder.kt:69)
	at kotlinx.serialization.encoding.AbstractDecoder.decodeSerializableValue(AbstractDecoder.kt:43)
	at kotlinx.serialization.encoding.AbstractDecoder.decodeNullableSerializableElement(AbstractDecoder.kt:78)
	at com.android.purebilibili.data.model.response.SearchLiveUserData$$serializer.deserialize(SearchModels.kt:510)
	at com.android.purebilibili.data.model.response.SearchLiveUserData$$serializer.deserialize(SearchModels.kt:510)
	at kotlinx.serialization.json.internal.StreamingJsonDecoder.decodeSerializableValue(StreamingJsonDecoder.kt:69)
	at kotlinx.serialization.encoding.AbstractDecoder.decodeSerializableValue(AbstractDecoder.kt:43)
	at kotlinx.serialization.encoding.AbstractDecoder.decodeNullableSerializableElement(AbstractDecoder.kt:78)
	at com.android.purebilibili.data.model.response.SearchLiveUserResponse$$serializer.deserialize(SearchModels.kt:503)
	at com.android.purebilibili.data.model.response.SearchLiveUserResponse$$serializer.deserialize(SearchModels.kt:503)
	at kotlinx.serialization.json.internal.StreamingJsonDecoder.decodeSerializableValue(StreamingJsonDecoder.kt:69)
	at kotlinx.serialization.json.Json.decodeFromString(Json.kt:149)
	at com.bilipai.desktop.ui.ApiFixture.response(SearchOwnerFixture.kt:210)
	at com.bilipai.desktop.ui.ApiFixture.access$response(SearchOwnerFixture.kt:42)
	at com.bilipai.desktop.ui.ApiFixture$proxy$1$1.invokeSuspend(SearchOwnerFixture.kt:77)
	at kotlin.coroutines.jvm.internal.BaseContinuationImpl.resumeWith(ContinuationImpl.kt:34)
	at kotlinx.coroutines.DispatchedTask.run(DispatchedTask.kt:100)
	at kotlinx.coroutines.scheduling.CoroutineScheduler.runSafely(CoroutineScheduler.kt:586)
	at kotlinx.coroutines.scheduling.CoroutineScheduler$Worker.executeTask(CoroutineScheduler.kt:829)
	at kotlinx.coroutines.scheduling.CoroutineScheduler$Worker.runWorker(CoroutineScheduler.kt:717)
	at kotlinx.coroutines.scheduling.CoroutineScheduler$Worker.run(CoroutineScheduler.kt:704)
Exception in thread "main" java.lang.IllegalStateException: original live_user current page populated
	at com.bilipai.desktop.ui.SearchOwnerFixtureKt.verify(SearchOwnerFixture.kt:38)
	at com.bilipai.desktop.ui.SearchOwnerFixtureKt.access$verify(SearchOwnerFixture.kt:1)
	at com.bilipai.desktop.ui.SearchOwnerFixtureKt$main$1.invokeSuspend(SearchOwnerFixture.kt:133)
	at kotlin.coroutines.jvm.internal.BaseContinuationImpl.resumeWith(ContinuationImpl.kt:34)
	at kotlinx.coroutines.internal.ScopeCoroutine.afterResume(Scopes.kt:35)
	at kotlinx.coroutines.AbstractCoroutine.resumeWith(AbstractCoroutine.kt:101)
	at kotlin.coroutines.jvm.internal.BaseContinuationImpl.resumeWith(ContinuationImpl.kt:47)
	at kotlinx.coroutines.DispatchedTaskKt.resume(DispatchedTask.kt:233)
	at kotlinx.coroutines.DispatchedTaskKt.dispatch(DispatchedTask.kt:152)
	at kotlinx.coroutines.CancellableContinuationImpl.dispatchResume(CancellableContinuationImpl.kt:470)
	at kotlinx.coroutines.CancellableContinuationImpl.resumeImpl$kotlinx_coroutines_core(CancellableContinuationImpl.kt:504)
	at kotlinx.coroutines.CancellableContinuationImpl.resumeImpl$kotlinx_coroutines_core$default(CancellableContinuationImpl.kt:493)
	at kotlinx.coroutines.CancellableContinuationImpl.resumeUndispatched(CancellableContinuationImpl.kt:596)
	at kotlinx.coroutines.EventLoopImplBase$DelayedResumeTask.run(EventLoop.common.kt:497)
	at kotlinx.coroutines.EventLoopImplBase.processNextEvent(EventLoop.common.kt:263)
	at kotlinx.coroutines.BlockingCoroutine.joinBlocking(Builders.kt:94)
	at kotlinx.coroutines.BuildersKt__BuildersKt.runBlocking(Builders.kt:70)
	at kotlinx.coroutines.BuildersKt.runBlocking(Unknown Source)
	at kotlinx.coroutines.BuildersKt__BuildersKt.runBlocking$default(Builders.kt:48)
	at kotlinx.coroutines.BuildersKt.runBlocking$default(Unknown Source)
	at com.bilipai.desktop.ui.SearchOwnerFixtureKt.main(SearchOwnerFixture.kt:102)
