desktop\.local\stable-settings-storage-owner-parity\StorageOwnerFixture.kt:35:26: warning: the corresponding parameter in the supertype 'Call' is named 'responseCallback'. This may cause problems when calling this function with named arguments.
    override fun enqueue(callback: Callback) {
                         ^^^^^^^^
desktop\.local\stable-settings-storage-owner-parity\prepared\desktop\src\main\kotlin\com\bilipai\desktop\DesktopShell.kt:1024:66: warning: elvis operator (?:) always returns the left operand of non-nullable type 'Long'.
                else if (!item.bvid.isNullOrBlank() || (item.aid ?: 0) > 0) openVideo(VideoCard(item.bvid.orEmpty().ifBlank { "av${item.aid}" },
                                                                 ^^^^
desktop\.local\stable-settings-storage-owner-parity\prepared\desktop\src\main\kotlin\com\bilipai\desktop\DesktopShell.kt:1207:47: warning: unnecessary non-null assertion (!!) on a non-null receiver of type 'ListenAudioState'.
                title = if (audioTarget) audio!!.current!!.title else offlinePayload?.title ?: if (retainedOwner != null) retainedMedia.title else current.details?.title ?: state.sourceTitle,
                                              ^^
desktop\.local\stable-settings-storage-owner-parity\prepared\desktop\src\main\kotlin\com\bilipai\desktop\DesktopShell.kt:1208:48: warning: unnecessary non-null assertion (!!) on a non-null receiver of type 'ListenAudioState'.
                artist = if (audioTarget) audio!!.current!!.owner else offlinePayload?.owner ?: if (retainedOwner != null) "" else current.details?.author.orEmpty(),
                                               ^^
desktop\.local\stable-settings-storage-owner-parity\prepared\desktop\src\main\kotlin\com\bilipai\desktop\DesktopShell.kt:1209:49: warning: unnecessary non-null assertion (!!) on a non-null receiver of type 'ListenAudioState'.
                mediaId = if (audioTarget) audio!!.current!!.bvid else offlinePayload?.bvid ?: if (retainedOwner != null) state.sourceTitle else current.details?.bvid ?: state.sourceTitle,
                                                ^^
desktop\.local\stable-settings-storage-owner-parity\prepared\desktop\src\main\kotlin\com\bilipai\desktop\DesktopShell.kt:1211:53: warning: unnecessary non-null assertion (!!) on a non-null receiver of type 'ListenAudioState'.
                hasPrevious = if (audioTarget) audio!!.queue.size > 1 && (audio.currentIndex > 0 || preferences.playbackMode in setOf(com.bilipai.desktop.player.PlaybackMode.REPEAT_ALL, com.bilipai.desktop.player.PlaybackMode.SHUFFLE)) else retainedMedia.current?.let { it.previous != null } ?: playback.hasPrevious,
                                                    ^^
desktop\.local\stable-settings-storage-owner-parity\prepared\desktop\src\main\kotlin\com\bilipai\desktop\DesktopShell.kt:1212:49: warning: unnecessary non-null assertion (!!) on a non-null receiver of type 'ListenAudioState'.
                hasNext = if (audioTarget) audio!!.queue.size > 1 && (audio.currentIndex < audio.queue.size - 1 || preferences.playbackMode in setOf(com.bilipai.desktop.player.PlaybackMode.REPEAT_ALL, com.bilipai.desktop.player.PlaybackMode.SHUFFLE)) else retainedMedia.current?.let { it.next != null } ?: playback.hasNext,
                                                ^^
desktop\.local\stable-settings-storage-owner-parity\prepared\desktop\src\main\kotlin\com\bilipai\desktop\DesktopShell.kt:1369:34: warning: 'fun <T : Component> SwingPanel(background: Color = ..., factory: () -> T, modifier: Modifier = ..., update: (T) -> Unit = ...): Unit' is deprecated. Use overload without `background` parameter. Set the background manually in the factory method.
        if (audioPlayer != null) SwingPanel(factory = { audioPlayer.surface }, background = Color.Transparent, modifier = Modifier.size(1.dp))
                                 ^^^^^^^^^^
desktop\.local\stable-settings-storage-owner-parity\prepared\desktop\src\main\kotlin\com\bilipai\desktop\DesktopShell.kt:1479:119: warning: expression is unused.
                    { expectedEpoch,expectedMid -> authenticationInvalidations.trySend(expectedEpoch to expectedMid); Unit },
                                                                                                                      ^^^^
desktop\.local\stable-settings-storage-owner-parity\prepared\desktop\src\main\kotlin\com\bilipai\desktop\DesktopShell.kt:1549:37: warning: condition is always 'false'.
                                if (entry == null || queue == null || !entry.isOwned()) {
                                    ^^^^^^^^^^^^^
desktop\.local\stable-settings-storage-owner-parity\prepared\desktop\src\main\kotlin\com\bilipai\desktop\data\DesktopRepository.kt:880:32: warning: unnecessary safe call on a non-null receiver of type 'DashVideo'.
                quality = video?.id ?: quality, availableQualities = qualities,
                               ^^
desktop\.local\stable-settings-storage-owner-parity\prepared\desktop\src\main\kotlin\com\bilipai\desktop\data\DesktopRepository.kt:881:42: warning: unnecessary safe call on a non-null receiver of type 'DashVideo'.
                videoAlternatives = video?.backupUrl.orEmpty().filter(String::isNotBlank).map(::normalizeUrl),
                                         ^^
desktop\.local\stable-settings-storage-owner-parity\prepared\desktop\src\main\kotlin\com\bilipai\desktop\download\DesktopDownloadManager.kt:504:32: warning: redundant creation of Json format. Creating instances for each usage can be slow.
                val manifest = Json { ignoreUnknownKeys = true }.decodeFromString(LocalDanmakuManifest.serializer(), Files.readString(Path.of(result.metadataPath)))
                               ^^^^^^^^^^^^^^^^^^^^^^^^^^^^^^^^^
desktop\.local\stable-settings-storage-owner-parity\prepared\desktop\src\main\kotlin\com\bilipai\desktop\player\DesktopSubtitleAssets.kt:92:48: warning: the corresponding parameter in the supertype 'Callback' is named 'e'. This may cause problems when calling this function with named arguments.
            override fun onFailure(call: Call, failure: IOException) {
                                               ^^^^^^^
desktop\.local\stable-settings-storage-owner-parity\prepared\desktop\src\main\kotlin\com\bilipai\desktop\player\DesktopSubtitleAssets.kt:100:50: warning: elvis operator (?:) always returns the left operand of non-nullable type 'ResponseBody'.
                        val body = response.body ?: error("×ÖÄ»ÄÚÈÝÎª¿Õ")
                                                 ^^^^^^^^^^^^^^^^^^
desktop\.local\stable-settings-storage-owner-parity\prepared\desktop\src\main\kotlin\com\bilipai\desktop\player\cache\DesktopMediaByteCache.kt:315:42: warning: elvis operator (?:) always returns the left operand of non-nullable type 'ResponseBody'.
                val body = response.body ?: throw IOException("Media body missing")
                                         ^^^^^^^^^^^^^^^^^^^^^^^^^^^^^^^^^^^^^^^^^^
desktop\.local\stable-settings-storage-owner-parity\prepared\desktop\src\main\kotlin\com\bilipai\desktop\player\cache\DesktopMediaByteCache.kt:366:46: warning: unnecessary safe call on a non-null receiver of type 'ResponseBody'.
                    val input = response.body?.byteStream() ?: throw IOException("Media body missing")
                                             ^^
