Error was captured in composition.
java.lang.IllegalStateException: Dynamic detail foreground owner is not mounted
	at com.bilipai.desktop.ui.DesktopDetailEffectsKt.LocalDesktopDetailForeground$lambda$0(DesktopDetailEffects.kt:11)
	at kotlin.SynchronizedLazyImpl.getValue(LazyJVM.kt:86)
	at androidx.compose.runtime.LazyValueHolder.getCurrent(ValueHolders.kt:46)
	at androidx.compose.runtime.LazyValueHolder.readValue(ValueHolders.kt:48)
	at androidx.compose.runtime.CompositionLocalMapKt.read(CompositionLocalMap.kt:88)
	at androidx.compose.runtime.GapComposer.consume(GapComposer.kt:1235)
	at com.android.purebilibili.core.ui.ImmersiveAppScaffoldKt.ImmersiveAppScaffold-uhEuKqE(ImmersiveAppScaffold.kt:152)
	at com.android.purebilibili.feature.message.InboxScreenKt.InboxScreen(InboxScreen.kt:82)
	at com.bilipai.desktop.ui.DesktopOriginalMessagePagesUiFixtureKt$main$1.invokeSuspend$lambda$0$2$0(DesktopOriginalMessagePagesUiFixture.kt:55)
	at androidx.compose.runtime.internal.ComposableLambdaImpl.invoke(ComposableLambda.kt:122)
	at androidx.compose.runtime.internal.ComposableLambdaImpl.invoke(ComposableLambda.kt:52)
	at androidx.compose.runtime.CompositionLocalKt.CompositionLocalProvider(CompositionLocal.kt:428)
	at com.android.purebilibili.core.ui.AppThemeConfigKt.ProvideAppThemeConfig$lambda$0(AppThemeConfig.kt:70)
	at androidx.compose.runtime.internal.ComposableLambdaImpl.invoke(ComposableLambda.kt:122)
	at androidx.compose.runtime.internal.ComposableLambdaImpl.invoke(ComposableLambda.kt:52)
	at androidx.compose.runtime.CompositionLocalKt.CompositionLocalProvider(CompositionLocal.kt:428)
	at com.android.purebilibili.core.ui.AppThemeConfigKt.ProvideAppThemeConfig(AppThemeConfig.kt:68)
	at com.bilipai.desktop.appearance.DesktopAppearanceThemeKt.DesktopAppearanceTheme$lambda$7$0$0(DesktopAppearanceTheme.kt:111)
	at androidx.compose.runtime.internal.ComposableLambdaImpl.invoke(ComposableLambda.kt:122)
	at androidx.compose.runtime.internal.ComposableLambdaImpl.invoke(ComposableLambda.kt:52)
	at androidx.compose.runtime.CompositionLocalKt.CompositionLocalProvider(CompositionLocal.kt:428)
	at androidx.compose.material3.TextKt.ProvideTextStyle(Text.kt:667)
	at androidx.compose.material3.MaterialThemeKt.MaterialTheme$lambda$1$0(MaterialTheme.kt:114)
	at androidx.compose.runtime.internal.ComposableLambdaImpl.invoke(ComposableLambda.kt:122)
	at androidx.compose.runtime.internal.ComposableLambdaImpl.invoke(ComposableLambda.kt:52)
	at androidx.compose.material3.PrecisionPointer_skikoKt.EnsurePrecisionPointerListenersRegistered(PrecisionPointer.skiko.kt:26)
	at androidx.compose.material3.MaterialThemeKt.MaterialTheme$lambda$1(MaterialTheme.kt:113)
	at androidx.compose.runtime.internal.ComposableLambdaImpl.invoke(ComposableLambda.kt:122)
	at androidx.compose.runtime.internal.ComposableLambdaImpl.invoke(ComposableLambda.kt:52)
	at androidx.compose.runtime.CompositionLocalKt.CompositionLocalProvider(CompositionLocal.kt:408)
	at androidx.compose.material3.MaterialThemeKt.MaterialTheme(MaterialTheme.kt:108)
	at com.bilipai.desktop.appearance.DesktopAppearanceThemeKt.DesktopAppearanceTheme$lambda$7$0(DesktopAppearanceTheme.kt:109)
	at androidx.compose.runtime.internal.ComposableLambdaImpl.invoke(ComposableLambda.kt:122)
	at androidx.compose.runtime.internal.ComposableLambdaImpl.invoke(ComposableLambda.kt:52)
	at top.yukonga.miuix.kmp.theme.MiuixThemeKt.MiuixTheme$lambda$5(MiuixTheme.kt:41)
	at androidx.compose.runtime.internal.ComposableLambdaImpl.invoke(ComposableLambda.kt:122)
	at androidx.compose.runtime.internal.ComposableLambdaImpl.invoke(ComposableLambda.kt:52)
	at androidx.compose.runtime.CompositionLocalKt.CompositionLocalProvider(CompositionLocal.kt:408)
	at top.yukonga.miuix.kmp.theme.MiuixThemeKt.MiuixTheme(MiuixTheme.kt:33)
	at com.bilipai.desktop.appearance.DesktopAppearanceThemeKt.DesktopAppearanceTheme$lambda$7(DesktopAppearanceTheme.kt:108)
	at androidx.compose.runtime.internal.ComposableLambdaImpl.invoke(ComposableLambda.kt:122)
	at androidx.compose.runtime.internal.ComposableLambdaImpl.invoke(ComposableLambda.kt:52)
	at androidx.compose.runtime.CompositionLocalKt.CompositionLocalProvider(CompositionLocal.kt:408)
	at com.bilipai.desktop.appearance.DesktopAppearanceThemeKt.DesktopAppearanceTheme(DesktopAppearanceTheme.kt:96)
	at com.bilipai.desktop.ui.DesktopOriginalMessagePagesUiFixtureKt$main$1.invokeSuspend$lambda$0$2(DesktopOriginalMessagePagesUiFixture.kt:53)
	at androidx.compose.runtime.internal.ComposableLambdaImpl.invoke(ComposableLambda.kt:122)
	at androidx.compose.runtime.internal.ComposableLambdaImpl.invoke(ComposableLambda.kt:52)
	at androidx.compose.runtime.CompositionLocalKt.CompositionLocalProvider(CompositionLocal.kt:408)
	at androidx.compose.ui.platform.CompositionLocals_skikoKt.ProvidePlatformCompositionLocals(CompositionLocals.skiko.kt:92)
	at androidx.compose.ui.scene.BaseComposeScene$setContent$1$2.invoke(BaseComposeScene.skiko.kt:143)
	at androidx.compose.ui.scene.BaseComposeScene$setContent$1$2.invoke(BaseComposeScene.skiko.kt:142)
	at androidx.compose.runtime.internal.ComposableLambdaImpl.invoke(ComposableLambda.kt:122)
	at androidx.compose.runtime.internal.ComposableLambdaImpl.invoke(ComposableLambda.kt:52)
	at androidx.compose.runtime.CompositionLocalKt.CompositionLocalProvider(CompositionLocal.kt:408)
	at androidx.compose.ui.platform.CompositionLocalsKt.ProvideCommonCompositionLocals(CompositionLocals.kt:255)
	at androidx.compose.ui.platform.Wrapper_skikoKt.setContent$lambda$0$0(Wrapper.skiko.kt:40)
	at androidx.compose.runtime.internal.ComposableLambdaImpl.invoke(ComposableLambda.kt:122)
	at androidx.compose.runtime.internal.ComposableLambdaImpl.invoke(ComposableLambda.kt:52)
	at androidx.compose.ui.platform.Wrapper_skikoKt.provide(Wrapper.skiko.kt:55)
	at androidx.compose.ui.platform.Wrapper_skikoKt.setContent$lambda$0(Wrapper.skiko.kt:39)
	at androidx.compose.runtime.internal.ComposableLambdaImpl.invoke(ComposableLambda.kt:122)
	at androidx.compose.runtime.internal.ComposableLambdaImpl.invoke(ComposableLambda.kt:52)
	at androidx.compose.runtime.internal.Expect_jvmKt.invokeComposable(Expect.jvmAndAndroid.kt:26)
	at androidx.compose.runtime.GapComposer.doCompose-aFTiNEg(GapComposer.kt:2643)
	at androidx.compose.runtime.GapComposer.composeContent--ZbOJvo$runtime(GapComposer.kt:2545)
	at androidx.compose.runtime.CompositionImpl.composeContent(Composition.kt:905)
	at androidx.compose.runtime.Recomposer.composeInitial$runtime(Recomposer.kt:1178)
	at androidx.compose.runtime.CompositionImpl.composeInitial(Composition.kt:735)
	at androidx.compose.runtime.CompositionImpl.setContent(Composition.kt:702)
	at androidx.compose.ui.platform.Wrapper_skikoKt.setContent(Wrapper.skiko.kt:38)
	at androidx.compose.ui.scene.CanvasLayersComposeSceneImpl.createComposition(CanvasLayersComposeScene.skiko.kt:240)
	at androidx.compose.ui.scene.BaseComposeScene.setContent(BaseComposeScene.skiko.kt:140)
	at androidx.compose.ui.scene.ComposeScene.setContent$default(ComposeScene.skiko.kt:182)
	at androidx.compose.ui.ImageComposeScene.setContent(ImageComposeScene.skiko.kt:263)
	at com.bilipai.desktop.ui.DesktopOriginalMessagePagesUiFixtureKt$main$1.invokeSuspend(DesktopOriginalMessagePagesUiFixture.kt:52)
	at kotlin.coroutines.jvm.internal.BaseContinuationImpl.resumeWith(ContinuationImpl.kt:34)
	at kotlinx.coroutines.DispatchedTask.run(DispatchedTask.kt:100)
	at kotlinx.coroutines.EventLoopImplBase.processNextEvent(EventLoop.common.kt:263)
	at kotlinx.coroutines.BlockingCoroutine.joinBlocking(Builders.kt:94)
	at kotlinx.coroutines.BuildersKt__BuildersKt.runBlocking(Builders.kt:70)
	at kotlinx.coroutines.BuildersKt.runBlocking(Unknown Source)
	at kotlinx.coroutines.BuildersKt__BuildersKt.runBlocking$default(Builders.kt:48)
	at kotlinx.coroutines.BuildersKt.runBlocking$default(Unknown Source)
	at com.bilipai.desktop.ui.DesktopOriginalMessagePagesUiFixtureKt.main(DesktopOriginalMessagePagesUiFixture.kt:44)
Exception in thread "main" java.lang.IllegalStateException: Dynamic detail foreground owner is not mounted
	at com.bilipai.desktop.ui.DesktopDetailEffectsKt.LocalDesktopDetailForeground$lambda$0(DesktopDetailEffects.kt:11)
	at kotlin.SynchronizedLazyImpl.getValue(LazyJVM.kt:86)
	at androidx.compose.runtime.LazyValueHolder.getCurrent(ValueHolders.kt:46)
	at androidx.compose.runtime.LazyValueHolder.readValue(ValueHolders.kt:48)
	at androidx.compose.runtime.CompositionLocalMapKt.read(CompositionLocalMap.kt:88)
	at androidx.compose.runtime.GapComposer.consume(GapComposer.kt:1235)
	at com.android.purebilibili.core.ui.ImmersiveAppScaffoldKt.ImmersiveAppScaffold-uhEuKqE(ImmersiveAppScaffold.kt:152)
	at com.android.purebilibili.feature.message.InboxScreenKt.InboxScreen(InboxScreen.kt:82)
	at com.bilipai.desktop.ui.DesktopOriginalMessagePagesUiFixtureKt$main$1.invokeSuspend$lambda$0$2$0(DesktopOriginalMessagePagesUiFixture.kt:55)
	at androidx.compose.runtime.internal.ComposableLambdaImpl.invoke(ComposableLambda.kt:122)
	at androidx.compose.runtime.internal.ComposableLambdaImpl.invoke(ComposableLambda.kt:52)
	at androidx.compose.runtime.CompositionLocalKt.CompositionLocalProvider(CompositionLocal.kt:428)
	at com.android.purebilibili.core.ui.AppThemeConfigKt.ProvideAppThemeConfig$lambda$0(AppThemeConfig.kt:70)
	at androidx.compose.runtime.internal.ComposableLambdaImpl.invoke(ComposableLambda.kt:122)
	at androidx.compose.runtime.internal.ComposableLambdaImpl.invoke(ComposableLambda.kt:52)
	at androidx.compose.runtime.CompositionLocalKt.CompositionLocalProvider(CompositionLocal.kt:428)
	at com.android.purebilibili.core.ui.AppThemeConfigKt.ProvideAppThemeConfig(AppThemeConfig.kt:68)
	at com.bilipai.desktop.appearance.DesktopAppearanceThemeKt.DesktopAppearanceTheme$lambda$7$0$0(DesktopAppearanceTheme.kt:111)
	at androidx.compose.runtime.internal.ComposableLambdaImpl.invoke(ComposableLambda.kt:122)
	at androidx.compose.runtime.internal.ComposableLambdaImpl.invoke(ComposableLambda.kt:52)
	at androidx.compose.runtime.CompositionLocalKt.CompositionLocalProvider(CompositionLocal.kt:428)
	at androidx.compose.material3.TextKt.ProvideTextStyle(Text.kt:667)
	at androidx.compose.material3.MaterialThemeKt.MaterialTheme$lambda$1$0(MaterialTheme.kt:114)
	at androidx.compose.runtime.internal.ComposableLambdaImpl.invoke(ComposableLambda.kt:122)
	at androidx.compose.runtime.internal.ComposableLambdaImpl.invoke(ComposableLambda.kt:52)
	at androidx.compose.material3.PrecisionPointer_skikoKt.EnsurePrecisionPointerListenersRegistered(PrecisionPointer.skiko.kt:26)
	at androidx.compose.material3.MaterialThemeKt.MaterialTheme$lambda$1(MaterialTheme.kt:113)
	at androidx.compose.runtime.internal.ComposableLambdaImpl.invoke(ComposableLambda.kt:122)
	at androidx.compose.runtime.internal.ComposableLambdaImpl.invoke(ComposableLambda.kt:52)
	at androidx.compose.runtime.CompositionLocalKt.CompositionLocalProvider(CompositionLocal.kt:408)
	at androidx.compose.material3.MaterialThemeKt.MaterialTheme(MaterialTheme.kt:108)
	at com.bilipai.desktop.appearance.DesktopAppearanceThemeKt.DesktopAppearanceTheme$lambda$7$0(DesktopAppearanceTheme.kt:109)
	at androidx.compose.runtime.internal.ComposableLambdaImpl.invoke(ComposableLambda.kt:122)
	at androidx.compose.runtime.internal.ComposableLambdaImpl.invoke(ComposableLambda.kt:52)
	at top.yukonga.miuix.kmp.theme.MiuixThemeKt.MiuixTheme$lambda$5(MiuixTheme.kt:41)
	at androidx.compose.runtime.internal.ComposableLambdaImpl.invoke(ComposableLambda.kt:122)
	at androidx.compose.runtime.internal.ComposableLambdaImpl.invoke(ComposableLambda.kt:52)
	at androidx.compose.runtime.CompositionLocalKt.CompositionLocalProvider(CompositionLocal.kt:408)
	at top.yukonga.miuix.kmp.theme.MiuixThemeKt.MiuixTheme(MiuixTheme.kt:33)
	at com.bilipai.desktop.appearance.DesktopAppearanceThemeKt.DesktopAppearanceTheme$lambda$7(DesktopAppearanceTheme.kt:108)
	at androidx.compose.runtime.internal.ComposableLambdaImpl.invoke(ComposableLambda.kt:122)
	at androidx.compose.runtime.internal.ComposableLambdaImpl.invoke(ComposableLambda.kt:52)
	at androidx.compose.runtime.CompositionLocalKt.CompositionLocalProvider(CompositionLocal.kt:408)
	at com.bilipai.desktop.appearance.DesktopAppearanceThemeKt.DesktopAppearanceTheme(DesktopAppearanceTheme.kt:96)
	at com.bilipai.desktop.ui.DesktopOriginalMessagePagesUiFixtureKt$main$1.invokeSuspend$lambda$0$2(DesktopOriginalMessagePagesUiFixture.kt:53)
	at androidx.compose.runtime.internal.ComposableLambdaImpl.invoke(ComposableLambda.kt:122)
	at androidx.compose.runtime.internal.ComposableLambdaImpl.invoke(ComposableLambda.kt:52)
	at androidx.compose.runtime.CompositionLocalKt.CompositionLocalProvider(CompositionLocal.kt:408)
	at androidx.compose.ui.platform.CompositionLocals_skikoKt.ProvidePlatformCompositionLocals(CompositionLocals.skiko.kt:92)
	at androidx.compose.ui.scene.BaseComposeScene$setContent$1$2.invoke(BaseComposeScene.skiko.kt:143)
	at androidx.compose.ui.scene.BaseComposeScene$setContent$1$2.invoke(BaseComposeScene.skiko.kt:142)
	at androidx.compose.runtime.internal.ComposableLambdaImpl.invoke(ComposableLambda.kt:122)
	at androidx.compose.runtime.internal.ComposableLambdaImpl.invoke(ComposableLambda.kt:52)
	at androidx.compose.runtime.CompositionLocalKt.CompositionLocalProvider(CompositionLocal.kt:408)
	at androidx.compose.ui.platform.CompositionLocalsKt.ProvideCommonCompositionLocals(CompositionLocals.kt:255)
	at androidx.compose.ui.platform.Wrapper_skikoKt.setContent$lambda$0$0(Wrapper.skiko.kt:40)
	at androidx.compose.runtime.internal.ComposableLambdaImpl.invoke(ComposableLambda.kt:122)
	at androidx.compose.runtime.internal.ComposableLambdaImpl.invoke(ComposableLambda.kt:52)
	at androidx.compose.ui.platform.Wrapper_skikoKt.provide(Wrapper.skiko.kt:55)
	at androidx.compose.ui.platform.Wrapper_skikoKt.setContent$lambda$0(Wrapper.skiko.kt:39)
	at androidx.compose.runtime.internal.ComposableLambdaImpl.invoke(ComposableLambda.kt:122)
	at androidx.compose.runtime.internal.ComposableLambdaImpl.invoke(ComposableLambda.kt:52)
	at androidx.compose.runtime.internal.Expect_jvmKt.invokeComposable(Expect.jvmAndAndroid.kt:26)
	at androidx.compose.runtime.GapComposer.doCompose-aFTiNEg(GapComposer.kt:2643)
	at androidx.compose.runtime.GapComposer.composeContent--ZbOJvo$runtime(GapComposer.kt:2545)
	at androidx.compose.runtime.CompositionImpl.composeContent(Composition.kt:905)
	at androidx.compose.runtime.Recomposer.composeInitial$runtime(Recomposer.kt:1178)
	at androidx.compose.runtime.CompositionImpl.composeInitial(Composition.kt:735)
	at androidx.compose.runtime.CompositionImpl.setContent(Composition.kt:702)
	at androidx.compose.ui.platform.Wrapper_skikoKt.setContent(Wrapper.skiko.kt:38)
	at androidx.compose.ui.scene.CanvasLayersComposeSceneImpl.createComposition(CanvasLayersComposeScene.skiko.kt:240)
	at androidx.compose.ui.scene.BaseComposeScene.setContent(BaseComposeScene.skiko.kt:140)
	at androidx.compose.ui.scene.ComposeScene.setContent$default(ComposeScene.skiko.kt:182)
	at androidx.compose.ui.ImageComposeScene.setContent(ImageComposeScene.skiko.kt:263)
	at com.bilipai.desktop.ui.DesktopOriginalMessagePagesUiFixtureKt$main$1.invokeSuspend(DesktopOriginalMessagePagesUiFixture.kt:52)
	at kotlin.coroutines.jvm.internal.BaseContinuationImpl.resumeWith(ContinuationImpl.kt:34)
	at kotlinx.coroutines.DispatchedTask.run(DispatchedTask.kt:100)
	at kotlinx.coroutines.EventLoopImplBase.processNextEvent(EventLoop.common.kt:263)
	at kotlinx.coroutines.BlockingCoroutine.joinBlocking(Builders.kt:94)
	at kotlinx.coroutines.BuildersKt__BuildersKt.runBlocking(Builders.kt:70)
	at kotlinx.coroutines.BuildersKt.runBlocking(Unknown Source)
	at kotlinx.coroutines.BuildersKt__BuildersKt.runBlocking$default(Builders.kt:48)
	at kotlinx.coroutines.BuildersKt.runBlocking$default(Unknown Source)
	at com.bilipai.desktop.ui.DesktopOriginalMessagePagesUiFixtureKt.main(DesktopOriginalMessagePagesUiFixture.kt:44)
