java.lang.IllegalStateException: Original video Assembly is not published
	at com.bilipai.desktop.ui.DesktopOriginalVideoRootAssembler.assembly(DesktopOriginalVideoRootAssembler.kt:86)
	at com.bilipai.desktop.ui.DesktopOriginalVideoRootAssembler.createEntry$lambda$9(DesktopOriginalVideoRootAssembler.kt:150)
	at com.android.purebilibili.feature.video.usecase.VideoPlaybackUseCase.attachPlayer(DesktopOriginalVideoPlaybackUseCase.kt:140)
	at com.android.purebilibili.feature.video.viewmodel.VideoPlaybackViewModel.attachPlayer(VideoPlaybackViewModel.kt:1782)
	at com.bilipai.desktop.ui.DesktopOriginalVideoOwnerAssembly$Companion.create(DesktopOriginalVideoOwnerAssembly.kt:234)
	at com.bilipai.desktop.ui.DesktopOriginalVideoRootFactory.create(DesktopOriginalVideoRootFactory.kt:75)
	at com.bilipai.desktop.ui.DesktopOriginalVideoShellOwner$install$2.invoke(DesktopOriginalVideoShellOwner.kt:97)
	at com.bilipai.desktop.ui.DesktopOriginalVideoShellOwner$install$2.invoke(DesktopOriginalVideoShellOwner.kt:97)
	at com.bilipai.desktop.ui.DesktopOriginalVideoRootOwnerSlot.requireAssembly(DesktopOriginalVideoRootOwnerSlot.kt:82)
	at com.bilipai.desktop.rootidlefixture.RootIdleFixture$exercise$owner$1.invokeSuspend(RootIdleFixture.kt:186)
	at kotlin.coroutines.jvm.internal.BaseContinuationImpl.resumeWith(ContinuationImpl.kt:34)
	at kotlinx.coroutines.DispatchedTask.run(DispatchedTask.kt:100)
	at java.desktop/java.awt.event.InvocationEvent.dispatch(InvocationEvent.java:318)
	at java.desktop/java.awt.EventQueue.dispatchEventImpl(EventQueue.java:773)
	at java.desktop/java.awt.EventQueue$4.run(EventQueue.java:720)
	at java.desktop/java.awt.EventQueue$4.run(EventQueue.java:714)
	at java.base/java.security.AccessController.doPrivileged(AccessController.java:400)
	at java.base/java.security.ProtectionDomain$JavaSecurityAccessImpl.doIntersectionPrivilege(ProtectionDomain.java:87)
	at java.desktop/java.awt.EventQueue.dispatchEvent(EventQueue.java:742)
	at java.desktop/java.awt.EventDispatchThread.pumpOneEventForFilters(EventDispatchThread.java:203)
	at java.desktop/java.awt.EventDispatchThread.pumpEventsForFilter(EventDispatchThread.java:124)
	at java.desktop/java.awt.EventDispatchThread.pumpEventsForHierarchy(EventDispatchThread.java:113)
	at java.desktop/java.awt.EventDispatchThread.pumpEvents(EventDispatchThread.java:109)
	at java.desktop/java.awt.EventDispatchThread.pumpEvents(EventDispatchThread.java:101)
	at java.desktop/java.awt.EventDispatchThread.run(EventDispatchThread.java:90)
