PASS failureThenValidRestoreDoesNotReuseAStaleCommitFlag()
PASS successfulLocalRestoreInvokesExitOnceAfterBothFilesCommit()
PASS localCommitStillCompletesExitWhenBeforeRestoreDisposesInitiatingPage()
PASS cancellationBeforeStartingRestoreDoesNotReadNetworkOrExit()
PASS failedQuiescenceIsNotACommitAndDoesNotExecuteExit()
PASS secondConcurrentRestoreDoesNotExitBeforeTheAcceptedOperationCommits()
PASS replacementFailureRollsBackEarlierFileAndNeverSignalsSuccessfulExit()
PASS commitCallbackFiresBeforeOriginalWebDavWithContextLosesReturn()
PASS cancellationDuringRealDownloadPreventsRetirementAndReplacement()
PASS realDownloadFailureDoesNotInvokeCommitOrExit()
PASS invalidArchiveNeverRetiresPageReplacesFilesOrExits()
PASS archiveSuccessCallbackIsNotCalledAfterValidationOrRollbackFailure()
PASS realWebDavCommitStillCompletesExitWhenBeforeRestoreDisposesPage()
PASS an empty settings directory does not upload an empty backup()
PASS case aliases cannot overwrite one Windows path twice()
PASS round trip restores global account and JSON plugin settings while excluding credentials and media()
PASS restore quiesces old settings writers only after the entire backup is valid()
PASS Android protobuf backup is identified as incompatible before writes()
PASS checksum failure validates every entry before replacing earlier valid files()
PASS archive traversal and protected credential entries are rejected()
PASS same origin download excludes userinfo and alternate ports hosts or schemes()
PASS a later filesystem failure rolls back prior replacements()
PASS scheduled backup uses original daily cadence and persists success across process instances()
PASS Windows protects WebDAV password while retaining original normalized settings()
PASS original WebDAV protocol creates directories uploads lists and restores a real ZIP()
PASS failed scheduling does not silently enable automatic backup()
PASS daily backup uses original flex window across a 23 hour daylight saving day()
PASS WebDAV unauthorized result never creates or uploads a backup()
