PASS whole original signed paged protocol consumes exact pn/ps/viewed/key/asc/split/location and WBI
PASS whole original continuation appends and deduplicates by real aid
PASS required force refresh uses same existing WBI cache and owned nav graph
Error was captured in composition.
java.lang.IllegalStateException: Required value was null.
	at com.android.purebilibili.core.ui.skeleton.DesktopOriginalReplySkeletonBreathingKt.rememberSkeletonBreathingEnabled(DesktopOriginalReplySkeletonBreathing.kt:21)
	at com.android.purebilibili.core.ui.skeleton.DesktopOriginalReplyLoadingSkeletonsKt.rememberContentSkeletonPulse(DesktopOriginalReplyLoadingSkeletons.kt:20)
	at com.android.purebilibili.feature.watchlater.WatchLaterScreenKt.WatchLaterScreen$lambda$58$0$0(WatchLaterScreen.kt:1127)
	at androidx.compose.runtime.internal.ComposableLambdaImpl.invoke(ComposableLambda.kt:131)
	at androidx.compose.runtime.internal.ComposableLambdaImpl.invoke(ComposableLambda.kt:52)
	at androidx.compose.foundation.layout.BoxWithConstraintsKt.BoxWithConstraints$lambda$0$0$0(BoxWithConstraints.kt:67)
	at androidx.compose.runtime.internal.ComposableLambdaImpl.invoke(ComposableLambda.kt:122)
	at androidx.compose.runtime.internal.ComposableLambdaImpl.invoke(ComposableLambda.kt:52)
	at androidx.compose.ui.layout.LayoutNodeSubcompositionsState.subcompose$lambda$5$0$0(SubcomposeLayout.kt:1769)
	at androidx.compose.runtime.internal.ComposableLambdaImpl.invoke(ComposableLambda.kt:122)
	at androidx.compose.runtime.internal.ComposableLambdaImpl.invoke(ComposableLambda.kt:52)
	at androidx.compose.runtime.internal.Expect_jvmKt.invokeComposable(Expect.jvmAndAndroid.kt:26)
	at androidx.compose.runtime.GapComposer.doCompose-aFTiNEg(GapComposer.kt:2643)
	at androidx.compose.runtime.GapComposer.composeContent--ZbOJvo$runtime(GapComposer.kt:2545)
	at androidx.compose.runtime.CompositionImpl.composeContent(Composition.kt:905)
	at androidx.compose.runtime.Recomposer.composeInitial$runtime(Recomposer.kt:1178)
	at androidx.compose.runtime.GapComposer$CompositionContextImpl.composeInitial$runtime(GapComposer.kt:2987)
	at androidx.compose.runtime.GapComposer$CompositionContextImpl.composeInitial$runtime(GapComposer.kt:2987)
	at androidx.compose.runtime.GapComposer$CompositionContextImpl.composeInitial$runtime(GapComposer.kt:2987)
	at androidx.compose.runtime.CompositionImpl.composeInitial(Composition.kt:735)
	at androidx.compose.runtime.CompositionImpl.setContent(Composition.kt:702)
	at androidx.compose.ui.layout.LayoutNodeSubcompositionsState.subcompose(SubcomposeLayout.kt:721)
	at androidx.compose.ui.layout.LayoutNodeSubcompositionsState.subcompose(SubcomposeLayout.kt:658)
	at androidx.compose.ui.layout.LayoutNodeSubcompositionsState.subcompose(SubcomposeLayout.kt:624)
	at androidx.compose.ui.layout.LayoutNodeSubcompositionsState$Scope.subcompose(SubcomposeLayout.kt:1353)
	at androidx.compose.foundation.layout.BoxWithConstraintsKt.BoxWithConstraints$lambda$0$0(BoxWithConstraints.kt:67)
	at androidx.compose.ui.layout.LayoutNodeSubcompositionsState$createMeasurePolicy$1.measure-3p2s80s(SubcomposeLayout.kt:955)
	at androidx.compose.ui.node.InnerNodeCoordinator.measure-BRTryo0(InnerNodeCoordinator.kt:130)
	at androidx.compose.foundation.layout.FillNode.measure-3p2s80s(Size.kt:721)
	at androidx.compose.ui.node.LayoutModifierNodeCoordinator.measure-BRTryo0(LayoutModifierNodeCoordinator.kt:190)
	at androidx.compose.ui.node.MeasurePassDelegate.performMeasureBlock$lambda$0(MeasurePassDelegate.kt:174)
	at androidx.compose.runtime.snapshots.SnapshotStateObserver.observeReads(SnapshotStateObserver.kt:730)
	at androidx.compose.ui.node.MeasurePassDelegate.remeasure-BRTryo0(MeasurePassDelegate.kt:1087)
	at androidx.compose.ui.node.MeasurePassDelegate.measure-BRTryo0(MeasurePassDelegate.kt:484)
	at androidx.compose.foundation.layout.BoxMeasurePolicy.measure-3p2s80s(Box.kt:145)
	at androidx.compose.ui.node.InnerNodeCoordinator.measure-BRTryo0(InnerNodeCoordinator.kt:130)
	at androidx.compose.foundation.layout.FillNode.measure-3p2s80s(Size.kt:721)
	at androidx.compose.ui.node.LayoutModifierNodeCoordinator.measure-BRTryo0(LayoutModifierNodeCoordinator.kt:190)
	at androidx.compose.ui.node.MeasurePassDelegate.performMeasureBlock$lambda$0(MeasurePassDelegate.kt:174)
	at androidx.compose.runtime.snapshots.SnapshotStateObserver.observeReads(SnapshotStateObserver.kt:759)
	at androidx.compose.ui.node.MeasurePassDelegate.remeasure-BRTryo0(MeasurePassDelegate.kt:1087)
	at androidx.compose.ui.node.LayoutNode.remeasure-_Sx5XlM$ui(LayoutNode.kt:1288)
	at androidx.compose.ui.node.LayoutNode.remeasure-_Sx5XlM$ui$default(LayoutNode.kt:1281)
	at androidx.compose.ui.node.MeasureAndLayoutDelegate.doRemeasure-sdFAvZA(MeasureAndLayoutDelegate.kt:385)
	at androidx.compose.ui.node.MeasureAndLayoutDelegate.remeasureIfNeeded(MeasureAndLayoutDelegate.kt:674)
	at androidx.compose.ui.node.MeasureAndLayoutDelegate.access$remeasureIfNeeded(MeasureAndLayoutDelegate.kt:46)
	at androidx.compose.ui.node.MeasureAndLayoutDelegate.measureAndLayout(MeasureAndLayoutDelegate.kt:411)
	at androidx.compose.ui.node.RootNodeOwner$OwnerImpl.measureAndLayout(RootNodeOwner.skiko.kt:596)
	at androidx.compose.ui.node.RootNodeOwner.measureAndLayout(RootNodeOwner.skiko.kt:247)
	at androidx.compose.ui.scene.CanvasLayersComposeSceneImpl.doMeasureAndLayout(CanvasLayersComposeScene.skiko.kt:299)
	at androidx.compose.ui.scene.BaseComposeScene.measureAndLayout(BaseComposeScene.skiko.kt:159)
	at androidx.compose.ui.ImageComposeScene.render(ImageComposeScene.skiko.kt:290)
	at com.bilipai.desktop.ui.WatchLaterFixtureKt.render$frame(WatchLaterFixture.kt:119)
	at com.bilipai.desktop.ui.WatchLaterFixtureKt.access$render$frame(WatchLaterFixture.kt:1)
	at com.bilipai.desktop.ui.WatchLaterFixtureKt$render$ready$2.invokeSuspend(WatchLaterFixture.kt:120)
	at com.bilipai.desktop.ui.WatchLaterFixtureKt$render$ready$2.invoke(WatchLaterFixture.kt)
	at com.bilipai.desktop.ui.WatchLaterFixtureKt$render$ready$2.invoke(WatchLaterFixture.kt)
	at kotlinx.coroutines.intrinsics.UndispatchedKt.startUndspatched(Undispatched.kt:66)
	at kotlinx.coroutines.intrinsics.UndispatchedKt.startUndispatchedOrReturnIgnoreTimeout(Undispatched.kt:50)
	at kotlinx.coroutines.TimeoutKt.setupTimeout(Timeout.kt:149)
	at kotlinx.coroutines.TimeoutKt.withTimeout(Timeout.kt:44)
	at com.bilipai.desktop.ui.WatchLaterFixtureKt.render$ready(WatchLaterFixture.kt:120)
	at com.bilipai.desktop.ui.WatchLaterFixtureKt.render(WatchLaterFixture.kt:136)
	at com.bilipai.desktop.ui.WatchLaterFixtureKt.access$render(WatchLaterFixture.kt:1)
	at com.bilipai.desktop.ui.WatchLaterFixtureKt$render$1.invokeSuspend(WatchLaterFixture.kt)
	at kotlin.coroutines.jvm.internal.BaseContinuationImpl.resumeWith(ContinuationImpl.kt:34)
	at kotlinx.coroutines.DispatchedTaskKt.resume(DispatchedTask.kt:233)
	at kotlinx.coroutines.DispatchedTaskKt.dispatch(DispatchedTask.kt:152)
	at kotlinx.coroutines.CancellableContinuationImpl.dispatchResume(CancellableContinuationImpl.kt:470)
	at kotlinx.coroutines.CancellableContinuationImpl.resumeImpl$kotlinx_coroutines_core(CancellableContinuationImpl.kt:504)
	at kotlinx.coroutines.CancellableContinuationImpl.resumeImpl$kotlinx_coroutines_core$default(CancellableContinuationImpl.kt:493)
	at kotlinx.coroutines.CancellableContinuationImpl.resumeUndispatched(CancellableContinuationImpl.kt:596)
	at kotlinx.coroutines.swing.SwingDispatcher.scheduleResumeAfterDelay$lambda$1(SwingDispatcher.kt:28)
	at java.desktop/javax.swing.Timer.fireActionPerformed(Timer.java:311)
	at java.desktop/javax.swing.Timer$DoPostEvent.run(Timer.java:243)
	at java.desktop/java.awt.event.InvocationEvent.dispatch(InvocationEvent.java:318)
	at java.desktop/java.awt.EventQueue.dispatchEventImpl(EventQueue.java:773)
	at java.desktop/java.awt.EventQueue$4.run(EventQueue.java:720)
	at java.desktop/java.awt.EventQueue$4.run(EventQueue.java:714)
	at java.base/java.security.AccessController.doPrivileged(AccessController.java:400)
	at java.base/java.security.ProtectionDomain$JavaSecurityAccessImpl.doIntersectionPrivilege(ProtectionDomain.java:87)
	at java.desktop/java.awt.EventQueue.dispatchEvent(EventQueue.java:742)
	at java.desktop/java.awt.EventDispatchThread.pumpOneEventForFilters(EventDispatchThread.java:203)
	at java.desktop/java.awt.EventDispatchThread.pumpEventsForFilter(EventDispatchThread.java:124)
	at java.desktop/java.awt.EventDispatchThread.pumpEventsForHierarchy(EventDispatchThread.java:113)
	at java.desktop/java.awt.EventDispatchThread.pumpEvents(EventDispatchThread.java:109)
	at java.desktop/java.awt.EventDispatchThread.pumpEvents(EventDispatchThread.java:101)
	at java.desktop/java.awt.EventDispatchThread.run(EventDispatchThread.java:90)
Exception in thread "main" java.lang.IllegalStateException: Required value was null.
	at com.android.purebilibili.core.ui.skeleton.DesktopOriginalReplySkeletonBreathingKt.rememberSkeletonBreathingEnabled(DesktopOriginalReplySkeletonBreathing.kt:21)
	at com.android.purebilibili.core.ui.skeleton.DesktopOriginalReplyLoadingSkeletonsKt.rememberContentSkeletonPulse(DesktopOriginalReplyLoadingSkeletons.kt:20)
	at com.android.purebilibili.feature.watchlater.WatchLaterScreenKt.WatchLaterScreen$lambda$58$0$0(WatchLaterScreen.kt:1127)
	at androidx.compose.runtime.internal.ComposableLambdaImpl.invoke(ComposableLambda.kt:131)
	at androidx.compose.runtime.internal.ComposableLambdaImpl.invoke(ComposableLambda.kt:52)
	at androidx.compose.foundation.layout.BoxWithConstraintsKt.BoxWithConstraints$lambda$0$0$0(BoxWithConstraints.kt:67)
	at androidx.compose.runtime.internal.ComposableLambdaImpl.invoke(ComposableLambda.kt:122)
	at androidx.compose.runtime.internal.ComposableLambdaImpl.invoke(ComposableLambda.kt:52)
	at androidx.compose.ui.layout.LayoutNodeSubcompositionsState.subcompose$lambda$5$0$0(SubcomposeLayout.kt:1769)
	at androidx.compose.runtime.internal.ComposableLambdaImpl.invoke(ComposableLambda.kt:122)
	at androidx.compose.runtime.internal.ComposableLambdaImpl.invoke(ComposableLambda.kt:52)
	at androidx.compose.runtime.internal.Expect_jvmKt.invokeComposable(Expect.jvmAndAndroid.kt:26)
	at androidx.compose.runtime.GapComposer.doCompose-aFTiNEg(GapComposer.kt:2643)
	at androidx.compose.runtime.GapComposer.composeContent--ZbOJvo$runtime(GapComposer.kt:2545)
	at androidx.compose.runtime.CompositionImpl.composeContent(Composition.kt:905)
	at androidx.compose.runtime.Recomposer.composeInitial$runtime(Recomposer.kt:1178)
	at androidx.compose.runtime.GapComposer$CompositionContextImpl.composeInitial$runtime(GapComposer.kt:2987)
	at androidx.compose.runtime.GapComposer$CompositionContextImpl.composeInitial$runtime(GapComposer.kt:2987)
	at androidx.compose.runtime.GapComposer$CompositionContextImpl.composeInitial$runtime(GapComposer.kt:2987)
	at androidx.compose.runtime.CompositionImpl.composeInitial(Composition.kt:735)
	at androidx.compose.runtime.CompositionImpl.setContent(Composition.kt:702)
	at androidx.compose.ui.layout.LayoutNodeSubcompositionsState.subcompose(SubcomposeLayout.kt:721)
	at androidx.compose.ui.layout.LayoutNodeSubcompositionsState.subcompose(SubcomposeLayout.kt:658)
	at androidx.compose.ui.layout.LayoutNodeSubcompositionsState.subcompose(SubcomposeLayout.kt:624)
	at androidx.compose.ui.layout.LayoutNodeSubcompositionsState$Scope.subcompose(SubcomposeLayout.kt:1353)
	at androidx.compose.foundation.layout.BoxWithConstraintsKt.BoxWithConstraints$lambda$0$0(BoxWithConstraints.kt:67)
	at androidx.compose.ui.layout.LayoutNodeSubcompositionsState$createMeasurePolicy$1.measure-3p2s80s(SubcomposeLayout.kt:955)
	at androidx.compose.ui.node.InnerNodeCoordinator.measure-BRTryo0(InnerNodeCoordinator.kt:130)
	at androidx.compose.foundation.layout.FillNode.measure-3p2s80s(Size.kt:721)
	at androidx.compose.ui.node.LayoutModifierNodeCoordinator.measure-BRTryo0(LayoutModifierNodeCoordinator.kt:190)
	at androidx.compose.ui.node.MeasurePassDelegate.performMeasureBlock$lambda$0(MeasurePassDelegate.kt:174)
	at androidx.compose.runtime.snapshots.SnapshotStateObserver.observeReads(SnapshotStateObserver.kt:730)
	at androidx.compose.ui.node.MeasurePassDelegate.remeasure-BRTryo0(MeasurePassDelegate.kt:1087)
	at androidx.compose.ui.node.MeasurePassDelegate.measure-BRTryo0(MeasurePassDelegate.kt:484)
	at androidx.compose.foundation.layout.BoxMeasurePolicy.measure-3p2s80s(Box.kt:145)
	at androidx.compose.ui.node.InnerNodeCoordinator.measure-BRTryo0(InnerNodeCoordinator.kt:130)
	at androidx.compose.foundation.layout.FillNode.measure-3p2s80s(Size.kt:721)
	at androidx.compose.ui.node.LayoutModifierNodeCoordinator.measure-BRTryo0(LayoutModifierNodeCoordinator.kt:190)
	at androidx.compose.ui.node.MeasurePassDelegate.performMeasureBlock$lambda$0(MeasurePassDelegate.kt:174)
	at androidx.compose.runtime.snapshots.SnapshotStateObserver.observeReads(SnapshotStateObserver.kt:759)
	at androidx.compose.ui.node.MeasurePassDelegate.remeasure-BRTryo0(MeasurePassDelegate.kt:1087)
	at androidx.compose.ui.node.LayoutNode.remeasure-_Sx5XlM$ui(LayoutNode.kt:1288)
	at androidx.compose.ui.node.LayoutNode.remeasure-_Sx5XlM$ui$default(LayoutNode.kt:1281)
	at androidx.compose.ui.node.MeasureAndLayoutDelegate.doRemeasure-sdFAvZA(MeasureAndLayoutDelegate.kt:385)
	at androidx.compose.ui.node.MeasureAndLayoutDelegate.remeasureIfNeeded(MeasureAndLayoutDelegate.kt:674)
	at androidx.compose.ui.node.MeasureAndLayoutDelegate.access$remeasureIfNeeded(MeasureAndLayoutDelegate.kt:46)
	at androidx.compose.ui.node.MeasureAndLayoutDelegate.measureAndLayout(MeasureAndLayoutDelegate.kt:411)
	at androidx.compose.ui.node.RootNodeOwner$OwnerImpl.measureAndLayout(RootNodeOwner.skiko.kt:596)
	at androidx.compose.ui.node.RootNodeOwner.measureAndLayout(RootNodeOwner.skiko.kt:247)
	at androidx.compose.ui.scene.CanvasLayersComposeSceneImpl.doMeasureAndLayout(CanvasLayersComposeScene.skiko.kt:299)
	at androidx.compose.ui.scene.BaseComposeScene.measureAndLayout(BaseComposeScene.skiko.kt:159)
	at androidx.compose.ui.ImageComposeScene.render(ImageComposeScene.skiko.kt:290)
	at com.bilipai.desktop.ui.WatchLaterFixtureKt.render$frame(WatchLaterFixture.kt:119)
	at com.bilipai.desktop.ui.WatchLaterFixtureKt.access$render$frame(WatchLaterFixture.kt:1)
	at com.bilipai.desktop.ui.WatchLaterFixtureKt$render$ready$2.invokeSuspend(WatchLaterFixture.kt:120)
	at com.bilipai.desktop.ui.WatchLaterFixtureKt$render$ready$2.invoke(WatchLaterFixture.kt)
	at com.bilipai.desktop.ui.WatchLaterFixtureKt$render$ready$2.invoke(WatchLaterFixture.kt)
	at kotlinx.coroutines.intrinsics.UndispatchedKt.startUndspatched(Undispatched.kt:66)
	at kotlinx.coroutines.intrinsics.UndispatchedKt.startUndispatchedOrReturnIgnoreTimeout(Undispatched.kt:50)
	at kotlinx.coroutines.TimeoutKt.setupTimeout(Timeout.kt:149)
	at kotlinx.coroutines.TimeoutKt.withTimeout(Timeout.kt:44)
	at com.bilipai.desktop.ui.WatchLaterFixtureKt.render$ready(WatchLaterFixture.kt:120)
	at com.bilipai.desktop.ui.WatchLaterFixtureKt.render(WatchLaterFixture.kt:136)
	at com.bilipai.desktop.ui.WatchLaterFixtureKt.access$render(WatchLaterFixture.kt:1)
	at com.bilipai.desktop.ui.WatchLaterFixtureKt$render$1.invokeSuspend(WatchLaterFixture.kt)
	at kotlin.coroutines.jvm.internal.BaseContinuationImpl.resumeWith(ContinuationImpl.kt:34)
	at kotlinx.coroutines.DispatchedTaskKt.resume(DispatchedTask.kt:233)
	at kotlinx.coroutines.DispatchedTaskKt.dispatch(DispatchedTask.kt:152)
	at kotlinx.coroutines.CancellableContinuationImpl.dispatchResume(CancellableContinuationImpl.kt:470)
	at kotlinx.coroutines.CancellableContinuationImpl.resumeImpl$kotlinx_coroutines_core(CancellableContinuationImpl.kt:504)
	at kotlinx.coroutines.CancellableContinuationImpl.resumeImpl$kotlinx_coroutines_core$default(CancellableContinuationImpl.kt:493)
	at kotlinx.coroutines.CancellableContinuationImpl.resumeUndispatched(CancellableContinuationImpl.kt:596)
	at kotlinx.coroutines.swing.SwingDispatcher.scheduleResumeAfterDelay$lambda$1(SwingDispatcher.kt:28)
	at java.desktop/javax.swing.Timer.fireActionPerformed(Timer.java:311)
	at java.desktop/javax.swing.Timer$DoPostEvent.run(Timer.java:243)
	at java.desktop/java.awt.event.InvocationEvent.dispatch(InvocationEvent.java:318)
	at java.desktop/java.awt.EventQueue.dispatchEventImpl(EventQueue.java:773)
	at java.desktop/java.awt.EventQueue$4.run(EventQueue.java:720)
	at java.desktop/java.awt.EventQueue$4.run(EventQueue.java:714)
	at java.base/java.security.AccessController.doPrivileged(AccessController.java:400)
	at java.base/java.security.ProtectionDomain$JavaSecurityAccessImpl.doIntersectionPrivilege(ProtectionDomain.java:87)
	at java.desktop/java.awt.EventQueue.dispatchEvent(EventQueue.java:742)
	at java.desktop/java.awt.EventDispatchThread.pumpOneEventForFilters(EventDispatchThread.java:203)
	at java.desktop/java.awt.EventDispatchThread.pumpEventsForFilter(EventDispatchThread.java:124)
	at java.desktop/java.awt.EventDispatchThread.pumpEventsForHierarchy(EventDispatchThread.java:113)
	at java.desktop/java.awt.EventDispatchThread.pumpEvents(EventDispatchThread.java:109)
	at java.desktop/java.awt.EventDispatchThread.pumpEvents(EventDispatchThread.java:101)
	at java.desktop/java.awt.EventDispatchThread.run(EventDispatchThread.java:90)
