desktop\.local\stable-playback-account-protocol-parity\runs\compile-02\source-inputs\prepared\desktop\src\main\kotlin\com\bilipai\desktop\data\DesktopPlaybackAuthorization.kt:6:48: warning: non-public primary constructor is exposed via the generated 'copy()' method of the 'data' class.

The generated 'copy()' will change its visibility in future releases.

To suppress the warning do one of the following:
- Annotate the data class with the '@ConsistentCopyVisibility' annotation.
- Use the '-Xconsistent-data-class-copy-visibility' compiler flag.
- Annotate the data class with the '@ExposedCopyVisibility' annotation 
  (Discouraged, but can be used to keep binary compatibility).

To learn more, see the documentation of the '@ConsistentCopyVisibility' and '@ExposedCopyVisibility' annotations.

This will become an error in language version 2.5. See https://youtrack.jetbrains.com/issue/KT-11914.
data class DesktopPlaybackAuthorizationReceipt internal constructor(val accountEpoch: Long, val revision: Long)
                                               ^^^^^^^^
desktop\.local\stable-playback-account-protocol-parity\runs\compile-02\source-inputs\prepared\desktop\src\main\kotlin\com\bilipai\desktop\data\DesktopPlaybackAuthorization.kt:25:57: warning: the corresponding parameter in the supertype 'CookieJar' is named 'cookies'. This may cause problems when calling this function with named arguments.
    override fun saveFromResponse(url: okhttp3.HttpUrl, responseCookies: List<okhttp3.Cookie>) {
                                                        ^^^^^^^^^^^^^^^
desktop\.local\stable-playback-account-protocol-parity\runs\compile-02\source-inputs\proof-only\desktop\src\main\kotlin\com\bilipai\desktop\data\DesktopMediaRepository.kt:425:148: warning: unnecessary safe call on a non-null receiver of type 'DashVideo'.
                if (url != null) return PlaybackSource(url, dash.getBestAudio()?.getValidUrl()?.let(::playableUrl), title, referer, quality = video?.id ?: quality)
                                                                                                                                                   ^^
desktop\.local\stable-playback-account-protocol-parity\runs\compile-02\source-inputs\proof-only\desktop\src\main\kotlin\com\bilipai\desktop\data\DesktopRepository.kt:603:32: warning: unnecessary safe call on a non-null receiver of type 'DashVideo'.
                quality = video?.id ?: quality, availableQualities = qualities,
                               ^^
desktop\.local\stable-playback-account-protocol-parity\runs\compile-02\source-inputs\proof-only\desktop\src\main\kotlin\com\bilipai\desktop\data\DesktopRepository.kt:604:42: warning: unnecessary safe call on a non-null receiver of type 'DashVideo'.
                videoAlternatives = video?.backupUrl.orEmpty().filter(String::isNotBlank).map(::normalizeUrl),
                                         ^^
