Exception in thread "main" java.lang.IllegalStateException: Original first request retains independent business and locator
	at com.bilipai.desktop.ui.CommentDetailProofKt.verify(CommentDetailProof.kt:13)
	at com.bilipai.desktop.ui.CommentDetailProofKt.vmProof(CommentDetailProof.kt:95)
	at com.bilipai.desktop.ui.CommentDetailProofKt.access$vmProof(CommentDetailProof.kt:1)
	at com.bilipai.desktop.ui.CommentDetailProofKt$main$1$1.invokeSuspend(CommentDetailProof.kt:145)
	at com.bilipai.desktop.ui.CommentDetailProofKt$main$1$1.invoke(CommentDetailProof.kt)
	at com.bilipai.desktop.ui.CommentDetailProofKt$main$1$1.invoke(CommentDetailProof.kt)
	at kotlinx.coroutines.intrinsics.UndispatchedKt.startUndspatched(Undispatched.kt:66)
	at kotlinx.coroutines.intrinsics.UndispatchedKt.startUndispatchedOrReturnIgnoreTimeout(Undispatched.kt:50)
	at kotlinx.coroutines.TimeoutKt.setupTimeout(Timeout.kt:149)
	at kotlinx.coroutines.TimeoutKt.withTimeout(Timeout.kt:44)
	at com.bilipai.desktop.ui.CommentDetailProofKt$main$1.invokeSuspend(CommentDetailProof.kt:145)
	at kotlin.coroutines.jvm.internal.BaseContinuationImpl.resumeWith(ContinuationImpl.kt:34)
	at kotlinx.coroutines.DispatchedTask.run(DispatchedTask.kt:100)
	at kotlinx.coroutines.EventLoopImplBase.processNextEvent(EventLoop.common.kt:263)
	at kotlinx.coroutines.BlockingCoroutine.joinBlocking(Builders.kt:94)
	at kotlinx.coroutines.BuildersKt__BuildersKt.runBlocking(Builders.kt:70)
	at kotlinx.coroutines.BuildersKt.runBlocking(Unknown Source)
	at kotlinx.coroutines.BuildersKt__BuildersKt.runBlocking$default(Builders.kt:48)
	at kotlinx.coroutines.BuildersKt.runBlocking$default(Unknown Source)
	at com.bilipai.desktop.ui.CommentDetailProofKt.main(CommentDetailProof.kt:144)
	at com.bilipai.desktop.ui.CommentDetailProofKt.main(CommentDetailProof.kt)
