Exception in thread "AWT-EventQueue-0" java.lang.NoSuchMethodError: 'com.bilipai.desktop.player.PlaybackSource com.bilipai.desktop.player.PlaybackSource.copy$default(com.bilipai.desktop.player.PlaybackSource, java.lang.String, java.lang.String, java.lang.String, java.lang.String, java.lang.String, java.lang.String, double, boolean, java.util.List, java.util.Map, int, java.lang.Object)'
	at com.bilipai.desktop.player.PlaybackStreamHeadersKt.immutableSnapshot(PlaybackStreamHeaders.kt:27)
	at com.bilipai.desktop.player.MpvPlayer.load(MpvPlayer.kt:111)
	at com.bilipai.desktop.player.MpvPlayer.load(MpvPlayer.kt:83)
	at com.bilipai.desktop.player.MpvPlayer.loadVersioned(MpvPlayer.kt:98)
	at com.bilipai.desktop.DesktopPlaybackController$load$2.invokeSuspend$lambda$4(DesktopPlaybackController.kt:328)
	at com.bilipai.desktop.data.DesktopSessionStore.withPlaybackAuthorizationAdmission$com_bilipai_desktop_bilipai_windows(DesktopSessionStore.kt:83)
	at com.bilipai.desktop.data.DesktopRepository.withPlaybackReceiptAdmission$com_bilipai_desktop_bilipai_windows(DesktopRepository.kt:187)
	at com.bilipai.desktop.player.DesktopRepositoryPlaybackPublication.admit(DesktopPlaybackPublication.kt:34)
	at com.bilipai.desktop.DesktopPlaybackController$load$2.invokeSuspend(DesktopPlaybackController.kt:327)
	at com.bilipai.desktop.DesktopPlaybackController$load$2.invoke(DesktopPlaybackController.kt)
	at com.bilipai.desktop.DesktopPlaybackController$load$2.invoke(DesktopPlaybackController.kt)
	at kotlinx.coroutines.intrinsics.UndispatchedKt.startUndspatched(Undispatched.kt:66)
	at kotlinx.coroutines.intrinsics.UndispatchedKt.startUndispatchedOrReturn(Undispatched.kt:43)
	at kotlinx.coroutines.CoroutineScopeKt.coroutineScope(CoroutineScope.kt:286)
	at com.bilipai.desktop.DesktopPlaybackController.load(DesktopPlaybackController.kt:317)
	at com.bilipai.desktop.DesktopPlaybackController.access$load(DesktopPlaybackController.kt:57)
	at com.bilipai.desktop.DesktopPlaybackController$openQueueItem$2.invokeSuspend(DesktopPlaybackController.kt:293)
	at kotlin.coroutines.jvm.internal.BaseContinuationImpl.resumeWith(ContinuationImpl.kt:34)
	at kotlinx.coroutines.DispatchedTask.run(DispatchedTask.kt:100)
	at java.desktop/java.awt.event.InvocationEvent.dispatch(InvocationEvent.java:318)
	at java.desktop/java.awt.EventQueue.dispatchEventImpl(EventQueue.java:773)
	at java.desktop/java.awt.EventQueue$4.run(EventQueue.java:720)
	at java.desktop/java.awt.EventQueue$4.run(EventQueue.java:714)
	at java.base/java.security.AccessController.doPrivileged(AccessController.java:400)
	at java.base/java.security.ProtectionDomain$JavaSecurityAccessImpl.doIntersectionPrivilege(ProtectionDomain.java:87)
	at java.desktop/java.awt.EventQueue.dispatchEvent(EventQueue.java:742)
	at java.desktop/java.awt.EventDispatchThread.pumpOneEventForFilters(EventDispatchThread.java:203)
	at java.desktop/java.awt.EventDispatchThread.pumpEventsForFilter(EventDispatchThread.java:124)
	at java.desktop/java.awt.EventDispatchThread.pumpEventsForHierarchy(EventDispatchThread.java:113)
	at java.desktop/java.awt.EventDispatchThread.pumpEvents(EventDispatchThread.java:109)
	at java.desktop/java.awt.EventDispatchThread.pumpEvents(EventDispatchThread.java:101)
	at java.desktop/java.awt.EventDispatchThread.run(EventDispatchThread.java:90)
	Suppressed: kotlinx.coroutines.internal.DiagnosticCoroutineContextException: [StandaloneCoroutine{Cancelling}@2eb83c5c, Dispatchers.Main]
Exception in thread "main" kotlinx.coroutines.TimeoutCancellationException: Timed out waiting for 5000 ms
	at kotlinx.coroutines.TimeoutKt.TimeoutCancellationException(Timeout.kt:189)
	at kotlinx.coroutines.TimeoutCoroutine.run(Timeout.kt:157)
	at kotlinx.coroutines.EventLoopImplBase$DelayedRunnableTask.run(EventLoop.common.kt:505)
	at kotlinx.coroutines.EventLoopImplBase.processNextEvent(EventLoop.common.kt:263)
	at kotlinx.coroutines.DefaultExecutor.run(DefaultExecutor.kt:105)
	at java.base/java.lang.Thread.run(Thread.java:1583)
